?openmp_logging = false
?vis_history = false
?integration_timer = false
?pacify = true
SM.me =  0.0000000E+00
SM.mmu =  0.0000000E+00
$method = "omega"
| Process library 'circe1_2_lib': recorded process 'circe1_2_p1'
| Process library 'circe1_2_lib': recorded process 'circe1_2_p4'
seed = 0
| Process library 'circe1_2_lib': compiling ...
| Process library 'circe1_2_lib': writing makefile
| Process library 'circe1_2_lib': removing old files
| Process library 'circe1_2_lib': writing driver
| Process library 'circe1_2_lib': creating source code
| Process library 'circe1_2_lib': compiling sources
| Process library 'circe1_2_lib': linking
| Process library 'circe1_2_lib': loading
| Process library 'circe1_2_lib': ... success.
$phs_method = "wood"
$integration_method = "vamp"
sqrts =  5.0000000E+02
openmp_num_threads = 1
[user variable] n = 1000
| RNG: Initializing TAO random-number generator
| RNG: Setting seed for random-number generator to 0
| Initializing integration for process circe1_2_p1:
| ------------------------------------------------------------------------
| Process [scattering]: 'circe1_2_p1'
|   Library name  = 'circe1_2_lib'
|   Process index = 1
|   Process components:
|     1: 'circe1_2_p1_i1':   e-, e+ => mu-, mu+ [omega]
| ------------------------------------------------------------------------
| Beam structure: [any particles]
| Beam data (collision):
|   e-  (mass = 0.0000000E+00 GeV)
|   e+  (mass = 0.0000000E+00 GeV)
|   sqrts = 5.000000000000E+02 GeV
| Phase space: generating configuration ...
| Phase space: ... success.
| Phase space: writing configuration file 'circe1_2_p1_i1.phs'
| Phase space: 2 channels, 2 dimensions
| Phase space: found 2 channels, collected in 2 groves.
| Phase space: Using 2 equivalences between channels.
| Phase space: wood
Warning: No cuts have been defined.
| Starting integration for process 'circe1_2_p1'
| Integrate: iterations = 3:1000:"g", 3:1000
| Integrator: 2 chains, 2 channels, 2 dimensions
| Integrator: Using VAMP channel equivalences
| Integrator: 1000 initial calls, 20 bins, stratified = T
| Integrator: VAMP
|=============================================================================|
| It      Calls  Integral[fb]  Error[fb]   Err[%]    Acc  Eff[%]   Chi2 N[It] |
|=============================================================================|
   1        784   4.28382E+02   7.48E-01    0.17    0.05   40.64
   2        784   4.27353E+02   5.88E-01    0.14    0.04   71.60
   3        784   4.29024E+02   5.58E-01    0.13    0.04   54.34
|-----------------------------------------------------------------------------|
   3       2352   4.28267E+02   3.56E-01    0.08    0.04   54.34    2.14   3
|-----------------------------------------------------------------------------|
   4        784   4.28320E+02   5.68E-01    0.13    0.04   54.25
   5        784   4.28616E+02   5.51E-01    0.13    0.04   54.27
   6        784   4.28233E+02   5.68E-01    0.13    0.04   54.22
|-----------------------------------------------------------------------------|
   6       2352   4.28394E+02   3.25E-01    0.08    0.04   54.22    0.13   3
|=============================================================================|
$circe1_acc = "TESLA"
circe1_chat = 2
circe1_eps =  1.0000000E-05
?circe1_generate = false
circe1_mapping_slope =  2.0000000E+00
?sf_allow_s_mapping = true
?circe1_map = true
| RNG: Initializing TAO random-number generator
| RNG: Setting seed for random-number generator to 1
| Initializing integration for process circe1_2_p4:
| ------------------------------------------------------------------------
| Process [scattering]: 'circe1_2_p4'
|   Library name  = 'circe1_2_lib'
|   Process index = 2
|   Process components:
|     1: 'circe1_2_p4_i1':   e-, e+ => mu-, mu+ [omega]
| ------------------------------------------------------------------------
| Beam structure: e-, e+ => circe1
| Beam data (collision):
|   e-  (mass = 0.0000000E+00 GeV)
|   e+  (mass = 0.0000000E+00 GeV)
|   sqrts = 5.000000000000E+02 GeV
| Phase space: generating configuration ...
| Phase space: ... success.
| Phase space: writing configuration file 'circe1_2_p4_i1.phs'
| Phase space: 2 channels, 2 dimensions
| Phase space: found 2 channels, collected in 2 groves.
| Phase space: Using 2 equivalences between channels.
| Phase space: wood
| Beam structure: circe1
| Beam structure: 2 channels, 2 dimensions
Warning: No cuts have been defined.
| Starting integration for process 'circe1_2_p4'
| Integrate: iterations = 3:1000:"g", 3:1000
| Integrator: 2 chains, 2 channels, 4 dimensions
| Integrator: Using VAMP channel equivalences
| Integrator: 1000 initial calls, 20 bins, stratified = T
| Integrator: VAMP
|=============================================================================|
| It      Calls  Integral[fb]  Error[fb]   Err[%]    Acc  Eff[%]   Chi2 N[It] |
|=============================================================================|
   1       1000   5.26482E+02   5.88E+01   11.18    3.53    3.89
   2       1000   4.31313E+02   2.14E+01    4.97    1.57   13.40
   3       1000   4.59030E+02   1.90E+01    4.15    1.31   14.97
|-----------------------------------------------------------------------------|
   3       3000   4.51224E+02   1.38E+01    3.07    1.68   14.97    1.33   3
|-----------------------------------------------------------------------------|
   4       1000   4.31920E+02   1.79E+01    4.13    1.31   14.09
   5       1000   4.54279E+02   1.83E+01    4.03    1.27   14.81
   6       1000   4.39983E+02   1.72E+01    3.90    1.23   14.35
|-----------------------------------------------------------------------------|
   6       3000   4.41816E+02   1.02E+01    2.32    1.27   14.35    0.39   3
|=============================================================================|
| There were no errors and    2 warning(s).
| WHIZARD run finished.
|=============================================================================|
