* Test output: dispatch_7
*   Purpose: select and configure structure function data

 Initialized = F

* Allocate data as sf_pdf_builtin_t

 PDF builtin data:
   flavor       = f(2212)
   name         = CTEQ6L
   invert       = F
   has photon   = F
   mask         = T T T T T T * T * T T T T T T
   photon mask  = T

 Initialized = T

 PDG(out) =  -6 -5 -4 -3 -2 -1 0 1 2 3 4 5 6

* Reset and allocate data for different PDF set

 Initialized = F

 PDF builtin data:
   flavor       = f(2212)
   name         = CTEQ6M
   invert       = F
   has photon   = F
   mask         = T T T T T T * T * T T T T T T
   photon mask  = T

 Initialized = T

 PDG(out) =  -6 -5 -4 -3 -2 -1 0 1 2 3 4 5 6

* Test output end: dispatch_7
