?openmp_logging = true
?vis_history = false
?integration_timer = false
?pacify = true
?use_vamp_equivalences = false
?use_gosam_loops = true
?use_gosam_correlations = false
?use_gosam_real_trees = false
?alpha_s_is_fixed = false
?alpha_s_from_mz = true
?alpha_s_from_lambda_qcd = false
alpha_power = 2
alphas_power = 0
| Process library 'smtest_18_lib': recorded process 'nlo_tt'
seed = 2222
fks_dij_exp1 =  1.0000000E+00
fks_mapping_type = 1
sqrts =  5.0000000E+02
| Integrate: current process library needs compilation
| Process library 'smtest_18_lib': compiling ...
| Process library 'smtest_18_lib': writing makefile
| Process library 'smtest_18_lib': removing old files
| Process library 'smtest_18_lib': writing driver
| Process library 'smtest_18_lib': creating source code
| Process library 'smtest_18_lib': compiling sources
| Process library 'smtest_18_lib': linking
| Process library 'smtest_18_lib': loading
| Process library 'smtest_18_lib': ... success.
| Integrate: compilation done
| QCD alpha: using a running strong coupling
| RNG: Initializing TAO random-number generator
| RNG: Setting seed for random-number generator to 2222
| Initializing integration for process nlo_tt:
| command: test -d "Generated_Loops"
| ------------------------------------------------------------------------
| Process [scattering]: 'nlo_tt'
|   Library name  = 'smtest_18_lib'
|   Process index = 1
|   Process components:
|     1: 'nlo_tt_i1':   e+, e- => t, tbar [omega]
|     2: 'nlo_tt_i2':   e+, e- => t, tbar, gl [omega], [Real]
|     3: 'nlo_tt_i3':   e+, e- => t, tbar [gosam], [Virtual]
|     4: 'nlo_tt_i4':   e+, e- => t, tbar [omega], [Subtraction]
| ------------------------------------------------------------------------
| Beam structure: [any particles]
| Beam data (collision):
|   e+  (mass = 0.0000000E+00 GeV)
|   e-  (mass = 0.0000000E+00 GeV)
|   sqrts = 5.000000000000E+02 GeV
| Phase space: generating configuration ...
| Phase space: ... success.
| Phase space: writing configuration file 'nlo_tt_i1.phs'
| Phase space: 1 channels, 2 dimensions
| Phase space: found 1 channel, collected in 1 grove.
| Phase space: no equivalences between channels used.
| Phase space: wood
| Phase space: 1 channels, 5 dimensions
| Phase space: found 1 channel, collected in 1 grove.
| Phase space: no equivalences between channels used.
| Phase space: wood
| Phase space: generating configuration ...
| Phase space: ... success.
| Phase space: writing configuration file 'nlo_tt_i3.phs'
| Phase space: 1 channels, 2 dimensions
| Phase space: found 1 channel, collected in 1 grove.
| Phase space: no equivalences between channels used.
| Phase space: wood
| Phase space: generating configuration ...
| Phase space: ... success.
| Phase space: writing configuration file 'nlo_tt_i4.phs'
| Phase space: 1 channels, 2 dimensions
| Phase space: found 1 channel, collected in 1 grove.
| Phase space: no equivalences between channels used.
| Phase space: wood
Warning: No cuts have been defined.
| Starting integration for process 'nlo_tt' part 1
| Integrate: iterations = 2:2000:"gw"
| Integrator: 1 chains, 1 channels, 2 dimensions
| Integrator: 2000 initial calls, 20 bins, stratified = T
| Integrator: VAMP
|=============================================================================|
| It      Calls  Integral[fb]  Error[fb]   Err[%]    Acc  Eff[%]   Chi2 N[It] |
|=============================================================================|
   1       1568     5.448E+02   2.69E-01    0.05    0.02    48.6
   2       1568     5.449E+02   2.30E-01    0.04    0.02    72.3
|-----------------------------------------------------------------------------|
   2       3136     5.448E+02   1.75E-01    0.03    0.02    72.3    0.12   2
|=============================================================================|
| Starting integration for process 'nlo_tt' part 2
| Integrate: iterations = 2:2000:"gw"
| Integrator: 1 chains, 1 channels, 5 dimensions
| Integrator: 2000 initial calls, 20 bins, stratified = T
| Integrator: VAMP
|=============================================================================|
| It      Calls  Integral[fb]  Error[fb]   Err[%]    Acc  Eff[%]   Chi2 N[It] |
|=============================================================================|
   1       2000    -7.387E+01   1.44E+00    1.95    0.87   *****
   2       2000    -7.284E+01   4.50E-01    0.62    0.28   *****
|-----------------------------------------------------------------------------|
   2       4000    -7.293E+01   4.30E-01    0.59    0.37   *****    0.47   2
|=============================================================================|
| Starting integration for process 'nlo_tt' part 3
| Integrate: iterations = 2:2000:"gw"
| Integrator: 1 chains, 1 channels, 2 dimensions
| Integrator: 2000 initial calls, 20 bins, stratified = T
| Integrator: VAMP
|=============================================================================|
| It      Calls  Integral[fb]  Error[fb]   Err[%]    Acc  Eff[%]   Chi2 N[It] |
|=============================================================================|
   1       1568     1.429E+02   7.38E-02    0.05    0.02    46.4
   2       1568     1.429E+02   6.70E-02    0.05    0.02    69.9
|-----------------------------------------------------------------------------|
   2       3136     1.429E+02   4.96E-02    0.03    0.02    69.9    0.04   2
|=============================================================================|
| Integrate: sum of all components
|=============================================================================|
| It      Calls  Integral[fb]  Error[fb]   Err[%]    Acc  Eff[%]   Chi2 N[It] |
|=============================================================================|
   1          0  6.1478442E+02  4.67E-01    0.08    0.00*  64.18
| NLO Results: O(alpha_s+1)/O(alpha_s)
|=============================================================================|
| There were no errors and    1 warning(s).
| WHIZARD run finished.
|=============================================================================|
