Contents of mlm_pythia6_isr_a.debug:
Sum of incoming momenta: p(0:3) =          727.344        0.000        0.000     -722.192 
Sum of beam remnant momenta: p(0:3) =        0.000        0.000        0.000        0.000 
Sum of outgoing momenta: p(0:3) =         1960.000        0.000        0.000        0.001 
Sum of incoming momenta: p(0:3) =          727.344        0.000        0.000     -722.192 
Sum of beam remnant momenta: p(0:3) =        0.000        0.000        0.000        0.000 
Sum of outgoing momenta: p(0:3) =         1960.000        0.000        0.000        0.001 
Contents of mlm_pythia6_isr_b.debug:
Sum of incoming momenta: p(0:3) =          194.675        0.000        0.000     -159.939 
Sum of beam remnant momenta: p(0:3) =        0.000        0.000        0.000        0.000 
Sum of outgoing momenta: p(0:3) =         1960.000        0.000        0.000        0.000 
Sum of incoming momenta: p(0:3) =          194.675        0.000        0.000     -159.939 
Sum of beam remnant momenta: p(0:3) =        0.000        0.000        0.000        0.000 
Sum of outgoing momenta: p(0:3) =         1960.000        0.000        0.000        0.000 
