* Test output: object_base_6
*   Purpose: use prototype repository

* Create repository with tag prototype

object repo ||abstract|| (1) {
   M1: object tag ||abstract|| (1)
 }

* Create composite with member of type tag

tag obj1 ||abstract|| (1) {
   M1: tag foo ||abstract|| (1)
 }

 c= 100  vt= 2  nv= 1  att= 1 0 1 1 0 0
     obj1

* Repository state

object repo ||abstract|| (1) {
   M1: object tag ||abstract|| (3)
 }

* Create extension of object1

type(obj1) obj2 ||abstract|| (1) {
   M1: tag bar ||abstract|| (1)
 }

 c= 100  vt= 2  nv= 1  att= 2 0 1 1 0 0
     obj2

* Repository state

object repo ||abstract|| (1) {
   M1: object tag ||abstract|| (4)
   M2: *tag obj1 ||abstract|| (3) {
     M1: tag foo ||abstract|| (1)
   }
 }

* Cleanup

* Test output end: object_base_6
