* Test output: object_logical_8
*   Purpose: check nested logical expressions

* Create expression prototypes: not, and, or

* Create expressions

success = T
success = T
success = T
success = T
success = T

logical and ||operator|binary|constant|| {
   A1: logical not ||operator|unary|constant|| {
     A1: logical true ||constant|| = true
   } = ???
   A2: logical false ||constant|| = false
 } = ???

logical not ||operator|unary|constant|| {
   A1: logical and ||operator|binary|constant|| {
     A1: logical true ||constant|| = true
     A2: logical false ||constant|| = false
   } = ???
 } = ???

logical and ||operator|binary|constant|| {
   A1: logical true ||constant|| = true
   A2: logical or ||operator|binary|constant|| {
     A1: logical false ||constant|| = false
     A2: logical true ||constant|| = true
   } = ???
 } = ???

logical and ||operator|binary|constant|| {
   A1: logical true ||constant|| = true
   A2: logical and ||operator|binary|constant|| {
     A1: logical false ||constant|| = false
     A2: logical true ||constant|| = true
   } = ???
 } = ???

logical and ||operator|binary|constant|| {
   A1: logical and ||operator|binary|constant|| {
     A1: logical true ||constant|| = true
     A2: logical false ||constant|| = false
   } = ???
   A2: logical true ||constant|| = true
 } = ???

not true and false
not (true and false)
true and (false or true)
true and false and true
true and false and true

* Evaluate

logical and ||operator|binary|constant|| {
   A1: logical not ||operator|unary|constant|| {
     A1: logical true ||constant|| = true
   } = false
   A2: logical false ||constant|| = false
 } = false

logical not ||operator|unary|constant|| {
   A1: logical and ||operator|binary|constant|| {
     A1: logical true ||constant|| = true
     A2: logical false ||constant|| = false
   } = false
 } = true

logical and ||operator|binary|constant|| {
   A1: logical true ||constant|| = true
   A2: logical or ||operator|binary|constant|| {
     A1: logical false ||constant|| = false
     A2: logical true ||constant|| = true
   } = true
 } = true

logical and ||operator|binary|constant|| {
   A1: logical true ||constant|| = true
   A2: logical and ||operator|binary|constant|| {
     A1: logical false ||constant|| = false
     A2: logical true ||constant|| = true
   } = false
 } = false

logical and ||operator|binary|constant|| {
   A1: logical and ||operator|binary|constant|| {
     A1: logical true ||constant|| = true
     A2: logical false ||constant|| = false
   } = false
   A2: logical true ||constant|| = true
 } = false

false
true
true
false
false

* Cleanup

* Test output end: object_logical_8
