* Test output: object_logical_7
*   Purpose: check logical operators

* Create expression prototype: or

logical or ||operator|binary|constant|| {
   A1: logical arg1 ||variable|| = ???
   A2: logical arg2 ||variable|| = ???
 } = ???

* Create expressions

success = T
success = T
success = T
success = T
success = T
success = T
success = T

logical or ||operator|binary|constant|| {
   A1: logical true ||constant|| = true
   A2: logical true ||constant|| = true
 } = ???
logical or ||operator|binary|constant|| {
   A1: logical true ||constant|| = true
   A2: logical false ||constant|| = false
 } = ???
logical or ||operator|binary|constant|| {
   A1: logical false ||constant|| = false
   A2: logical true ||constant|| = true
 } = ???
logical or ||operator|binary|constant|| {
   A1: logical false ||constant|| = false
   A2: logical false ||constant|| = false
 } = ???
logical or ||operator|binary|constant|| {
   A1: logical undef ||constant|| = ???
   A2: logical true ||constant|| = true
 } = ???
logical or ||operator|binary|constant|| {
   A1: logical false ||constant|| = false
   A2: logical undef ||constant|| = ???
 } = ???
logical or ||operator|binary|constant|| {
   A1: logical undef ||constant|| = ???
   A2: logical undef ||constant|| = ???
 } = ???

true or true
true or false
false or true
false or false
??? or true
false or ???
??? or ???

* Evaluate

logical or ||operator|binary|constant|| {
   A1: logical true ||constant|| = true
   A2: logical true ||constant|| = true
 } = true
logical or ||operator|binary|constant|| {
   A1: logical true ||constant|| = true
   A2: logical false ||constant|| = false
 } = true
logical or ||operator|binary|constant|| {
   A1: logical false ||constant|| = false
   A2: logical true ||constant|| = true
 } = true
logical or ||operator|binary|constant|| {
   A1: logical false ||constant|| = false
   A2: logical false ||constant|| = false
 } = false
logical or ||operator|binary|constant|| {
   A1: logical undef ||constant|| = ???
   A2: logical true ||constant|| = true
 } = ???
logical or ||operator|binary|constant|| {
   A1: logical false ||constant|| = false
   A2: logical undef ||constant|| = ???
 } = ???
logical or ||operator|binary|constant|| {
   A1: logical undef ||constant|| = ???
   A2: logical undef ||constant|| = ???
 } = ???

true
true
true
false
???
???
???

* Cleanup

* Test output end: object_logical_7
