* Test output: object_integer_8
*   Purpose: check integer operators

* Create expression prototype: add

integer add ||operator|binary|abstract||

* Create expressions

success = T
success = T
success = T
success = T
success = T
success = T
success = T

integer add ||operator|binary|constant|| {
   A1: integer i ||constant|| = 4
   A2: INV integer j ||constant|| = 2
 } = ???
integer add ||operator|binary|constant|| {
   A1: integer i ||constant|| = 2
   A2: INV integer j ||constant|| = 3
 } = ???
integer add ||operator|binary|constant|| {
   A1: integer i ||constant|| = 2
   A2: INV integer j ||constant|| = -2
 } = ???
integer add ||operator|binary|constant|| {
   A1: integer i ||constant|| = 2
   A2: INV integer j ||constant|| = 0
 } = ???
integer add ||operator|binary|constant|| {
   A1: integer i ||constant|| = 24
   A2: INV integer j ||constant|| = 3
   A3: integer k ||constant|| = 4
 } = ???
integer add ||operator|binary|constant|| {
   A1: integer i ||constant|| = 24
   A2: INV integer j ||constant|| = 3
   A3: INV integer k ||constant|| = 4
 } = ???
integer add ||operator|binary|constant|| {
   A1: integer i ||constant|| = 24
   A2: INV integer undef ||constant|| = ???
   A3: integer k ||constant|| = 4
 } = ???

4 - 2
2 - 3
2 - (-2)
2 - 0
24 - 3 + 4
24 - 3 - 4
24 - ??? + 4

* Evaluate

integer add ||operator|binary|constant|| {
   A1: integer i ||constant|| = 4
   A2: INV integer j ||constant|| = 2
 } = 2
integer add ||operator|binary|constant|| {
   A1: integer i ||constant|| = 2
   A2: INV integer j ||constant|| = 3
 } = -1
integer add ||operator|binary|constant|| {
   A1: integer i ||constant|| = 2
   A2: INV integer j ||constant|| = -2
 } = 4
integer add ||operator|binary|constant|| {
   A1: integer i ||constant|| = 2
   A2: INV integer j ||constant|| = 0
 } = 2
integer add ||operator|binary|constant|| {
   A1: integer i ||constant|| = 24
   A2: INV integer j ||constant|| = 3
   A3: integer k ||constant|| = 4
 } = 25
integer add ||operator|binary|constant|| {
   A1: integer i ||constant|| = 24
   A2: INV integer j ||constant|| = 3
   A3: INV integer k ||constant|| = 4
 } = 17
integer add ||operator|binary|constant|| {
   A1: integer i ||constant|| = 24
   A2: INV integer undef ||constant|| = ???
   A3: integer k ||constant|| = 4
 } = ???

2
-1
4
2
25
17
???

* Cleanup

* Test output end: object_integer_8
