* Test output: object_base_2
*   Purpose: build composite objects

* Create tag prototype

object tag ||abstract|| (1)

* Instantiate as composite without members

tag obj1 ||abstract||

* Prototype status

object tag ||abstract|| (2)

* Instantiate as composite with two members

tag obj2 ||abstract|| {
   tag foo ||abstract||
   tag bar ||abstract||
}

* Prototype status

object tag ||abstract|| (4)
tag obj1 ||abstract|| (2)

* Instantiate further with additional member

type(obj2) obj3 ||abstract|| {
   tag new ||abstract||
}

* Prototype status

object tag ||abstract|| (5)
tag obj1 ||abstract|| (2)
tag obj2 ||abstract|| (2)

* Remove obj3

* Prototype status

object tag ||abstract|| (4)
tag obj1 ||abstract|| (2)
tag obj2 ||abstract|| (1)

* Remove obj2

* Prototype status

object tag ||abstract|| (2)
tag obj1 ||abstract|| (1)

* Remove obj1

* Prototype status

object tag ||abstract|| (1)

* Cleanup:

prototype allocated = F
obj1 allocated = F
obj2 allocated = F
obj3 allocated = F

* Test output end: object_base_2
