* Test output: object_base_3
*   Purpose: find objects by path

* Create prototypes for tag and tag composite

* Create nested composite

tag obj3 ||abstract|| {
   tag obj1 ||abstract|| {
     tag foo ||abstract||
   }
   type(obj1) obj2 ||abstract||
   tag bar ||abstract||
}

* Return pointer to obj1

tag obj1 ||abstract|| {
   tag foo ||abstract||
}

* Return pointer to obj1.foo

tag foo ||abstract||

* Return pointer to obj2.foo

tag foo ||abstract||

* Starting at obj1, return pointer to obj2

type(obj1) obj2 ||abstract||

* Starting at obj1, return pointer to obj2.foo

tag foo ||abstract||

* Starting at obj1, return pointer to bar

tag bar ||abstract||

* Starting at bar, return pointer to obj1.foo

tag foo ||abstract||

* Cleanup

* Test output end: object_base_3
