* Test output: object_logical_5
*   Purpose: check logical operators

* Create expression prototype: not

logical not ||operator|unary|constant|| {
   A1: logical arg ||variable|| = ???
 } = ???

* Create expressions

success = T
success = T
success = T

logical not ||operator|unary|constant|| {
   A1: logical true ||constant|| = true
 } = ???
logical not ||operator|unary|constant|| {
   A1: logical false ||constant|| = false
 } = ???
logical not ||operator|unary|constant|| {
   A1: logical undef ||constant|| = ???
 } = ???

not true
not false
not ???

* Evaluate

logical not ||operator|unary|constant|| {
   A1: logical true ||constant|| = true
 } = false
logical not ||operator|unary|constant|| {
   A1: logical false ||constant|| = false
 } = true
logical not ||operator|unary|constant|| {
   A1: logical undef ||constant|| = ???
 } = ???

false
true
???

* Cleanup

prototype allocated = F
not allocated = F
true allocated = F
false allocated = F
undef allocated = F
expr1 allocated = F
expr2 allocated = F
expr3 allocated = F

* Test output end: object_logical_5
