* Test output: object_logical_1
*   Purpose: construct logical value objects

* Logical objects: prototype

object logical ||abstract|| (1)

* Logical objects: true, false, undefined

object logical ||abstract|| (4)

logical true ||constant|| (1) = true
logical false ||constant|| (1) = false
logical undef ||constant|| (1) = ???

* Cleanup

* Test output end: object_logical_1
