* Test output: object_logical_1
*   Purpose: construct logical value objects

* Logical objects: prototype

object logical ||abstract|| (1)

* Logical objects: constant, variable

object logical ||abstract|| (5)

logical true ||constant|| (1) = true
logical false ||constant|| (1) = false
logical lval1 ||variable|| (1) = ???
logical lval2 ||variable|| (1) = true

* Cleanup

* Test output end: object_logical_1
