* Test output: object_integer_3
*   Purpose: simple composite assignment

* Prepare composite object with primer

* Assignment object

statement assignment ||constant|| {
   LHS: val
   RHS: integer rhs ||constant|| = 42
 }

* Main object

object main ||abstract|| {
   M1: integer val ||constant|| = ???
   P1: val = 42
 }

* Initialize: evaluate primer

success = T

object main ||abstract|| {
   M1: integer val ||constant|| = 42
   P1: val = 42
 }

* Check mode/type mismatch

object main ||abstract|| {
   M1: logical val ||constant|| = ???
   P1: val = 42
 }

success = F

* Cleanup

* Test output end: object_integer_3
