* Test output: object_base_1
*   Purpose: elementary operations with objects

* Trivial object (tag): create, display, destroy

object tag ||abstract|| (1)

* Create instance from prototype:

object tag ||abstract|| (2)
tag instance ||abstract|| (1)

* Remove, show prototype again:

object tag ||abstract|| (1)

* Cleanup:

prototype allocated = F
object allocated = F

* Test output end: object_base_1
