* Test output: object_base_4
*   Purpose: create references and copies

* Create prototype

object tag ||abstract|| (1)

* Create object

object tag ||abstract|| (2)
tag obj ||abstract|| (1)

* Create reference

object tag ||abstract|| (2)
tag obj ||abstract|| (2)
tag ref ||abstract|| (1)*

* Create extra reference and copy

object tag ||abstract|| (3)
tag obj ||abstract|| (3)
tag ref ||abstract|| (1)*
tag cpr ||abstract|| (1)*
tag cpy ||abstract|| (1)

* Turn reference into copy

object tag ||abstract|| (4)
tag obj ||abstract|| (2)
tag ref ||abstract|| (1)*
tag cpr ||abstract|| (1)
tag cpy ||abstract|| (1)

* Cleanup

prototype allocated = F
obj allocated = F
ref allocated = F
cpr allocated = F
cpy allocated = F

* Test output end: object_base_4
