* Test output: sindarin_parser_2
*   Purpose: build Sindarin repository

object repository ||abstract|| {
   M1: object logical ||abstract||
   M2: object integer ||abstract||
   M3: object container ||operator|binary|abstract||
   M4: logical not ||operator|unary|abstract||
   M5: logical and ||operator|binary|abstract||
   M6: logical or ||operator|binary|abstract||
   M7: logical compare ||operator|binary|abstract||
   M8: integer minus ||operator|unary|abstract||
   M9: integer multiply ||operator|binary|abstract||
   M10: integer add ||operator|binary|abstract||
   M11: integer conditional_expr ||abstract||
   M12: statement assignment ||abstract|| {
     LHS:
     RHS: <???>
   }
 }

* Name array

1 logical
2 integer
3 container
4 not
5 and
6 or
7 compare
8 minus
9 multiply
10 add
11 conditional_expr
12 assignment

* Test output end: sindarin_parser_2
