* Test output: sindarin_parser_3
*   Purpose: parse a simple script

* Create script

logical a
logical b = true
a = b and not false
b = (a or true) and (not b)

* Parse script

* Setup decoder (see 'sindarin_parser_3.pt.dat')

* Decode (see 'sindarin_parser_3.code.dat')

* Create object tree

object script ||abstract|| {
   M1: logical a ||variable|| = ???
   M2: logical b ||variable|| = ???
   P1: b = true
   P2: a = b and not false
   P3: b = (a or true) and not b
 }

* Cleanup

* Test output end: sindarin_parser_3
