* Test output: sindarin_parser_2
*   Purpose: build Sindarin repository

object repository ||abstract|| {
   M1: object logical ||abstract||
   M2: object integer ||abstract||
   M3: logical not ||operator|unary|abstract||
   M4: logical and ||operator|binary|abstract||
   M5: logical or ||operator|binary|abstract||
   M6: integer minus ||operator|unary|abstract||
   M7: integer multiply ||operator|binary|abstract||
   M8: integer add ||operator|binary|abstract||
   M9: statement assignment ||abstract|| {
     LHS:
     RHS: <???>
   }
 }

* Name array

1 logical
2 integer
3 not
4 and
5 or
6 minus
7 multiply
8 add
9 assignment

* Test output end: sindarin_parser_2
