?openmp_logging = false
?vis_history = false
?integration_timer = false
?fatal_beam_decay = false
?pacify = true
$method = "omega"
| Process library 'ep_3_lib': recorded process 'ep_3_p1'
| Process library 'ep_3_lib': recorded process 'ep_3_p2'
| Process library 'ep_3_lib': recorded process 'ep_3_p3'
| Process library 'ep_3_lib': recorded process 'ep_3_p4'
| Process library 'ep_3_lib': recorded process 'ep_3_q1'
| Process library 'ep_3_lib': recorded process 'ep_3_q2'
| Process library 'ep_3_lib': recorded process 'ep_3_q3'
| Process library 'ep_3_lib': recorded process 'ep_3_q4'
seed = 0
| Process library 'ep_3_lib': compiling ...
| Process library 'ep_3_lib': writing makefile
| Process library 'ep_3_lib': removing old files
| Process library 'ep_3_lib': writing driver
| Process library 'ep_3_lib': creating source code
| Process library 'ep_3_lib': compiling sources
| Process library 'ep_3_lib': linking
| Process library 'ep_3_lib': loading
| Process library 'ep_3_lib': ... success.
$phs_method = "wood"
$integration_method = "vamp"
sqrts =  1.0000000E+03
openmp_num_threads = 1
[user variable] n = 1000
| RNG: Initializing TAO random-number generator
| RNG: Setting seed for random-number generator to 0
| Initializing integration for process ep_3_p1:
| ------------------------------------------------------------------------
| Process [scattering]: 'ep_3_p1'
|   Library name  = 'ep_3_lib'
|   Process index = 1
|   Process components:
|     1: 'ep_3_p1_i1':   Z, u => Z, u [omega]
| ------------------------------------------------------------------------
| Beam structure: Z, p => none, pdf_builtin
| Beam data (collision):
|   Z  (mass = 9.1188200E+01 GeV)
|   p  (mass = 0.0000000E+00 GeV)
|   sqrts = 1.000000000000E+03 GeV
| Initialized builtin PDF CTEQ6L
| Phase space: generating configuration ...
|  Z -> u u
|  mass(Z) =  0.9118820000E+02
|  mass(u) =  0.0000000000E+00
|  mass(u) =  0.0000000000E+00
Warning:  Phase space: Initial beam particle can decay
|  Z -> u u
|  mass(Z) =  0.9118820000E+02
|  mass(u) =  0.0000000000E+00
|  mass(u) =  0.0000000000E+00
Warning:  Phase space: Initial beam particle can decay
| Phase space: ... success.
| Phase space: writing configuration file 'ep_3_p1_i1.phs'
| Phase space: 3 channels, 2 dimensions
| Phase space: found 3 channels, collected in 3 groves.
| Phase space: Using 3 equivalences between channels.
| Phase space: wood
| Beam structure: none, pdf_builtin
| Beam structure: 1 channels, 1 dimensions
| Applying user-defined cuts.
| Starting integration for process 'ep_3_p1'
| Integrate: iterations = 5:1000:"g", 3:1000
| Integrator: 3 chains, 3 channels, 3 dimensions
| Integrator: Using VAMP channel equivalences
| Integrator: 1000 initial calls, 20 bins, stratified = T
| Integrator: VAMP
|=============================================================================|
| It      Calls  Integral[fb]  Error[fb]   Err[%]    Acc  Eff[%]   Chi2 N[It] |
|=============================================================================|
   1        999    7.3782E+02   8.92E+01   12.09    3.82    3.51
   2        999    8.0028E+02   4.01E+01    5.01    1.58    9.24
   3        999    7.9355E+02   2.16E+01    2.72    0.86   23.16
   4        999    7.9571E+02   2.78E+01    3.50    1.11    9.65
   5        999    7.8947E+02   2.04E+01    2.59    0.82   20.23
|-----------------------------------------------------------------------------|
   5       4995    7.9206E+02   1.23E+01    1.56    1.10   20.23    0.11   5
|-----------------------------------------------------------------------------|
   6        999    7.7237E+02   2.14E+01    2.77    0.88   14.44
   7        999    7.9777E+02   2.03E+01    2.55    0.81   13.37
   8        999    8.2784E+02   2.78E+01    3.36    1.06    8.17
|-----------------------------------------------------------------------------|
   8       2997    7.9499E+02   1.30E+01    1.64    0.90    8.17    1.27   3
|=============================================================================|
| RNG: Initializing TAO random-number generator
| RNG: Setting seed for random-number generator to 1
| Initializing integration for process ep_3_p2:
| ------------------------------------------------------------------------
| Process [scattering]: 'ep_3_p2'
|   Library name  = 'ep_3_lib'
|   Process index = 2
|   Process components:
|     1: 'ep_3_p2_i1':   W+, u => W+, u [omega]
| ------------------------------------------------------------------------
| Beam structure: W+, p => none, pdf_builtin
| Beam data (collision):
|   W+  (mass = 8.0419000E+01 GeV)
|   p   (mass = 0.0000000E+00 GeV)
|   sqrts = 1.000000000000E+03 GeV
| Phase space: generating configuration ...
|  W- -> d u
|  mass(W-) =  0.8041900000E+02
|  mass(d) =  0.0000000000E+00
|  mass(u) =  0.0000000000E+00
Warning:  Phase space: Initial beam particle can decay
| Phase space: ... success.
| Phase space: writing configuration file 'ep_3_p2_i1.phs'
| Phase space: 4 channels, 2 dimensions
| Phase space: found 4 channels, collected in 3 groves.
| Phase space: Using 4 equivalences between channels.
| Phase space: wood
| Beam structure: none, pdf_builtin
| Beam structure: 1 channels, 1 dimensions
| Applying user-defined cuts.
| Starting integration for process 'ep_3_p2'
| Integrate: iterations = 5:1000:"g", 3:1000
| Integrator: 3 chains, 4 channels, 3 dimensions
| Integrator: Using VAMP channel equivalences
| Integrator: 1000 initial calls, 20 bins, stratified = T
| Integrator: VAMP
|=============================================================================|
| It      Calls  Integral[fb]  Error[fb]   Err[%]    Acc  Eff[%]   Chi2 N[It] |
|=============================================================================|
   1       1000    6.5098E+04   9.11E+03   13.99    4.42    2.71
   2       1000    5.2887E+04   2.48E+03    4.69    1.48    9.63
   3       1000    5.6291E+04   1.69E+03    3.00    0.95   20.06
   4       1000    5.4466E+04   1.50E+03    2.76    0.87   19.07
   5       1000    6.1481E+04   4.42E+03    7.19    2.27    4.48
|-----------------------------------------------------------------------------|
   5       5000    5.5320E+04   9.91E+02    1.79    1.27    4.48    1.18   5
|-----------------------------------------------------------------------------|
   6       1000    6.0740E+04   5.01E+03    8.25    2.61    3.83
   7       1000    5.5597E+04   1.70E+03    3.05    0.96    3.31
   8       1000    5.4071E+04   1.53E+03    2.82    0.89    3.22
|-----------------------------------------------------------------------------|
   8       3000    5.5045E+04   1.11E+03    2.01    1.10    3.22    0.90   3
|=============================================================================|
| RNG: Initializing TAO random-number generator
| RNG: Setting seed for random-number generator to 2
| Initializing integration for process ep_3_q1:
| ------------------------------------------------------------------------
| Process [scattering]: 'ep_3_q1'
|   Library name  = 'ep_3_lib'
|   Process index = 5
|   Process components:
|     1: 'ep_3_q1_i1':   u, Z => Z, u [omega]
| ------------------------------------------------------------------------
| Beam structure: p, Z => pdf_builtin, none
| Beam data (collision):
|   p  (mass = 0.0000000E+00 GeV)
|   Z  (mass = 9.1188200E+01 GeV)
|   sqrts = 1.000000000000E+03 GeV
| Phase space: generating configuration ...
|  Z -> u u
|  mass(Z) =  0.9118820000E+02
|  mass(u) =  0.0000000000E+00
|  mass(u) =  0.0000000000E+00
Warning:  Phase space: Initial beam particle can decay
|  Z -> u u
|  mass(Z) =  0.9118820000E+02
|  mass(u) =  0.0000000000E+00
|  mass(u) =  0.0000000000E+00
Warning:  Phase space: Initial beam particle can decay
| Phase space: ... success.
| Phase space: writing configuration file 'ep_3_q1_i1.phs'
| Phase space: 3 channels, 2 dimensions
| Phase space: found 3 channels, collected in 3 groves.
| Phase space: Using 3 equivalences between channels.
| Phase space: wood
| Beam structure: pdf_builtin, none
| Beam structure: 1 channels, 1 dimensions
| Applying user-defined cuts.
| Starting integration for process 'ep_3_q1'
| Integrate: iterations = 5:1000:"g", 3:1000
| Integrator: 3 chains, 3 channels, 3 dimensions
| Integrator: Using VAMP channel equivalences
| Integrator: 1000 initial calls, 20 bins, stratified = T
| Integrator: VAMP
|=============================================================================|
| It      Calls  Integral[fb]  Error[fb]   Err[%]    Acc  Eff[%]   Chi2 N[It] |
|=============================================================================|
   1        999    6.9790E+02   7.58E+01   10.86    3.43    3.09
   2        999    7.5369E+02   3.92E+01    5.21    1.65    8.32
   3        999    7.5990E+02   2.32E+01    3.05    0.96   20.06
   4        999    7.9923E+02   2.12E+01    2.66    0.84   16.01
   5        999    7.6349E+02   2.04E+01    2.67    0.84   20.45
|-----------------------------------------------------------------------------|
   5       4995    7.7098E+02   1.17E+01    1.52    1.07   20.45    0.81   5
|-----------------------------------------------------------------------------|
   6        999    7.9305E+02   2.05E+01    2.58    0.82   19.33
   7        999    7.6745E+02   2.06E+01    2.68    0.85   17.61
   8        999    7.9464E+02   1.96E+01    2.47    0.78   16.73
|-----------------------------------------------------------------------------|
   8       2997    7.8539E+02   1.17E+01    1.48    0.81   16.73    0.56   3
|=============================================================================|
| RNG: Initializing TAO random-number generator
| RNG: Setting seed for random-number generator to 3
| Initializing integration for process ep_3_q2:
| ------------------------------------------------------------------------
| Process [scattering]: 'ep_3_q2'
|   Library name  = 'ep_3_lib'
|   Process index = 6
|   Process components:
|     1: 'ep_3_q2_i1':   u, W+ => W+, u [omega]
| ------------------------------------------------------------------------
| Beam structure: p, W+ => pdf_builtin, none
| Beam data (collision):
|   p   (mass = 0.0000000E+00 GeV)
|   W+  (mass = 8.0419000E+01 GeV)
|   sqrts = 1.000000000000E+03 GeV
| Phase space: generating configuration ...
|  W- -> d u
|  mass(W-) =  0.8041900000E+02
|  mass(d) =  0.0000000000E+00
|  mass(u) =  0.0000000000E+00
Warning:  Phase space: Initial beam particle can decay
| Phase space: ... success.
| Phase space: writing configuration file 'ep_3_q2_i1.phs'
| Phase space: 4 channels, 2 dimensions
| Phase space: found 4 channels, collected in 3 groves.
| Phase space: Using 4 equivalences between channels.
| Phase space: wood
| Beam structure: pdf_builtin, none
| Beam structure: 1 channels, 1 dimensions
| Applying user-defined cuts.
| Starting integration for process 'ep_3_q2'
| Integrate: iterations = 5:1000:"g", 3:1000
| Integrator: 3 chains, 4 channels, 3 dimensions
| Integrator: Using VAMP channel equivalences
| Integrator: 1000 initial calls, 20 bins, stratified = T
| Integrator: VAMP
|=============================================================================|
| It      Calls  Integral[fb]  Error[fb]   Err[%]    Acc  Eff[%]   Chi2 N[It] |
|=============================================================================|
   1       1000    6.8780E+04   9.51E+03   13.83    4.37    2.61
   2       1000    5.6157E+04   2.35E+03    4.19    1.32   13.54
   3       1000    5.6599E+04   1.78E+03    3.15    1.00   18.90
   4       1000    5.6707E+04   1.61E+03    2.85    0.90   25.85
   5       1000    5.6692E+04   1.54E+03    2.72    0.86   18.11
|-----------------------------------------------------------------------------|
   5       5000    5.6702E+04   8.73E+02    1.54    1.09   18.11    0.42   5
|-----------------------------------------------------------------------------|
   6       1000    5.5983E+04   1.55E+03    2.77    0.88   16.44
   7       1000    5.6550E+04   1.64E+03    2.89    0.91   15.98
   8       1000    5.8435E+04   2.11E+03    3.61    1.14    9.50
|-----------------------------------------------------------------------------|
   8       3000    5.6736E+04   9.92E+02    1.75    0.96    9.50    0.45   3
|=============================================================================|
ewa_x_min =  1.0000000E-02
| RNG: Initializing TAO random-number generator
| RNG: Setting seed for random-number generator to 4
| Initializing integration for process ep_3_p3:
| ------------------------------------------------------------------------
| Process [scattering]: 'ep_3_p3'
|   Library name  = 'ep_3_lib'
|   Process index = 3
|   Process components:
|     1: 'ep_3_p3_i1':   Z, u => Z, u [omega]
| ------------------------------------------------------------------------
| Beam structure: e+, p => ewa, pdf_builtin
| Beam data (collision):
|   e+  (mass = 5.1099700E-04 GeV)
|   p   (mass = 0.0000000E+00 GeV)
|   sqrts = 1.000000000000E+03 GeV
| Phase space: generating configuration ...
|  Z -> u u
|  mass(Z) =  0.9118820000E+02
|  mass(u) =  0.0000000000E+00
|  mass(u) =  0.0000000000E+00
Warning:  Phase space: Initial beam particle can decay
|  Z -> u u
|  mass(Z) =  0.9118820000E+02
|  mass(u) =  0.0000000000E+00
|  mass(u) =  0.0000000000E+00
Warning:  Phase space: Initial beam particle can decay
| Phase space: ... success.
| Phase space: writing configuration file 'ep_3_p3_i1.phs'
| Phase space: 3 channels, 2 dimensions
| Phase space: found 3 channels, collected in 3 groves.
| Phase space: Using 3 equivalences between channels.
| Phase space: wood
| Beam structure: ewa, none => none, pdf_builtin
| Beam structure: 1 channels, 2 dimensions
| Applying user-defined cuts.
| Starting integration for process 'ep_3_p3'
| Integrate: iterations = 5:1000:"g", 3:1000
| Integrator: 3 chains, 3 channels, 4 dimensions
| Integrator: Using VAMP channel equivalences
| Integrator: 1000 initial calls, 20 bins, stratified = T
| Integrator: VAMP
|=============================================================================|
| It      Calls  Integral[fb]  Error[fb]   Err[%]    Acc  Eff[%]   Chi2 N[It] |
|=============================================================================|
   1        999    1.8585E+00   3.72E-01   20.02    6.33    1.11
   2        999    1.5538E+00   8.47E-02    5.45    1.72    7.70
   3        999    1.6228E+00   8.03E-02    4.95    1.56    9.98
   4        999    1.5914E+00   6.95E-02    4.37    1.38   12.81
   5        999    1.5689E+00   6.66E-02    4.25    1.34    9.93
|-----------------------------------------------------------------------------|
   5       4995    1.5866E+00   3.69E-02    2.33    1.64    9.93    0.24   5
|-----------------------------------------------------------------------------|
   6        999    1.9105E+00   2.71E-01   14.19    4.48    1.48
   7        999    1.6001E+00   7.68E-02    4.80    1.52    1.24
   8        999    1.7388E+00   8.47E-02    4.87    1.54    1.35
|-----------------------------------------------------------------------------|
   8       2997    1.6731E+00   5.57E-02    3.33    1.82    1.35    1.14   3
|=============================================================================|
| RNG: Initializing TAO random-number generator
| RNG: Setting seed for random-number generator to 5
| Initializing integration for process ep_3_p4:
| ------------------------------------------------------------------------
| Process [scattering]: 'ep_3_p4'
|   Library name  = 'ep_3_lib'
|   Process index = 4
|   Process components:
|     1: 'ep_3_p4_i1':   W+, u => W+, u [omega]
| ------------------------------------------------------------------------
| Beam structure: e+, p => ewa, pdf_builtin
| Beam data (collision):
|   e+  (mass = 5.1099700E-04 GeV)
|   p   (mass = 0.0000000E+00 GeV)
|   sqrts = 1.000000000000E+03 GeV
| Phase space: generating configuration ...
|  W- -> d u
|  mass(W-) =  0.8041900000E+02
|  mass(d) =  0.0000000000E+00
|  mass(u) =  0.0000000000E+00
Warning:  Phase space: Initial beam particle can decay
| Phase space: ... success.
| Phase space: writing configuration file 'ep_3_p4_i1.phs'
| Phase space: 4 channels, 2 dimensions
| Phase space: found 4 channels, collected in 3 groves.
| Phase space: Using 4 equivalences between channels.
| Phase space: wood
| Beam structure: ewa, none => none, pdf_builtin
| Beam structure: 1 channels, 2 dimensions
| Applying user-defined cuts.
| Starting integration for process 'ep_3_p4'
| Integrate: iterations = 5:1000:"g", 3:1000
| Integrator: 3 chains, 4 channels, 4 dimensions
| Integrator: Using VAMP channel equivalences
| Integrator: 1000 initial calls, 20 bins, stratified = T
| Integrator: VAMP
|=============================================================================|
| It      Calls  Integral[fb]  Error[fb]   Err[%]    Acc  Eff[%]   Chi2 N[It] |
|=============================================================================|
   1       1000    3.0694E+02   6.02E+01   19.62    6.20    1.47
   2       1000    3.6606E+02   2.39E+01    6.53    2.07    7.14
   3       1000    3.6696E+02   3.00E+01    8.17    2.58    4.05
   4       1000    3.6106E+02   2.14E+01    5.94    1.88    6.13
   5       1000    3.1645E+02   2.26E+01    7.13    2.25    5.11
|-----------------------------------------------------------------------------|
   5       5000    3.4907E+02   1.17E+01    3.36    2.37    5.11    0.94   5
|-----------------------------------------------------------------------------|
   6       1000    3.5236E+02   2.08E+01    5.90    1.87    3.55
   7       1000    3.3039E+02   1.45E+01    4.40    1.39    3.33
   8       1000    3.7035E+02   5.43E+01   14.67    4.64    1.80
|-----------------------------------------------------------------------------|
   8       3000    3.3911E+02   1.16E+01    3.43    1.88    1.80    0.55   3
|=============================================================================|
| RNG: Initializing TAO random-number generator
| RNG: Setting seed for random-number generator to 6
| Initializing integration for process ep_3_q3:
| ------------------------------------------------------------------------
| Process [scattering]: 'ep_3_q3'
|   Library name  = 'ep_3_lib'
|   Process index = 7
|   Process components:
|     1: 'ep_3_q3_i1':   u, Z => Z, u [omega]
| ------------------------------------------------------------------------
| Beam structure: p, e+ => pdf_builtin, ewa
| Beam data (collision):
|   p   (mass = 0.0000000E+00 GeV)
|   e+  (mass = 5.1099700E-04 GeV)
|   sqrts = 1.000000000000E+03 GeV
| Phase space: generating configuration ...
|  Z -> u u
|  mass(Z) =  0.9118820000E+02
|  mass(u) =  0.0000000000E+00
|  mass(u) =  0.0000000000E+00
Warning:  Phase space: Initial beam particle can decay
|  Z -> u u
|  mass(Z) =  0.9118820000E+02
|  mass(u) =  0.0000000000E+00
|  mass(u) =  0.0000000000E+00
Warning:  Phase space: Initial beam particle can decay
| Phase space: ... success.
| Phase space: writing configuration file 'ep_3_q3_i1.phs'
| Phase space: 3 channels, 2 dimensions
| Phase space: found 3 channels, collected in 3 groves.
| Phase space: Using 3 equivalences between channels.
| Phase space: wood
| Beam structure: pdf_builtin, none => none, ewa
| Beam structure: 1 channels, 2 dimensions
| Applying user-defined cuts.
| Starting integration for process 'ep_3_q3'
| Integrate: iterations = 5:1000:"g", 3:1000
| Integrator: 3 chains, 3 channels, 4 dimensions
| Integrator: Using VAMP channel equivalences
| Integrator: 1000 initial calls, 20 bins, stratified = T
| Integrator: VAMP
|=============================================================================|
| It      Calls  Integral[fb]  Error[fb]   Err[%]    Acc  Eff[%]   Chi2 N[It] |
|=============================================================================|
   1        999    1.2937E+00   2.55E-01   19.72    6.23    1.41
   2        999    1.6696E+00   1.19E-01    7.15    2.26    5.33
   3        999    1.5946E+00   8.09E-02    5.08    1.60    9.59
   4        999    1.6528E+00   7.50E-02    4.54    1.43    9.07
   5        999    1.5696E+00   6.70E-02    4.27    1.35   12.22
|-----------------------------------------------------------------------------|
   5       4995    1.6030E+00   3.96E-02    2.47    1.74   12.22    0.62   5
|-----------------------------------------------------------------------------|
   6        999    1.6539E+00   7.32E-02    4.43    1.40    7.36
   7        999    1.5878E+00   6.74E-02    4.25    1.34    5.97
   8        999    1.6961E+00   6.88E-02    4.06    1.28    6.38
|-----------------------------------------------------------------------------|
   8       2997    1.6448E+00   4.02E-02    2.45    1.34    6.38    0.64   3
|=============================================================================|
| RNG: Initializing TAO random-number generator
| RNG: Setting seed for random-number generator to 7
| Initializing integration for process ep_3_q4:
| ------------------------------------------------------------------------
| Process [scattering]: 'ep_3_q4'
|   Library name  = 'ep_3_lib'
|   Process index = 8
|   Process components:
|     1: 'ep_3_q4_i1':   u, W+ => W+, u [omega]
| ------------------------------------------------------------------------
| Beam structure: p, e+ => pdf_builtin, ewa
| Beam data (collision):
|   p   (mass = 0.0000000E+00 GeV)
|   e+  (mass = 5.1099700E-04 GeV)
|   sqrts = 1.000000000000E+03 GeV
| Phase space: generating configuration ...
|  W- -> d u
|  mass(W-) =  0.8041900000E+02
|  mass(d) =  0.0000000000E+00
|  mass(u) =  0.0000000000E+00
Warning:  Phase space: Initial beam particle can decay
| Phase space: ... success.
| Phase space: writing configuration file 'ep_3_q4_i1.phs'
| Phase space: 4 channels, 2 dimensions
| Phase space: found 4 channels, collected in 3 groves.
| Phase space: Using 4 equivalences between channels.
| Phase space: wood
| Beam structure: pdf_builtin, none => none, ewa
| Beam structure: 1 channels, 2 dimensions
| Applying user-defined cuts.
| Starting integration for process 'ep_3_q4'
| Integrate: iterations = 5:1000:"g", 3:1000
| Integrator: 3 chains, 4 channels, 4 dimensions
| Integrator: Using VAMP channel equivalences
| Integrator: 1000 initial calls, 20 bins, stratified = T
| Integrator: VAMP
|=============================================================================|
| It      Calls  Integral[fb]  Error[fb]   Err[%]    Acc  Eff[%]   Chi2 N[It] |
|=============================================================================|
   1       1000    5.4066E+02   1.12E+02   20.67    6.54    1.63
   2       1000    3.4239E+02   1.82E+01    5.32    1.68    7.65
   3       1000    2.9465E+02   1.40E+01    4.74    1.50   11.22
   4       1000    3.4949E+02   2.15E+01    6.15    1.94    5.76
   5       1000    3.2037E+02   1.57E+01    4.92    1.55    8.26
|-----------------------------------------------------------------------------|
   5       5000    3.2145E+02   8.33E+00    2.59    1.83    8.26    2.64   5
|-----------------------------------------------------------------------------|
   6       1000    3.4639E+02   1.55E+01    4.47    1.41    8.71
   7       1000    3.7465E+02   3.24E+01    8.65    2.74    3.36
   8       1000    3.4217E+02   1.46E+01    4.26    1.35    3.07
|-----------------------------------------------------------------------------|
   8       3000    3.4710E+02   1.01E+01    2.91    1.59    3.07    0.42   3
|=============================================================================|
| There were no errors and   12 warning(s).
| WHIZARD run finished.
|=============================================================================|
