?openmp_logging = false
?vis_history = false
?integration_timer = false
?pacify = true
$method = "omega"
| Process library 'pythia6_4_lib': recorded process 'pythia6_4_p1'
| Process library 'pythia6_4_lib': recorded process 'pythia6_4_p2'
| Process library 'pythia6_4_lib': recorded process 'pythia6_4_p3'
SM.me =>  1.0000000E+01
| Process library 'pythia6_4_lib': compiling ...
| Process library 'pythia6_4_lib': writing makefile
| Process library 'pythia6_4_lib': removing old files
| Process library 'pythia6_4_lib': writing driver
| Process library 'pythia6_4_lib': creating source code
| Process library 'pythia6_4_lib': compiling sources
| Process library 'pythia6_4_lib': linking
| Process library 'pythia6_4_lib': loading
| Process library 'pythia6_4_lib': ... success.
seed = 0
$phs_method = "wood"
$integration_method = "vamp"
sqrts =  5.0000000E+02
openmp_num_threads = 1
| RNG: Initializing TAO random-number generator
| RNG: Setting seed for random-number generator to 0
| Initializing integration for process pythia6_4_p1:
| ------------------------------------------------------------------------
| Process [scattering]: 'pythia6_4_p1'
|   Library name  = 'pythia6_4_lib'
|   Process index = 1
|   Process components:
|     1: 'pythia6_4_p1_i1':   e-, e+ => Z, H [omega]
| ------------------------------------------------------------------------
| Beam structure: e-, e+ => circe1 => isr
| Beam data (collision):
|   e-  (mass = 1.0000000E+01 GeV)
|   e+  (mass = 1.0000000E+01 GeV)
|   sqrts = 5.000000000000E+02 GeV
| Circe1: activating generator mode
| RNG: Initializing TAO random-number generator
| RNG: Setting seed for random-number generator to 1
| Phase space: generating configuration ...
| Phase space: ... success.
| Phase space: writing configuration file 'pythia6_4_p1_i1.phs'
| Phase space: 1 channels, 2 dimensions
| Phase space: found 1 channel, collected in 1 grove.
| Phase space: Using 1 equivalence between channels.
| Phase space: wood
| Beam structure: circe1 => isr, none => none, isr
| Beam structure: 1 channels, 2 dimensions
Warning: No cuts have been defined.
| Starting integration for process 'pythia6_4_p1'
| Integrate: iterations = 3:1000:"g", 3:1000
| Integrator: 1 chains, 1 channels, 4 dimensions
| Integrator: Using VAMP channel equivalences
| Integrator: 1000 initial calls, 20 bins, stratified = T
| Integrator: VAMP
|=============================================================================|
| It      Calls  Integral[fb]  Error[fb]   Err[%]    Acc  Eff[%]   Chi2 N[It] |
|=============================================================================|
   1       1000     1.378E+02   7.53E-01    0.55    0.17    52.2
   2       1000     1.363E+02   4.81E-01    0.35    0.11    60.1
   3       1000     1.362E+02   4.95E-01    0.36    0.11    53.8
|-----------------------------------------------------------------------------|
   3       3000     1.365E+02   3.14E-01    0.23    0.13    53.8    1.72   3
|-----------------------------------------------------------------------------|
   4       1000     1.368E+02   4.23E-01    0.31    0.10    52.1
   5       1000     1.369E+02   5.14E-01    0.38    0.12    52.2
   6          0     0.000E+00   0.00E+00    0.00    0.00     0.0
|-----------------------------------------------------------------------------|
   6       2000     9.125E+01   7.90E+01   86.60   38.73     0.0 2081.75   3
|=============================================================================|
error_threshold =  1.0000000E-08
n_events = 1
?rebuild_events = true
?debug_decay = false
?debug_process = false
?debug_verbose = false
?sample_pacify = true
?allow_shower = true
?ps_fsr_active = true
$shower_method = "PYTHIA6"
$sample = "pythia6_4a"
| Starting simulation for process 'pythia6_4_p1'
| Simulate: using integration grids from file 'pythia6_4_p1_m1.vg'
| Simulate: activating parton shower
| Shower: Using PYTHIA6 shower
| RNG: Initializing TAO random-number generator
| RNG: Setting seed for random-number generator to 2
| Simulation: requested number of events = 1
|             corr. to luminosity [fb-1] =   1.0959E-02
| Events: writing to ASCII file 'pythia6_4a.debug'
| Events: writing to raw file 'pythia6_4a.evx'
| Events: generating 1 unweighted, unpolarized events ...
| Events: event normalization mode '1'
|         ... event sample complete.
| Events: closing ASCII file 'pythia6_4a.debug'
| Events: closing raw file 'pythia6_4a.evx'
$sample = "pythia6_4b"
?hadronization_active = true
| Starting simulation for process 'pythia6_4_p1'
| Simulate: using integration grids from file 'pythia6_4_p1_m1.vg'
| Simulate: activating parton shower
| Shower: Using PYTHIA6 shower
| Simulate: activating hadronization
| Hadronization: Using PYTHIA6 interface for hadronization and decays
| RNG: Initializing TAO random-number generator
| RNG: Setting seed for random-number generator to 3
| Simulation: requested number of events = 1
|             corr. to luminosity [fb-1] =   1.0959E-02
| Events: writing to ASCII file 'pythia6_4b.debug'
| Events: writing to raw file 'pythia6_4b.evx'
| Events: generating 1 unweighted, unpolarized events ...
| Events: event normalization mode '1'
|         ... event sample complete.
| Events: closing ASCII file 'pythia6_4b.debug'
| Events: closing raw file 'pythia6_4b.evx'
| There were no errors and    1 warning(s).
| WHIZARD run finished.
|=============================================================================|
Partial contents of pythia6_4a.debug:
========================================================================
 Event
------------------------------------------------------------------------
   Unweighted         = T
   Normalization      = '1'
   Helicity handling  = drop
   Keep correlations  = F
------------------------------------------------------------------------
   Squared matrix el. =  2.0193180+140
   Event weight       =  1.0000000E+00
------------------------------------------------------------------------
   Selected MCI group = 1
   Selected term      = 1
   Selected channel   = 1
------------------------------------------------------------------------
   Passed selection   = T
   Reweighting factor =  1.0000000E+00
   Analysis flag      = T
========================================================================
 Event transform: trivial (hard process)
------------------------------------------------------------------------
   Associated process: 'pythia6_4_p1'
   TAO random-number generator:
     seed  = 2
     calls = 3
   Number of tries = 1
------------------------------------------------------------------------
 Particle set:
------------------------------------------------------------------------
 Particle 1 [b] f(11)
 E =   2.500000E+02
 P =   0.000000E+00  0.000000E+00  2.497999E+02
 T =   1.000000000E+02
 Children: 3 4
 Particle 2 [b] f(-11)
 E =   2.500000E+02
 P =   0.000000E+00  0.000000E+00 -2.497999E+02
 T =   1.000000000E+02
 Children: 3 4
 Particle 3 [v] f(11)
 E =   2.500000E+02
 P =   0.000000E+00  0.000000E+00  2.497999E+02
 T =   1.000000000E+02
 Parents:  1 2
 Children: 5 7
 Particle 4 [v] f(-11)
 E =   2.500000E+02
 P =   0.000000E+00  0.000000E+00 -2.497999E+02
 T =   1.000000000E+02
 Parents:  1 2
 Children: 6 8
 Particle 5 [i] f(11)
 E =   2.500000E+02
 P =   0.000000E+00  0.000000E+00  2.497999E+02
 T =   1.000000000E+02
 Parents:  3
 Children: 9 10
 Particle 6 [i] f(-11)
 E =   2.500000E+02
 P =   0.000000E+00  0.000000E+00 -2.497999E+02
 T =   1.000000000E+02
 Parents:  4
 Children: 9 10
 Particle 7 [x] f(22*)
 E =   1.547875E-11
 P =   0.000000E+00  0.000000E+00  1.547875E-11
 T =   0.000000000E+00
 Parents:  3
 Particle 8 [x] f(22*)
 E =   1.108332-133
 P =   0.000000E+00  0.000000E+00  0.000000E+00
 T =   0.000000000E+00
 Parents:  4
 Particle 9 [o] f(23)
 E =   2.426903E+02
 P =   1.310017E+02 -1.827348E+02  5.464146E+00
 T =   8.315287819E+03
 Parents:  5 6
 Particle 10 [o] f(25)
 E =   2.573097E+02
 P =  -1.310017E+02  1.827348E+02 -5.464146E+00
 T =   1.562500000E+04
 Parents:  5 6
========================================================================
========================================================================
 Event transform: shower
------------------------------------------------------------------------
   Associated process: 'pythia6_4_p1'
   TAO random-number generator:
     seed  = 3
     calls = 1
   Number of tries = 1
 Particle set:
------------------------------------------------------------------------
  Nr Status  Flavor  Col ACol              Parents             Children         P(0)         P(1)         P(2)         P(3)          P^2
   1    [b]      e-    0    0               [none]                  3-4      250.000        0.000        0.000      249.800      100.000
   2    [b]      e+    0    0               [none]                  3-4      250.000        0.000        0.000     -249.800      100.000
   3    [r]      e-    0    0                  1-2                  5,7      250.000        0.000        0.000      249.800      100.000
   4    [r]      e+    0    0                  1-2                  6,8      250.000        0.000        0.000     -249.800      100.000
   5    [i]      e-    0    0                    3                 9-12      250.000        0.000        0.000      249.800      100.000
   6    [i]      e+    0    0                    4                 9-12      250.000        0.000        0.000     -249.800      100.000
   7    [x]       A    0    0                    3               [none]        0.000        0.000        0.000        0.000        0.000
   8    [x]       A    0    0                    4               [none]        0.000        0.000        0.000        0.000        0.000
   9    [r]       Z    0    0                  5-6                11-14      242.690      131.002     -182.735        5.464     8315.288
  10    [r]       H    0    0                  5-6          15-16,11-12      257.310     -131.002      182.735       -5.464    15625.000
  11    [v]      e-    0    0             5-6,9-10               [none]      250.000        0.000        0.000      250.000        0.000
  12    [v]      e+    0    0             5-6,9-10               [none]      250.000        0.000        0.000     -250.000        0.000
  13    [r]     nue    0    0                    9                   17       19.836      -10.602      -11.556      -12.146        0.000
  14    [r]  nuebar    0    0                    9                   18      222.854      141.604     -171.179       17.610        0.000
  15    [r]    tau-    0    0                   10                   19       25.681      -10.499      -13.549       19.041        3.158
  16    [r]    tau+    0    0                   10                20-21      231.629     -120.503      196.284      -24.505        3.158
  17    [o]     nue    0    0                   13               [none]       19.836      -10.602      -11.556      -12.146        0.000
  18    [o]  nuebar    0    0                   14               [none]      222.854      141.604     -171.179       17.610        0.000
  19    [r]    tau-    0    0                   15                22-24       25.680      -10.499      -13.549       19.040        3.158
  20    [r]    tau+    0    0                   16                25-26      231.570     -120.468      196.236      -24.505        3.158
  21    [o]       A    0    0                   16               [none]        0.059       -0.035        0.048        0.001        0.000
  22    [o] numubar    0    0                   19               [none]        5.626       -2.337       -2.759        4.309        0.000
  23    [o]     mu-    0    0                   19               [none]       10.058       -3.468       -5.788        7.458        0.011
  24    [o]   nutau    0    0                   19               [none]        9.997       -4.693       -5.001        7.273        0.000
  25    [o] nutauba    0    0                   20               [none]      123.010      -63.365      104.681      -12.582        0.000
  26    [o]     pip    0    0                   20               [none]      108.560      -57.102       91.555      -11.923        0.019
------------------------------------------------------------------------
Sum of incoming momenta: p(0:3) =          500.000        0.000        0.000        0.000 
Sum of beam remnant momenta: p(0:3) =        0.000        0.000        0.000        0.000 
Sum of outgoing momenta: p(0:3) =          500.000        0.000        0.000        0.000 
------------------------------------------------------------------------
 Shower settings:
------------------------------------------------------------------------
 Master switches:
   ps_isr_active                =  F
   ps_fsr_active                =  T
 General settings:
   shower_method                =  PYTHIA6
   shower_verbose               =  F
   ps_mass_cutoff               =  1.000000000000E+00
   ps_max_n_flavors             =  5
    [ISR off]
 FSR settings:
   ps_fsr_lambda                =  2.900000000000E-01
   ps_fsr_alpha_s_running       =  T
 Hadronization settings:
   hadronization_active         =  F
 Matching Settings:
   mlm_matching                 =  F
   ckkw_matching                =  F
 PYTHIA6 specific settings:
   ps_PYTHIA_PYGIVE             = ''
========================================================================
 Local variables:
------------------------------------------------------------------------
sqrts* =  5.0000000E+02
sqrts_hat* =>  5.0000000E+02
n_in* => 2
n_out* => 10
n_tot* => 12
$process_id* => "pythia6_4_p1"
process_num_id* => [unknown integer]
sqme* =>  2.0193180+140
sqme_ref* =>  2.0193180+140
event_index* => 1
event_weight* =>  1.0000000E+00
event_weight_ref* =>  1.0000000E+00
event_excess* =>  0.0000000E+00
------------------------------------------------------------------------
 subevent:
 1 prt(b:11|-2.5000000E+02; 0.0000000E+00, 0.0000000E+00,-2.4979992E+02| 1.0000000E+02| 1)
 2 prt(b:-11|-2.5000000E+02; 0.0000000E+00, 0.0000000E+00, 2.4979992E+02| 1.0000000E+02| 2)
 3 prt(i:11|-2.5000000E+02; 0.0000000E+00, 0.0000000E+00,-2.4979992E+02| 1.0000000E+02| 3)
 4 prt(i:-11|-2.5000000E+02; 0.0000000E+00, 0.0000000E+00, 2.4979992E+02| 1.0000000E+02| 4)
 5 prt(o:22| 1.5478752E-11; 0.0000000E+00, 0.0000000E+00, 1.5478752E-11| 0.0000000E+00| 5)
 6 prt(o:22| 0.0000000E+00; 0.0000000E+00, 0.0000000E+00, 0.0000000E+00| 0.0000000E+00| 6)
 7 prt(o:12| 1.9836142E+01;-1.0602262E+01,-1.1555963E+01,-1.2145957E+01| 0.0000000E+00| 7)
 8 prt(o:-12| 2.2285415E+02; 1.4160393E+02,-1.7117880E+02, 1.7610103E+01| 0.0000000E+00| 8)
 9 prt(o:22| 5.9400574E-02;-3.5424566E-02, 4.7677348E-02, 6.3147419E-04| 0.0000000E+00| 9)
 10 prt(o:-14| 5.6256517E+00;-2.3373650E+00,-2.7592858E+00, 4.3094112E+00| 0.0000000E+00| 10)
 11 prt(o:13| 1.0057965E+01;-3.4679340E+00,-5.7880934E+00, 7.4580758E+00| 1.1164036E-02| 11)
 12 prt(o:16| 9.9967531E+00;-4.6932740E+00,-5.0014144E+00, 7.2728334E+00| 0.0000000E+00| 12)
 13 prt(o:-16| 1.2301038E+02;-6.3365432E+01, 1.0468076E+02,-1.2582293E+01| 0.0000000E+00| 13)
 14 prt(o:211| 1.0855956E+02;-5.7102235E+01, 9.1555124E+01,-1.1922805E+01| 1.9479785E-02| 14)
========================================================================
Partial contents of pythia6_4b.debug:
========================================================================
 Event
------------------------------------------------------------------------
   Unweighted         = T
   Normalization      = '1'
   Helicity handling  = drop
   Keep correlations  = F
------------------------------------------------------------------------
   Squared matrix el. =  7.1561765E+63
   Event weight       =  1.0000000E+00
------------------------------------------------------------------------
   Selected MCI group = 1
   Selected term      = 1
   Selected channel   = 1
------------------------------------------------------------------------
   Passed selection   = T
   Reweighting factor =  1.0000000E+00
   Analysis flag      = T
========================================================================
 Event transform: trivial (hard process)
------------------------------------------------------------------------
   Associated process: 'pythia6_4_p1'
   TAO random-number generator:
     seed  = 6
     calls = 3
   Number of tries = 1
------------------------------------------------------------------------
 Particle set:
------------------------------------------------------------------------
 Particle 1 [b] f(11)
 E =   2.500000E+02
 P =   0.000000E+00  0.000000E+00  2.497999E+02
 T =   1.000000000E+02
 Children: 3 4
 Particle 2 [b] f(-11)
 E =   2.500000E+02
 P =   0.000000E+00  0.000000E+00 -2.497999E+02
 T =   1.000000000E+02
 Children: 3 4
 Particle 3 [v] f(11)
 E =   2.492962E+02
 P =   0.000000E+00  0.000000E+00  2.490956E+02
 T =   1.000000000E+02
 Parents:  1 2
 Children: 5 7
 Particle 4 [v] f(-11)
 E =   2.494986E+02
 P =   0.000000E+00  0.000000E+00 -2.492981E+02
 T =   1.000000000E+02
 Parents:  1 2
 Children: 6 8
 Particle 5 [i] f(11)
 E =   2.492962E+02
 P =   0.000000E+00  0.000000E+00  2.490956E+02
 T =   1.000000000E+02
 Parents:  3
 Children: 9 10
 Particle 6 [i] f(-11)
 E =   2.494986E+02
 P =   0.000000E+00  0.000000E+00 -2.492981E+02
 T =   1.000000000E+02
 Parents:  4
 Children: 9 10
 Particle 7 [x] f(22*)
 E =   2.036492E-52
 P =   0.000000E+00  0.000000E+00  0.000000E+00
 T =   0.000000000E+00
 Parents:  3
 Particle 8 [x] f(22*)
 E =   3.730529E-15
 P =   0.000000E+00  0.000000E+00 -3.730529E-15
 T =   0.000000000E+00
 Parents:  4
 Particle 9 [o] f(23)
 E =   2.420112E+02
 P =   9.215910E+01  1.442931E+02  1.447078E+02
 T =   8.315287819E+03
 Parents:  5 6
 Particle 10 [o] f(25)
 E =   2.567836E+02
 P =  -9.215910E+01 -1.442931E+02 -1.449104E+02
 T =   1.562500000E+04
 Parents:  5 6
========================================================================
========================================================================
 Event transform: shower
------------------------------------------------------------------------
   Associated process: 'pythia6_4_p1'
   TAO random-number generator:
     seed  = 7
     calls = 1
   Number of tries = 1
 Particle set:
------------------------------------------------------------------------
  Nr Status  Flavor  Col ACol              Parents             Children         P(0)         P(1)         P(2)         P(3)          P^2
   1    [b]      e-    0    0               [none]                  3-4      250.000        0.000        0.000      249.800      100.000
   2    [b]      e+    0    0               [none]                  3-4      250.000        0.000        0.000     -249.800      100.000
   3    [r]      e-    0    0                  1-2                  5,7      249.296        0.000        0.000      249.096      100.000
   4    [r]      e+    0    0                  1-2                  6,8      249.499        0.000        0.000     -249.298      100.000
   5    [i]      e-    0    0                    3                 9-12      249.296        0.000        0.000      249.096      100.000
   6    [i]      e+    0    0                    4                 9-12      249.499        0.000        0.000     -249.298      100.000
   7    [x]       A    0    0                    3               [none]        0.000        0.000        0.000        0.000        0.000
   8    [x]       A    0    0                    4               [none]        0.000        0.000        0.000       -0.000        0.000
   9    [r]       Z    0    0                  5-6                11-14      242.011       92.159      144.293      144.708     8315.288
  10    [r]       H    0    0                  5-6          15-16,11-12      256.784      -92.159     -144.293     -144.910    15625.000
  11    [v]      e-    0    0             5-6,9-10               [none]      249.296        0.000        0.000      249.296        0.000
  12    [v]      e+    0    0             5-6,9-10               [none]      249.499        0.000        0.000     -249.499        0.000
  13    [r]       d  500    0                    9                25-30      109.556       48.255       30.262       93.585        0.109
  14    [r]    dbar  501  500                    9          20-24,31-35      132.455       43.904      114.031       51.123        0.109
  15    [r]    tau-    0    0                   10             17,36-37      126.798       -2.199      -55.780     -113.834        3.158
  16    [r]    tau+    0    0                   10                18-19      129.986      -89.960      -88.514      -31.076        3.158
  17    [v]    tau-    0    0                   15               [none]      126.798       -2.199      -55.780     -113.834        3.158
  18    [r]    tau+    0    0                   16                38-40      129.915      -89.912      -88.465      -31.059        3.158
  19    [o]       A    0    0                   16               [none]        0.071       -0.049       -0.048       -0.017        0.000
  20    [o]    dbar  502  501                   14               [none]       67.181       24.971       55.659       28.137        0.109
  21    [o]      gl  503  502                   14               [none]        9.302        3.315        8.369        2.347        0.000
  22    [o]      gl  504  503                   14               [none]       31.444       10.595       27.687       10.483        0.000
  23    [o]      gl  505  504                   14               [none]        2.296        0.694        2.141        0.451        0.000
  24    [o]       u    0  505                   14               [none]        7.824        1.710        7.271        2.305        0.109
  25    [o]       d  506    0                   13               [none]       73.974       31.996       20.041       63.613        0.109
  26    [o]      gl  507  506                   13               [none]       19.969        8.961        5.989       16.810        0.000
  27    [o]      gl  508  507                   13               [none]        4.806        1.945        1.638        4.078        0.000
  28    [o]      gl  509  508                   13               [none]        2.069        0.970        0.768        1.658        0.000
  29    [o]      gl  510  509                   13               [none]        1.175        0.819        0.179        0.823        0.000
  30    [o]      gl  511  510                   13               [none]        0.309        0.294        0.042        0.085        0.000
  31    [o]      gl  512  511                   14               [none]        2.690        1.402        0.959        2.085        0.000
  32    [o]      gl  513  512                   14               [none]        1.436        0.408        1.218        0.641        0.000
  33    [o]      gl  514  513                   14               [none]       12.629        3.294        8.017        9.186        0.000
  34    [o]      gl  515  514                   14               [none]        1.173        0.530        0.932        0.477        0.000
  35    [o]    ubar    0  515                   14               [none]        3.735        0.255        3.382        1.529        0.109
  36    [o]   nutau    0    0                   15               [none]       56.986       -0.205      -25.431      -50.996        0.000
  37    [o]     pim    0    0                   15               [none]       69.812       -1.994      -30.348      -62.839        0.019
  38    [o]     nue    0    0                   18               [none]        0.845       -0.661       -0.500       -0.164        0.000
  39    [o]      e+    0    0                   18               [none]       75.060      -51.629      -51.284      -18.396        0.000
  40    [o] nutauba    0    0                   18               [none]       54.010      -37.621      -36.681      -12.499        0.000
------------------------------------------------------------------------
Sum of incoming momenta: p(0:3) =          498.795        0.000        0.000       -0.203 
Sum of beam remnant momenta: p(0:3) =        0.000        0.000        0.000        0.000 
Sum of outgoing momenta: p(0:3) =          498.795        0.000        0.000       -0.203 
------------------------------------------------------------------------
 Shower settings:
------------------------------------------------------------------------
 Master switches:
   ps_isr_active                =  F
   ps_fsr_active                =  T
 General settings:
   shower_method                =  PYTHIA6
   shower_verbose               =  F
   ps_mass_cutoff               =  1.000000000000E+00
   ps_max_n_flavors             =  5
    [ISR off]
 FSR settings:
   ps_fsr_lambda                =  2.900000000000E-01
   ps_fsr_alpha_s_running       =  T
 Hadronization settings:
   hadronization_active         =  T
 Matching Settings:
   mlm_matching                 =  F
   ckkw_matching                =  F
 PYTHIA6 specific settings:
   ps_PYTHIA_PYGIVE             = ''
========================================================================
========================================================================
 Event transform: hadronization
------------------------------------------------------------------------
   Associated process: 'pythia6_4_p1'
   TAO random-number generator:
     seed  = 9
     calls = 1
   Number of tries = 1
 Particle set:
------------------------------------------------------------------------
  Nr Status  Flavor  Col ACol              Parents             Children         P(0)         P(1)         P(2)         P(3)          P^2
   1    [b]      e-    0    0               [none]                  3-4      250.000        0.000        0.000      249.800      100.000
   2    [b]      e+    0    0               [none]                  3-4      250.000        0.000        0.000     -249.800      100.000
   3    [r]      e-    0    0                  1-2                  5,7      249.296        0.000        0.000      249.096      100.000
   4    [r]      e+    0    0                  1-2                  6,8      249.499        0.000        0.000     -249.298      100.000
   5    [i]      e-    0    0                    3                 9-12      249.296        0.000        0.000      249.096      100.000
   6    [i]      e+    0    0                    4                 9-12      249.499        0.000        0.000     -249.298      100.000
   7    [x]       A    0    0                    3               [none]        0.000        0.000        0.000        0.000        0.000
   8    [x]       A    0    0                    4               [none]        0.000        0.000        0.000       -0.000        0.000
   9    [r]       Z    0    0                  5-6                11-14      242.011       92.159      144.293      144.708     8315.288
  10    [r]       H    0    0                  5-6          15-16,11-12      256.784      -92.159     -144.293     -144.910    15625.000
  11    [v]      e-    0    0             5-6,9-10               [none]      249.296        0.000        0.000      249.296        0.000
  12    [v]      e+    0    0             5-6,9-10               [none]      249.499        0.000        0.000     -249.499        0.000
  13    [r]       d  500    0                    9                25-30      109.556       48.255       30.262       93.585        0.109
  14    [r]    dbar  501  500                    9          20-24,31-35      132.455       43.904      114.031       51.123        0.109
  15    [r]    tau-    0    0                   10             17,36-37      126.798       -2.199      -55.780     -113.834        3.158
  16    [r]    tau+    0    0                   10                18-19      129.986      -89.960      -88.514      -31.076        3.158
  17    [v]    tau-    0    0                   15               [none]      126.798       -2.199      -55.780     -113.834        3.158
  18    [r]    tau+    0    0                   16                38-40      129.915      -89.912      -88.465      -31.059        3.158
  19    [o]       A    0    0                   16               [none]        0.071       -0.049       -0.048       -0.017        0.000
  20    [r]    dbar  502  501                   14                   41       67.181       24.971       55.659       28.137        0.109
  21    [r]      gl  503  502                   14                   41        9.302        3.315        8.369        2.347        0.000
  22    [r]      gl  504  503                   14                   41       31.444       10.595       27.687       10.483        0.000
  23    [r]      gl  505  504                   14                   41        2.296        0.694        2.141        0.451        0.000
  24    [r]       u    0  505                   14                   41        7.824        1.710        7.271        2.305        0.109
  25    [r]       d  506    0                   13                   49       73.974       31.996       20.041       63.613        0.109
  26    [r]      gl  507  506                   13                   49       19.969        8.961        5.989       16.810        0.000
  27    [r]      gl  508  507                   13                   49        4.806        1.945        1.638        4.078        0.000
  28    [r]      gl  509  508                   13                   49        2.069        0.970        0.768        1.658        0.000
  29    [r]      gl  510  509                   13                   49        1.175        0.819        0.179        0.823        0.000
  30    [r]      gl  511  510                   13                   49        0.309        0.294        0.042        0.085        0.000
  31    [r]      gl  512  511                   14                   49        2.690        1.402        0.959        2.085        0.000
  32    [r]      gl  513  512                   14                   49        1.436        0.408        1.218        0.641        0.000
  33    [r]      gl  514  513                   14                   49       12.629        3.294        8.017        9.186        0.000
  34    [r]      gl  515  514                   14                   49        1.173        0.530        0.932        0.477        0.000
  35    [r]    ubar    0  515                   14                   49        3.735        0.255        3.382        1.529        0.109
  36    [o]   nutau    0    0                   15               [none]       56.986       -0.205      -25.431      -50.996        0.000
  37    [o]     pim    0    0                   15               [none]       69.812       -1.994      -30.348      -62.839        0.019
  38    [o]     nue    0    0                   18               [none]        0.845       -0.661       -0.500       -0.164        0.000
  39    [o]      e+    0    0                   18               [none]       75.060      -51.629      -51.284      -18.396        0.000
  40    [o] nutauba    0    0                   18               [none]       54.010      -37.621      -36.681      -12.499        0.000
  41    [r]     hr3    0    0                20-24                42-48      118.047       41.285      101.128       43.722       92.230
  42    [r] etaprim    0    0                   41                61-63       17.305        5.959       14.490        7.284        0.918
  43    [r]    rho0    0    0                   41                64-65       32.714       12.774       27.249       12.796        0.770
  44    [o]     pip    0    0                   41               [none]        7.151        2.407        5.798        3.421        0.019
  45    [r]    rhom    0    0                   41                66-67       24.695        8.837       21.172        9.110        0.503
  46    [r]    rhop    0    0                   41                68-69       10.640        3.661        9.477        3.091        0.426
  47    [r]    rho0    0    0                   41                70-71       17.393        5.225       15.677        5.376        0.544
  48    [r]    rho0    0    0                   41                72-73        8.150        2.421        7.264        2.644        0.802
  49    [r]     hr3    0    0                25-35                50-60      123.964       50.874       43.165      100.985      717.598
  50    [r]  lambda    0    0                   49                74-75       38.713       16.589       10.769       33.261        1.245
  51    [r] sigmaba    0    0                   49                76-77       42.073       18.550       11.684       35.890        1.422
  52    [r]     eta    0    0                   49                78-80       18.185        7.996        5.053       15.521        0.300
  53    [o]     pim    0    0                   49               [none]        1.111        0.826        0.341        0.645        0.019
  54    [o]     pip    0    0                   49               [none]        1.482        0.317        0.701        1.258        0.019
  55    [r]    rhom    0    0                   49                81-82        3.306        1.551        1.758        2.220        0.508
  56    [r] etaprim    0    0                   49                83-85        3.209        0.969        1.906        2.193        0.917
  57    [r]     pi0    0    0                   49                86-87        3.615        1.341        1.971        2.713        0.018
  58    [r]   omega    0    0                   49                88-90        3.524        0.767        2.670        2.023        0.609
  59    [o]       p    0    0                   49               [none]        2.968        0.828        1.730        2.062        0.880
  60    [o]    pbar    0    0                   49               [none]        5.779        1.140        4.580        3.199        0.880
  61    [o]     pip    0    0                   42               [none]        4.352        1.610        3.607        1.822        0.019
  62    [o]     pim    0    0                   42               [none]        5.574        1.870        4.701        2.337        0.019
  63    [r]     eta    0    0                   42                91-93        7.378        2.479        6.183        3.125        0.300
  64    [o]     pip    0    0                   43               [none]       13.156        5.211       11.097        4.771        0.019
  65    [o]     pim    0    0                   43               [none]       19.558        7.563       16.152        8.026        0.019
  66    [o]     pim    0    0                   45               [none]       10.838        4.088        9.125        4.179        0.019
  67    [r]     pi0    0    0                   45                94-95       13.856        4.748       12.047        4.931        0.018
  68    [o]     pip    0    0                   46               [none]        4.334        1.248        3.901        1.411        0.019
  69    [r]     pi0    0    0                   46                96-97        6.306        2.413        5.576        1.680        0.018
  70    [o]     pim    0    0                   47               [none]       14.621        4.585       13.170        4.392        0.019
  71    [o]     pip    0    0                   47               [none]        2.772        0.640        2.507        0.984        0.019
  72    [o]     pim    0    0                   48               [none]        6.754        2.106        5.923        2.465        0.019
  73    [o]     pip    0    0                   48               [none]        1.396        0.315        1.341        0.179        0.019
  74    [o]       p    0    0                   50               [none]       30.098       12.842        8.404       25.875        0.880
  75    [o]     pim    0    0                   50               [none]        8.614        3.747        2.365        7.386        0.019
  76    [r] lambdab    0    0                   51                98-99       39.599       17.395       10.989       33.816        1.245
  77    [o]       A    0    0                   51               [none]        2.474        1.155        0.695        2.074        0.000
  78    [o]     pip    0    0                   52               [none]        5.929        2.626        1.735        5.022        0.019
  79    [o]     pim    0    0                   52               [none]        8.908        3.899        2.330        7.662        0.019
  80    [r]     pi0    0    0                   52              100-101        3.348        1.471        0.989        2.837        0.018
  81    [o]     pim    0    0                   55               [none]        1.483        0.749        1.015        0.766        0.019
  82    [r]     pi0    0    0                   55              102-103        1.824        0.801        0.743        1.454        0.018
  83    [o]     pip    0    0                   56               [none]        0.732        0.158        0.499        0.491        0.019
  84    [o]     pim    0    0                   56               [none]        0.848        0.419        0.466        0.554        0.019
  85    [r]     eta    0    0                   56              104-106        1.629        0.392        0.940        1.147        0.300
  86    [o]       A    0    0                   57               [none]        1.694        0.628        0.978        1.232        0.000
  87    [o]       A    0    0                   57               [none]        1.921        0.713        0.993        1.482        0.000
  88    [o]     pim    0    0                   58               [none]        0.375       -0.042        0.287        0.193        0.019
  89    [o]     pip    0    0                   58               [none]        1.131        0.378        0.731        0.764        0.019
  90    [r]     pi0    0    0                   58              107-108        2.018        0.432        1.652        1.066        0.018
  91    [r]     pi0    0    0                   63              109-110        1.830        0.646        1.538        0.739        0.018
  92    [r]     pi0    0    0                   63              111-112        4.340        1.394        3.614        1.952        0.018
  93    [r]     pi0    0    0                   63              113-114        1.209        0.440        1.030        0.435        0.018
  94    [o]       A    0    0                   67               [none]        0.801        0.250        0.697        0.304        0.000
  95    [o]       A    0    0                   67               [none]       13.056        4.499       11.349        4.626        0.000
  96    [o]       A    0    0                   69               [none]        3.417        1.365        2.992        0.930        0.000
  97    [o]       A    0    0                   69               [none]        2.888        1.048        2.584        0.751        0.000
  98    [o]    nbar    0    0                   76               [none]       31.255       13.737        8.595       26.710        0.883
  99    [r]     pi0    0    0                   76              115-116        8.344        3.658        2.394        7.106        0.018
 100    [o]       A    0    0                   80               [none]        1.205        0.521        0.418        1.002        0.000
 101    [o]       A    0    0                   80               [none]        2.143        0.950        0.572        1.834        0.000
 102    [o]       A    0    0                   82               [none]        1.015        0.503        0.420        0.775        0.000
 103    [o]       A    0    0                   82               [none]        0.809        0.298        0.323        0.679        0.000
 104    [r]     pi0    0    0                   85              117-118        0.295        0.035        0.071        0.250        0.018
 105    [r]     pi0    0    0                   85              119-120        0.852        0.277        0.537        0.585        0.018
 106    [r]     pi0    0    0                   85              121-122        0.482        0.080        0.332        0.312        0.018
 107    [o]       A    0    0                   90               [none]        1.809        0.357        1.504        0.940        0.000
 108    [o]       A    0    0                   90               [none]        0.208        0.075        0.148        0.126        0.000
 109    [o]       A    0    0                   91               [none]        0.880        0.356        0.704        0.390        0.000
 110    [o]       A    0    0                   91               [none]        0.950        0.290        0.835        0.349        0.000
 111    [o]       A    0    0                   92               [none]        3.031        1.006        2.491        1.403        0.000
 112    [o]       A    0    0                   92               [none]        1.309        0.388        1.124        0.548        0.000
 113    [o]       A    0    0                   93               [none]        0.220        0.055        0.174        0.123        0.000
 114    [o]       A    0    0                   93               [none]        0.989        0.385        0.856        0.312        0.000
 115    [o]       A    0    0                   99               [none]        4.546        2.008        1.240        3.885        0.000
 116    [o]       A    0    0                   99               [none]        3.798        1.650        1.154        3.221        0.000
 117    [o]       A    0    0                  104               [none]        0.120       -0.005        0.089        0.081        0.000
 118    [o]       A    0    0                  104               [none]        0.175        0.040       -0.018        0.169        0.000
 119    [o]       A    0    0                  105               [none]        0.262        0.112        0.196        0.133        0.000
 120    [o]       A    0    0                  105               [none]        0.590        0.165        0.341        0.452        0.000
 121    [o]       A    0    0                  106               [none]        0.221        0.007        0.114        0.190        0.000
 122    [o]       A    0    0                  106               [none]        0.261        0.073        0.219        0.123        0.000
------------------------------------------------------------------------
Sum of incoming momenta: p(0:3) =          498.795        0.000        0.000       -0.203 
Sum of beam remnant momenta: p(0:3) =        0.000        0.000        0.000        0.000 
Sum of outgoing momenta: p(0:3) =          498.795        0.000        0.000       -0.203 
------------------------------------------------------------------------
 Shower settings:
------------------------------------------------------------------------
 Master switches:
   ps_isr_active                =  F
   ps_fsr_active                =  T
 General settings:
   shower_method                =  PYTHIA6
   shower_verbose               =  F
   ps_mass_cutoff               =  1.000000000000E+00
   ps_max_n_flavors             =  5
    [ISR off]
 FSR settings:
   ps_fsr_lambda                =  2.900000000000E-01
   ps_fsr_alpha_s_running       =  T
 Hadronization settings:
   hadronization_active         =  T
 Matching Settings:
   mlm_matching                 =  F
   ckkw_matching                =  F
 PYTHIA6 specific settings:
   ps_PYTHIA_PYGIVE             = ''
========================================================================
 Local variables:
------------------------------------------------------------------------
sqrts* =  5.0000000E+02
sqrts_hat* =>  4.9879478E+02
n_in* => 2
n_out* => 60
n_tot* => 62
$process_id* => "pythia6_4_p1"
process_num_id* => [unknown integer]
sqme* =>  7.1561765E+63
sqme_ref* =>  7.1561765E+63
event_index* => 1
event_weight* =>  1.0000000E+00
event_weight_ref* =>  1.0000000E+00
event_excess* =>  0.0000000E+00
------------------------------------------------------------------------
 subevent:
 1 prt(b:11|-2.5000000E+02; 0.0000000E+00, 0.0000000E+00,-2.4979992E+02| 1.0000000E+02| 1)
 2 prt(b:-11|-2.5000000E+02; 0.0000000E+00, 0.0000000E+00, 2.4979992E+02| 1.0000000E+02| 2)
 3 prt(i:11|-2.4929623E+02; 0.0000000E+00, 0.0000000E+00,-2.4909558E+02| 1.0000000E+02| 3)
 4 prt(i:-11|-2.4949859E+02; 0.0000000E+00, 0.0000000E+00, 2.4929810E+02| 1.0000000E+02| 4)
 5 prt(o:22| 0.0000000E+00; 0.0000000E+00, 0.0000000E+00, 0.0000000E+00| 0.0000000E+00| 5)
 6 prt(o:22| 0.0000000E+00; 0.0000000E+00, 0.0000000E+00, 0.0000000E+00| 0.0000000E+00| 6)
 7 prt(o:22| 7.0569961E-02;-4.8690882E-02,-4.8106825E-02,-1.7177043E-02| 0.0000000E+00| 7)
 8 prt(o:16| 5.6985513E+01;-2.0466946E-01,-2.5431451E+01,-5.0995569E+01| 0.0000000E+00| 8)
 9 prt(o:-211| 6.9812044E+01;-1.9942181E+00,-3.0348074E+01,-6.2838838E+01| 1.9479785E-02| 9)
 10 prt(o:12| 8.4503749E-01;-6.6137649E-01,-4.9982300E-01,-1.6384891E-01| 0.0000000E+00| 10)
 11 prt(o:-11| 7.5060164E+01;-5.1628712E+01,-5.1284451E+01,-1.8395906E+01| 0.0000000E+00| 11)
 12 prt(o:-16| 5.4010249E+01;-3.7621438E+01,-3.6681182E+01,-1.2499012E+01| 0.0000000E+00| 12)
 13 prt(o:211| 7.1511531E+00; 2.4070451E+00, 5.7983640E+00, 3.4212015E+00| 1.9479785E-02| 13)
 14 prt(o:-211| 1.1110151E+00; 8.2598216E-01, 3.4143749E-01, 6.4501840E-01| 1.9479785E-02| 14)
 15 prt(o:211| 1.4817048E+00; 3.1706938E-01, 7.0148917E-01, 1.2583120E+00| 1.9479785E-02| 15)
 16 prt(o:2212| 2.9681873E+00; 8.2828580E-01, 1.7300092E+00, 2.0617460E+00| 8.8035059E-01| 16)
 17 prt(o:-2212| 5.7785313E+00; 1.1399327E+00, 4.5799943E+00, 3.1992621E+00| 8.8035059E-01| 17)
 18 prt(o:211| 4.3522475E+00; 1.6103311E+00, 3.6068493E+00, 1.8221005E+00| 1.9479785E-02| 18)
 19 prt(o:-211| 5.5744632E+00; 1.8697681E+00, 4.7007471E+00, 2.3371143E+00| 1.9479785E-02| 19)
 20 prt(o:211| 1.3156241E+01; 5.2108687E+00, 1.1097465E+01, 4.7707776E+00| 1.9479785E-02| 20)
 21 prt(o:-211| 1.9557934E+01; 7.5633726E+00, 1.6151762E+01, 8.0255376E+00| 1.9479785E-02| 21)
 22 prt(o:-211| 1.0838065E+01; 4.0884282E+00, 9.1247330E+00, 4.1794954E+00| 1.9479785E-02| 22)
 23 prt(o:211| 4.3342415E+00; 1.2481313E+00, 3.9010352E+00, 1.4107664E+00| 1.9479785E-02| 23)
 24 prt(o:-211| 1.4620845E+01; 4.5852994E+00, 1.3169548E+01, 4.3917737E+00| 1.9479785E-02| 24)
 25 prt(o:211| 2.7719380E+00; 6.3987184E-01, 2.5073514E+00, 9.8382586E-01| 1.9479785E-02| 25)
 26 prt(o:-211| 6.7539459E+00; 2.1064341E+00, 5.9232714E+00, 2.4645683E+00| 1.9479785E-02| 26)
 27 prt(o:211| 1.3959348E+00; 3.1482650E-01, 1.3408996E+00, 1.7896010E-01| 1.9479785E-02| 27)
 28 prt(o:2212| 3.0098459E+01; 1.2841599E+01, 8.4038972E+00, 2.5874790E+01| 8.8035059E-01| 28)
 29 prt(o:-211| 8.6144763E+00; 3.7471372E+00, 2.3653798E+00, 7.3860452E+00| 1.9479785E-02| 29)
 30 prt(o:22| 2.4738202E+00; 1.1551660E+00, 6.9487864E-01, 2.0742521E+00| 0.0000000E+00| 30)
 31 prt(o:211| 5.9287758E+00; 2.6264961E+00, 1.7347443E+00, 5.0222588E+00| 1.9479785E-02| 31)
 32 prt(o:-211| 8.9082323E+00; 3.8985905E+00, 2.3296519E+00, 7.6622997E+00| 1.9479785E-02| 32)
 33 prt(o:-211| 1.4827045E+00; 7.4949714E-01, 1.0150399E+00, 7.6608155E-01| 1.9479785E-02| 33)
 34 prt(o:211| 7.3170225E-01; 1.5831557E-01, 4.9942797E-01, 4.9134131E-01| 1.9479785E-02| 34)
 35 prt(o:-211| 8.4800627E-01; 4.1882971E-01, 4.6585810E-01, 5.5424973E-01| 1.9479785E-02| 35)
 36 prt(o:22| 1.6935647E+00; 6.2771468E-01, 9.7815112E-01, 1.2318101E+00| 0.0000000E+00| 36)
 37 prt(o:22| 1.9209689E+00; 7.1341584E-01, 9.9307591E-01, 1.4815396E+00| 0.0000000E+00| 37)
 38 prt(o:-211| 3.7522003E-01;-4.1933281E-02, 2.8700016E-01, 1.9282842E-01| 1.9479785E-02| 38)
 39 prt(o:211| 1.1314547E+00; 3.7753520E-01, 7.3145718E-01, 7.6364096E-01| 1.9479785E-02| 39)
 40 prt(o:22| 8.0080500E-01; 2.4959731E-01, 6.9741318E-01, 3.0431019E-01| 0.0000000E+00| 40)
 41 prt(o:22| 1.3055652E+01; 4.4987497E+00, 1.1349358E+01, 4.6263779E+00| 0.0000000E+00| 41)
 42 prt(o:22| 3.4172694E+00; 1.3648302E+00, 2.9917332E+00, 9.2978538E-01| 0.0000000E+00| 42)
 43 prt(o:22| 2.8882747E+00; 1.0484841E+00, 2.5844504E+00, 7.5061844E-01| 0.0000000E+00| 43)
 44 prt(o:-2112| 3.1254778E+01; 1.3736763E+01, 8.5949974E+00, 2.6709655E+01| 8.8279178E-01| 44)
 45 prt(o:22| 1.2045184E+00; 5.2127231E-01, 4.1750085E-01, 1.0024135E+00| 0.0000000E+00| 45)
 46 prt(o:22| 2.1433261E+00; 9.4987516E-01, 5.7157025E-01, 1.8343641E+00| 0.0000000E+00| 46)
 47 prt(o:22| 1.0148328E+00; 5.0301211E-01, 4.2047887E-01, 7.7463661E-01| 0.0000000E+00| 47)
 48 prt(o:22| 8.0875571E-01; 2.9804729E-01, 3.2288580E-01, 6.7896861E-01| 0.0000000E+00| 48)
 49 prt(o:22| 1.8093232E+00; 3.5698483E-01, 1.5040661E+00, 9.4021139E-01| 0.0000000E+00| 49)
 50 prt(o:22| 2.0823240E-01; 7.4728142E-02, 1.4779564E-01, 1.2622554E-01| 0.0000000E+00| 50)
 51 prt(o:22| 8.7977517E-01; 3.5582957E-01, 7.0383708E-01, 3.8987567E-01| 0.0000000E+00| 51)
 52 prt(o:22| 9.4983262E-01; 2.8977255E-01, 8.3455065E-01, 3.4891129E-01| 0.0000000E+00| 52)
 53 prt(o:22| 3.0306592E+00; 1.0061930E+00, 2.4906172E+00, 1.4033164E+00| 0.0000000E+00| 53)
 54 prt(o:22| 1.3090832E+00; 3.8757713E-01, 1.1237952E+00, 5.4823991E-01| 0.0000000E+00| 54)
 55 prt(o:22| 2.2006232E-01; 5.5034883E-02, 1.7410963E-01, 1.2281865E-01| 0.0000000E+00| 55)
 56 prt(o:22| 9.8894231E-01; 3.8488708E-01, 8.5586967E-01, 3.1201912E-01| 0.0000000E+00| 56)
 57 prt(o:22| 4.5459500E+00; 2.0081361E+00, 1.2404197E+00, 3.8851524E+00| 0.0000000E+00| 57)
 58 prt(o:22| 3.7982562E+00; 1.6496512E+00, 1.1538315E+00, 3.2208810E+00| 0.0000000E+00| 58)
 59 prt(o:22| 1.2044793E-01;-4.9593916E-03, 8.8838024E-02, 8.1184445E-02| 0.0000000E+00| 59)
 60 prt(o:22| 1.7470539E-01; 4.0024662E-02,-1.7978356E-02, 1.6910582E-01| 0.0000000E+00| 60)
 61 prt(o:22| 2.6200081E-01; 1.1156745E-01, 1.9633325E-01, 1.3285474E-01| 0.0000000E+00| 61)
 62 prt(o:22| 5.8955915E-01; 1.6514587E-01, 3.4070016E-01, 4.5191839E-01| 0.0000000E+00| 62)
 63 prt(o:22| 2.2129085E-01; 6.9627987E-03, 1.1381915E-01, 1.8964799E-01| 0.0000000E+00| 63)
 64 prt(o:22| 2.6107356E-01; 7.2927388E-02, 2.1857710E-01, 1.2273977E-01| 0.0000000E+00| 64)
========================================================================
