?openmp_logging = false
?vis_history = false
?integration_timer = false
openmp_num_threads = 1
?pacify = true
seed = 0
SM.wtop =>  0.00000E+00
SM.mtop =>  1.75000E+02
?use_vamp_equivalences = false
$loop_me_method = "dummy"
?alpha_s_is_fixed = false
?alpha_s_from_mz = true
alpha_power = 2
alphas_power = 0
?combined_nlo_integration = true
?powheg_matching = true
powheg_grid_size_xi = 5
powheg_grid_size_y = 5
powheg_grid_sampling_points = 1000
powheg_pt_min =  1.00000E+00
?powheg_use_singular_jacobian = false
| Process library 'powheg_1_lib': recorded process 'powheg_1_p1'
sqrts =  5.00000E+02
| Integrate: current process library needs compilation
| Process library 'powheg_1_lib': compiling ...
| Process library 'powheg_1_lib': writing makefile
| Process library 'powheg_1_lib': removing old files
| Process library 'powheg_1_lib': writing driver
| Process library 'powheg_1_lib': creating source code
| Process library 'powheg_1_lib': compiling sources
| Process library 'powheg_1_lib': linking
| Process library 'powheg_1_lib': loading
| Process library 'powheg_1_lib': ... success.
| Integrate: compilation done
| QCD alpha: using a running strong coupling
| RNG: Initializing TAO random-number generator
| RNG: Setting seed for random-number generator to 0
| Initializing integration for process powheg_1_p1:
| ------------------------------------------------------------------------
| Process [scattering]: 'powheg_1_p1'
|   Library name  = 'powheg_1_lib'
|   Process index = 1
|   Process components:
|     1: 'powheg_1_p1_i1':   e+, e- => t, tbar [omega]
|     2: 'powheg_1_p1_i2':   e+, e- => t, tbar, gl [omega], [Real]
|     3: 'powheg_1_p1_i3':   e+, e- => t, tbar [dummy], [Virtual]
|     4: 'powheg_1_p1_i4':   e+, e- => t, tbar [inactive], [Subtraction]
| ------------------------------------------------------------------------
| Beam structure: [any particles]
| Beam data (collision):
|   e+  (mass = 5.1099700E-04 GeV)
|   e-  (mass = 5.1099700E-04 GeV)
|   sqrts = 5.000000000000E+02 GeV
| Phase space: generating configuration ...
| Phase space: ... success.
| Phase space: writing configuration file 'powheg_1_p1_i1.phs'
| Phase space: 1 channels, 2 dimensions
| Phase space: found 1 channel, collected in 1 grove.
| Phase space: no equivalences between channels used.
| Phase space: wood
| Phase space: 1 channels, 5 dimensions
| Phase space: found 1 channel, collected in 1 grove.
| Phase space: no equivalences between channels used.
| Phase space: wood
| Phase space: generating configuration ...
| Phase space: ... success.
| Phase space: writing configuration file 'powheg_1_p1_i3.phs'
| Phase space: 1 channels, 2 dimensions
| Phase space: found 1 channel, collected in 1 grove.
| Phase space: no equivalences between channels used.
| Phase space: wood
Warning: No cuts have been defined.
| Using user-defined general scale.
| Starting integration for process 'powheg_1_p1'
| Integrate: iterations = 1:3000:"gw"
| Integrator: 1 chains, 1 channels, 5 dimensions
| Integrator: 3000 initial calls, 20 bins, stratified = T
| Integrator: VAMP
|=============================================================================|
| It      Calls  Integral[fb]  Error[fb]   Err[%]    Acc  Eff[%]   Chi2 N[It] |
|=============================================================================|
   1       3000     4.783E+02   3.97E+00    0.83    0.46    43.1
|-----------------------------------------------------------------------------|
   1       3000     4.783E+02   3.97E+00    0.83    0.46    43.1
|=============================================================================|
n_events = 1
?debug_decay = false
?debug_process = false
?debug_verbose = false
?sample_pacify = true
?write_raw = false
| Starting simulation for process 'powheg_1_p1'
| Simulate: using integration grids from file 'powheg_1_p1_m1.vg'
| Simulate: activating parton shower
| Shower: Using WHIZARD internal shower
| Simulate: applying POWHEG matching
| QCD alpha: using a running strong coupling
| RNG: Initializing TAO random-number generator
| RNG: Setting seed for random-number generator to 1
| Simulation: requested number of events = 1
|             corr. to luminosity [fb-1] =   2.0907E-03
| Events: writing to ASCII file 'powheg_1_p1.debug'
| Events: generating 1 unweighted, unpolarized events ...
| Events: event normalization mode '1'
| POWHEG: Generating grid for process 'powheg_1_p1'
| Number of xi-points:          5
| Number of y-points:          5
| Using       1000 sampling points
| Average:      40.00 points per cell
| Progress:
|  10.0%
|  20.0%
|  30.0%
|  40.0%
|  50.0%
|  60.0%
|  70.0%
|  80.0%
|  90.0%
| 100.0%
| Grid: Mean value of the grid:  2.254554439E-02
| Grid: Max value of the grid:  5.383484606E-02
| Grid: Mean/Max value of the grid:  4.187909140E-01
|         ... event sample complete.
| Events: actual unweighting efficiency =   0.10 %
| Events: closing ASCII file 'powheg_1_p1.debug'
n_events = 2
| Starting simulation for process 'powheg_1_p1'
| Simulate: using integration grids from file 'powheg_1_p1_m1.vg'
| Simulate: activating parton shower
| Shower: Using WHIZARD internal shower
| Simulate: applying POWHEG matching
| QCD alpha: using a running strong coupling
| RNG: Initializing TAO random-number generator
| RNG: Setting seed for random-number generator to 2
| Simulation: requested number of events = 2
|             corr. to luminosity [fb-1] =   4.1813E-03
| Events: writing to ASCII file 'powheg_1_p1.debug'
| Events: generating 2 unweighted, unpolarized events ...
| Events: event normalization mode '1'
| POWHEG: using grids from file 'powheg_1_p1_1000_powheg_grids.dat'
| Grid: Mean value of the grid:  2.254554439E-02
| Grid: Max value of the grid:  5.383484606E-02
| Grid: Mean/Max value of the grid:  4.187909141E-01
|         ... event sample complete.
| Events: actual unweighting efficiency =  28.57 %
| Events: closing ASCII file 'powheg_1_p1.debug'
?powheg_use_damping = true
powheg_damping_scale =  5.00000E+00
| Process library 'powheg_1_lib': unloading
| Process library 'powheg_1_lib': open
| Process library 'powheg_1_lib': recorded process 'powheg_1_p2'
| Integrate: current process library needs compilation
| Process library 'powheg_1_lib': compiling ...
| Process library 'powheg_1_lib': writing makefile
| Process library 'powheg_1_lib': removing old files
| Process library 'powheg_1_lib': writing driver
| Process library 'powheg_1_lib': creating source code
| Process library 'powheg_1_lib': compiling sources
| Process library 'powheg_1_lib': linking
| Process library 'powheg_1_lib': loading
| Process library 'powheg_1_lib': ... success.
| Integrate: compilation done
| QCD alpha: using a running strong coupling
| RNG: Initializing TAO random-number generator
| RNG: Setting seed for random-number generator to 3
| Initializing integration for process powheg_1_p2:
| ------------------------------------------------------------------------
| Process [scattering]: 'powheg_1_p2'
|   Library name  = 'powheg_1_lib'
|   Process index = 2
|   Process components:
|     1: 'powheg_1_p2_i1':   e+, e- => t, tbar [omega]
|     2: 'powheg_1_p2_i2':   e+, e- => t, tbar, gl [omega], [Real]
|     3: 'powheg_1_p2_i3':   e+, e- => t, tbar [dummy], [Virtual]
|     4: 'powheg_1_p2_i4':   e+, e- => t, tbar [inactive], [Subtraction]
|     5: 'powheg_1_p2_i5':   e+, e- => t, tbar, gl [omega], [Real]
| ------------------------------------------------------------------------
| Beam structure: [any particles]
| Beam data (collision):
|   e+  (mass = 5.1099700E-04 GeV)
|   e-  (mass = 5.1099700E-04 GeV)
|   sqrts = 5.000000000000E+02 GeV
| Phase space: generating configuration ...
| Phase space: ... success.
| Phase space: writing configuration file 'powheg_1_p2_i1.phs'
| Phase space: 1 channels, 2 dimensions
| Phase space: found 1 channel, collected in 1 grove.
| Phase space: no equivalences between channels used.
| Phase space: wood
| Phase space: 1 channels, 5 dimensions
| Phase space: found 1 channel, collected in 1 grove.
| Phase space: no equivalences between channels used.
| Phase space: wood
| Phase space: generating configuration ...
| Phase space: ... success.
| Phase space: writing configuration file 'powheg_1_p2_i3.phs'
| Phase space: 1 channels, 2 dimensions
| Phase space: found 1 channel, collected in 1 grove.
| Phase space: no equivalences between channels used.
| Phase space: wood
| Phase space: generating configuration ...
| Phase space: ... success.
| Phase space: writing configuration file 'powheg_1_p2_i5.phs'
| Phase space: 2 channels, 5 dimensions
| Phase space: found 2 channels, collected in 1 grove.
| Phase space: no equivalences between channels used.
| Phase space: wood
Warning: No cuts have been defined.
| Using user-defined general scale.
| Starting integration for process 'powheg_1_p2' part 'Combined'
| Integrate: iterations = 1:3000:"gw"
| Integrator: 1 chains, 1 channels, 5 dimensions
| Integrator: 3000 initial calls, 20 bins, stratified = T
| Integrator: VAMP
|=============================================================================|
| It      Calls  Integral[fb]  Error[fb]   Err[%]    Acc  Eff[%]   Chi2 N[It] |
|=============================================================================|
   1       3000     3.474E+02   5.87E+00    1.69    0.92    12.9
|-----------------------------------------------------------------------------|
   1       3000     3.474E+02   5.87E+00    1.69    0.92    12.9
|=============================================================================|
| Starting integration for process 'powheg_1_p2' part 'Real'
| Integrate: iterations = 1:3000:"gw"
| Integrator: 1 chains, 2 channels, 5 dimensions
| Integrator: 3000 initial calls, 20 bins, stratified = T
| Integrator: VAMP
|=============================================================================|
| It      Calls  Integral[fb]  Error[fb]   Err[%]    Acc  Eff[%]   Chi2 N[It] |
|=============================================================================|
   1       3000     1.376E+02   3.18E+00    2.31    1.26    10.7
|-----------------------------------------------------------------------------|
   1       3000     1.376E+02   3.18E+00    2.31    1.26    10.7
|=============================================================================|
| Integrate: sum of all components
|=============================================================================|
| It      Calls  Integral[fb]  Error[fb]   Err[%]    Acc  Eff[%]   Chi2 N[It] |
|=============================================================================|
   1          0  4.8498570E+02  6.67E+00    1.38    0.00*  12.22
|=============================================================================|
tolerance =  2.32913E+01
| expect: success
| Starting simulation for process 'powheg_1_p2'
| Simulate: using integration grids from file 'powheg_1_p2_m1.vg'
| Simulate: using integration grids from file 'powheg_1_p2_m2.vg'
| Simulate: activating parton shower
| Shower: Using WHIZARD internal shower
| Simulate: applying POWHEG matching
| QCD alpha: using a running strong coupling
| RNG: Initializing TAO random-number generator
| RNG: Setting seed for random-number generator to 4
| Simulation: requested number of events = 2
|             corr. to luminosity [fb-1] =   4.1238E-03
| Events: writing to ASCII file 'powheg_1_p2.debug'
| Events: generating 2 unweighted, unpolarized events ...
| Events: event normalization mode '1'
| POWHEG: Generating grid for process 'powheg_1_p2'
| Number of xi-points:          5
| Number of y-points:          5
| Using       1000 sampling points
| Average:      40.00 points per cell
| Progress:
|  10.0%
|  20.0%
|  30.0%
|  40.0%
|  50.0%
|  60.0%
|  70.0%
|  80.0%
|  90.0%
| 100.0%
| Grid: Mean value of the grid:  2.205342833E-02
| Grid: Max value of the grid:  5.408563253E-02
| Grid: Mean/Max value of the grid:  4.077502157E-01
|         ... event sample complete.
| Events: actual unweighting efficiency =   0.19 %
| Events: closing ASCII file 'powheg_1_p2.debug'
| Summary of value checks:
|   Failures: 0 / Total: 1
| There were no errors and    2 warning(s).
| WHIZARD run finished.
|=============================================================================|
Contents of powheg_1_p1.debug:
========================================================================
 Event
------------------------------------------------------------------------
   Unweighted         = T
   Normalization      = '1'
   Helicity handling  = drop
   Keep correlations  = F
------------------------------------------------------------------------
   Squared matrix el. (ref) =  2.20507E-02
   Squared matrix el. (prc) =  2.20507E-02
   Event weight (ref)       =  1.00000E+00
   Event weight (prc)       =  1.00000E+00
------------------------------------------------------------------------
   Selected MCI group = 1
   Selected term      = 1
   Selected channel   = 1
------------------------------------------------------------------------
   Passed selection   = T
   Reweighting factor =  1.00000E+00
   Analysis flag      = T
========================================================================
 Event transform: trivial (hard process)
------------------------------------------------------------------------
   Associated process: 'powheg_1_p1'
   TAO random-number generator:
     seed  = 7
     calls = 3
   Number of tries = 1
------------------------------------------------------------------------
 Particle set:
------------------------------------------------------------------------
 Particle 1 [i] f(-11)
 E =   2.500000E+02
 P =   0.000000E+00  0.000000E+00  2.500000E+02
 T =   2.611179340E-07
 Children: 3 4
 Particle 2 [i] f(11)
 E =   2.500000E+02
 P =   0.000000E+00  0.000000E+00 -2.500000E+02
 T =   2.611179340E-07
 Children: 3 4
 Particle 3 [o] f(6)c(1 )
 E =   2.500000E+02
 P =  -1.311493E+02 -1.155532E+02 -3.636366E+01
 T =   3.062500000E+04
 Parents:  1 2
 Particle 4 [o] f(-6)c(-1 )
 E =   2.500000E+02
 P =   1.311493E+02  1.155532E+02  3.636366E+01
 T =   3.062500000E+04
 Parents:  1 2
========================================================================
========================================================================
 Event transform: shower
------------------------------------------------------------------------
   Associated process: 'powheg_1_p1'
   TAO random-number generator:
     seed  = 8
     calls = 1
   Number of tries = 1
 Particle set:
------------------------------------------------------------------------
  Nr Status  Flavor  Col ACol              Parents             Children         P(0)         P(1)         P(2)         P(3)          P^2
   1    [i]      e+    0    0               [none]                  3-4      250.000        0.000        0.000      250.000        0.000
   2    [i]      e-    0    0               [none]                  3-4      250.000        0.000        0.000     -250.000        0.000
   3    [v]       t    1    0                  1-2                  5-7      250.000     -131.149     -115.553      -36.364    30625.000
   4    [v]    tbar    0    1                  1-2                  5-7      250.000      131.149      115.553       36.364    30625.000
   5    [o]       t    2    0                  3-4               [none]      162.792     -105.952     -104.804       65.509    30625.000
   6    [o]    tbar    0    1                  3-4               [none]      238.034      118.528      104.432       32.864    30625.000
   7    [o]      gl    1    2                  3-4               [none]       99.174      -12.575        0.372      -98.373        0.000
------------------------------------------------------------------------
Sum of incoming momenta: p(0:3) =          500.000        0.000        0.000        0.000 
Sum of beam remnant momenta: p(0:3) =        0.000        0.000        0.000        0.000 
Sum of outgoing momenta: p(0:3) =          500.000        0.000        0.000        0.000 
------------------------------------------------------------------------
 Shower settings:
------------------------------------------------------------------------
 Master switches:
   ps_isr_active                =  F
   ps_fsr_active                =  F
   ps_tau_dec                   =  F
   muli_active                  =  F
   hadronization_active         =  F
 General settings:
    [ISR and FSR off]
 Matching Settings:
   mlm_matching                 =  F
   ckkw_matching                =  F
 PYTHIA6 specific settings:
   ps_PYTHIA_PYGIVE             = ''
========================================================================
 Local variables:
------------------------------------------------------------------------
sqrts* =  5.00000E+02
sqrts_hat* =>  5.00000E+02
n_in* => 2
n_out* => 3
n_tot* => 5
$process_id* => "powheg_1_p1"
process_num_id* => [unknown integer]
sqme* =>  2.20507E-02
sqme_ref* =>  2.20507E-02
event_index* => 1
event_weight* =>  1.00000E+00
event_weight_ref* =>  1.00000E+00
event_excess* =>  0.00000E+00
------------------------------------------------------------------------
 subevent:
 1 prt(i:-11|-2.5000000E+02; 0.0000000E+00, 0.0000000E+00,-2.5000000E+02| 2.6111793E-07| 1)
 2 prt(i:11|-2.5000000E+02; 0.0000000E+00, 0.0000000E+00, 2.5000000E+02| 2.6111793E-07| 2)
 3 prt(o:6| 1.6279204E+02;-1.0595215E+02,-1.0480427E+02, 6.5509185E+01| 3.0625000E+04| 3)
 4 prt(o:-6| 2.3803352E+02; 1.1852759E+02, 1.0443237E+02, 3.2864034E+01| 3.0625000E+04| 4)
 5 prt(o:21| 9.9174443E+01;-1.2575440E+01, 3.7189690E-01,-9.8373219E+01| 0.0000000E+00| 5)
========================================================================
========================================================================
 Event
------------------------------------------------------------------------
   Unweighted         = T
   Normalization      = '1'
   Helicity handling  = drop
   Keep correlations  = F
------------------------------------------------------------------------
   Squared matrix el. (ref) =  3.80939E-02
   Squared matrix el. (prc) =  3.80939E-02
   Event weight (ref)       =  1.00000E+00
   Event weight (prc)       =  1.00000E+00
------------------------------------------------------------------------
   Selected MCI group = 1
   Selected term      = 1
   Selected channel   = 1
------------------------------------------------------------------------
   Passed selection   = T
   Reweighting factor =  1.00000E+00
   Analysis flag      = T
========================================================================
 Event transform: trivial (hard process)
------------------------------------------------------------------------
   Associated process: 'powheg_1_p1'
   TAO random-number generator:
     seed  = 7
     calls = 6
   Number of tries = 1
------------------------------------------------------------------------
 Particle set:
------------------------------------------------------------------------
 Particle 1 [i] f(-11)
 E =   2.500000E+02
 P =   0.000000E+00  0.000000E+00  2.500000E+02
 T =   2.611179340E-07
 Children: 3 4
 Particle 2 [i] f(11)
 E =   2.500000E+02
 P =   0.000000E+00  0.000000E+00 -2.500000E+02
 T =   2.611179340E-07
 Children: 3 4
 Particle 3 [o] f(6)c(1 )
 E =   2.500000E+02
 P =   1.892834E+01 -6.072479E+00 -1.774256E+02
 T =   3.062500000E+04
 Parents:  1 2
 Particle 4 [o] f(-6)c(-1 )
 E =   2.500000E+02
 P =  -1.892834E+01  6.072479E+00  1.774256E+02
 T =   3.062500000E+04
 Parents:  1 2
========================================================================
========================================================================
 Event transform: shower
------------------------------------------------------------------------
   Associated process: 'powheg_1_p1'
   TAO random-number generator:
     seed  = 8
     calls = 2
   Number of tries = 1
 Particle set:
------------------------------------------------------------------------
  Nr Status  Flavor  Col ACol              Parents             Children         P(0)         P(1)         P(2)         P(3)          P^2
   1    [i]      e+    0    0               [none]                  3-4      250.000        0.000        0.000      250.000        0.000
   2    [i]      e-    0    0               [none]                  3-4      250.000        0.000        0.000     -250.000        0.000
   3    [v]       t    1    0                  1-2                  5-7      250.000       18.928       -6.072     -177.426    30625.000
   4    [v]    tbar    0    1                  1-2                  5-7      250.000      -18.928        6.072      177.426    30625.000
   5    [o]       t    1    0                  3-4               [none]      277.166       22.787       -7.310     -213.596    30625.000
   6    [o]    tbar    0    2                  3-4               [none]      217.339      -25.668       11.582      215.507    30625.000
   7    [o]      gl    2    1                  3-4               [none]        5.495        2.881       -4.272       -1.911        0.000
------------------------------------------------------------------------
Sum of incoming momenta: p(0:3) =          500.000        0.000        0.000        0.000 
Sum of beam remnant momenta: p(0:3) =        0.000        0.000        0.000        0.000 
Sum of outgoing momenta: p(0:3) =          500.000        0.000        0.000        0.000 
------------------------------------------------------------------------
 Shower settings:
------------------------------------------------------------------------
 Master switches:
   ps_isr_active                =  F
   ps_fsr_active                =  F
   ps_tau_dec                   =  F
   muli_active                  =  F
   hadronization_active         =  F
 General settings:
    [ISR and FSR off]
 Matching Settings:
   mlm_matching                 =  F
   ckkw_matching                =  F
 PYTHIA6 specific settings:
   ps_PYTHIA_PYGIVE             = ''
========================================================================
 Local variables:
------------------------------------------------------------------------
sqrts* =  5.00000E+02
sqrts_hat* =>  5.00000E+02
n_in* => 2
n_out* => 3
n_tot* => 5
$process_id* => "powheg_1_p1"
process_num_id* => [unknown integer]
sqme* =>  3.80939E-02
sqme_ref* =>  3.80939E-02
event_index* => 2
event_weight* =>  1.00000E+00
event_weight_ref* =>  1.00000E+00
event_excess* =>  0.00000E+00
------------------------------------------------------------------------
 subevent:
 1 prt(i:-11|-2.5000000E+02; 0.0000000E+00, 0.0000000E+00,-2.5000000E+02| 2.6111793E-07| 1)
 2 prt(i:11|-2.5000000E+02; 0.0000000E+00, 0.0000000E+00, 2.5000000E+02| 2.6111793E-07| 2)
 3 prt(o:6| 2.7716574E+02; 2.2787087E+01,-7.3104211E+00,-2.1359577E+02| 3.0625000E+04| 3)
 4 prt(o:-6| 2.1733885E+02;-2.5668086E+01, 1.1582125E+01, 2.1550679E+02| 3.0625000E+04| 4)
 5 prt(o:21| 5.4954193E+00; 2.8809993E+00,-4.2717039E+00,-1.9110266E+00| 0.0000000E+00| 5)
========================================================================
Contents of powheg_1_p2.debug:
========================================================================
 Event
------------------------------------------------------------------------
   Unweighted         = T
   Normalization      = '1'
   Helicity handling  = drop
   Keep correlations  = F
------------------------------------------------------------------------
   Squared matrix el. (ref) =  1.75887E-04
   Squared matrix el. (prc) =  1.75887E-04
   Event weight (ref)       =  1.00000E+00
   Event weight (prc)       =  1.00000E+00
------------------------------------------------------------------------
   Selected MCI group = 2
   Selected term      = 6
   Selected channel   = 1
------------------------------------------------------------------------
   Passed selection   = T
   Reweighting factor =  1.00000E+00
   Analysis flag      = T
========================================================================
 Event transform: trivial (hard process)
------------------------------------------------------------------------
   Associated process: 'powheg_1_p2'
   TAO random-number generator:
     seed  = 196611
     calls = 3
   Number of tries = 1
------------------------------------------------------------------------
 Particle set:
------------------------------------------------------------------------
 Particle 1 [i] f(-11)
 E =   2.500000E+02
 P =   0.000000E+00  0.000000E+00  2.500000E+02
 T =   2.611179340E-07
 Children: 3 4 5
 Particle 2 [i] f(11)
 E =   2.500000E+02
 P =   0.000000E+00  0.000000E+00 -2.500000E+02
 T =   2.611179340E-07
 Children: 3 4 5
 Particle 3 [o] f(6)c(1 )
 E =   2.332566E+02
 P =  -2.701513E+01  5.046874E+01 -1.432017E+02
 T =   3.062500000E+04
 Parents:  1 2
 Particle 4 [o] f(-6)c(-2 )
 E =   2.364935E+02
 P =   2.299527E+01 -2.320798E+01  1.556816E+02
 T =   3.062500000E+04
 Parents:  1 2
 Particle 5 [o] f(21)c(2 -1)
 E =   3.024990E+01
 P =   4.019860E+00 -2.726076E+01 -1.247992E+01
 T =   0.000000000E+00
 Parents:  1 2
========================================================================
========================================================================
 Event transform: shower
------------------------------------------------------------------------
   Associated process: 'powheg_1_p2'
   TAO random-number generator:
     seed  = 196612
     calls = 1
   Number of tries = 1
 Particle set:
------------------------------------------------------------------------
  Nr Status  Flavor  Col ACol              Parents             Children         P(0)         P(1)         P(2)         P(3)          P^2
   1    [i]      e+    0    0               [none]                  3-5      250.000        0.000        0.000      250.000        0.000
   2    [i]      e-    0    0               [none]                  3-5      250.000        0.000        0.000     -250.000        0.000
   3    [o]       t    1    0                  1-2               [none]      233.257      -27.015       50.469     -143.202    30625.000
   4    [o]    tbar    0    2                  1-2               [none]      236.493       22.995      -23.208      155.682    30625.000
   5    [o]      gl    2    1                  1-2               [none]       30.250        4.020      -27.261      -12.480        0.000
------------------------------------------------------------------------
Sum of incoming momenta: p(0:3) =          500.000        0.000        0.000        0.000 
Sum of beam remnant momenta: p(0:3) =        0.000        0.000        0.000        0.000 
Sum of outgoing momenta: p(0:3) =          500.000        0.000        0.000        0.000 
------------------------------------------------------------------------
 Shower settings:
------------------------------------------------------------------------
 Master switches:
   ps_isr_active                =  F
   ps_fsr_active                =  F
   ps_tau_dec                   =  F
   muli_active                  =  F
   hadronization_active         =  F
 General settings:
    [ISR and FSR off]
 Matching Settings:
   mlm_matching                 =  F
   ckkw_matching                =  F
 PYTHIA6 specific settings:
   ps_PYTHIA_PYGIVE             = ''
========================================================================
 Local variables:
------------------------------------------------------------------------
sqrts* =  5.00000E+02
sqrts_hat* =>  5.00000E+02
n_in* => 2
n_out* => 3
n_tot* => 5
$process_id* => "powheg_1_p2"
process_num_id* => [unknown integer]
sqme* =>  1.75887E-04
sqme_ref* =>  1.75887E-04
event_index* => 1
event_weight* =>  1.00000E+00
event_weight_ref* =>  1.00000E+00
event_excess* =>  0.00000E+00
------------------------------------------------------------------------
 subevent:
 1 prt(i:-11|-2.5000000E+02; 0.0000000E+00, 0.0000000E+00,-2.5000000E+02| 2.6111793E-07| 1)
 2 prt(i:11|-2.5000000E+02; 0.0000000E+00, 0.0000000E+00, 2.5000000E+02| 2.6111793E-07| 2)
 3 prt(o:6| 2.3325661E+02;-2.7015128E+01, 5.0468741E+01,-1.4320173E+02| 3.0625000E+04| 3)
 4 prt(o:-6| 2.3649348E+02; 2.2995268E+01,-2.3207979E+01, 1.5568165E+02| 3.0625000E+04| 4)
 5 prt(o:21| 3.0249904E+01; 4.0198603E+00,-2.7260762E+01,-1.2479916E+01| 0.0000000E+00| 5)
========================================================================
========================================================================
 Event
------------------------------------------------------------------------
   Unweighted         = T
   Normalization      = '1'
   Helicity handling  = drop
   Keep correlations  = F
------------------------------------------------------------------------
   Squared matrix el. (ref) =  2.60642E-02
   Squared matrix el. (prc) =  2.60642E-02
   Event weight (ref)       =  1.00000E+00
   Event weight (prc)       =  1.00000E+00
------------------------------------------------------------------------
   Selected MCI group = 1
   Selected term      = 1
   Selected channel   = 1
------------------------------------------------------------------------
   Passed selection   = T
   Reweighting factor =  1.00000E+00
   Analysis flag      = T
========================================================================
 Event transform: trivial (hard process)
------------------------------------------------------------------------
   Associated process: 'powheg_1_p2'
   TAO random-number generator:
     seed  = 196611
     calls = 6
   Number of tries = 1
------------------------------------------------------------------------
 Particle set:
------------------------------------------------------------------------
 Particle 1 [i] f(-11)
 E =   2.500000E+02
 P =   0.000000E+00  0.000000E+00  2.500000E+02
 T =   2.611179340E-07
 Children: 3 4
 Particle 2 [i] f(11)
 E =   2.500000E+02
 P =   0.000000E+00  0.000000E+00 -2.500000E+02
 T =   2.611179340E-07
 Children: 3 4
 Particle 3 [o] f(6)c(1 )
 E =   2.500000E+02
 P =   2.271595E+01  3.561394E+01 -1.734665E+02
 T =   3.062500000E+04
 Parents:  1 2
 Particle 4 [o] f(-6)c(-1 )
 E =   2.500000E+02
 P =  -2.271595E+01 -3.561394E+01  1.734665E+02
 T =   3.062500000E+04
 Parents:  1 2
========================================================================
========================================================================
 Event transform: shower
------------------------------------------------------------------------
   Associated process: 'powheg_1_p2'
   TAO random-number generator:
     seed  = 196612
     calls = 2
   Number of tries = 1
 Particle set:
------------------------------------------------------------------------
  Nr Status  Flavor  Col ACol              Parents             Children         P(0)         P(1)         P(2)         P(3)          P^2
   1    [i]      e+    0    0               [none]                  3-4      250.000        0.000        0.000      250.000        0.000
   2    [i]      e-    0    0               [none]                  3-4      250.000        0.000        0.000     -250.000        0.000
   3    [o]       t    1    0                  1-2               [none]      250.000       22.716       35.614     -173.467    30625.000
   4    [o]    tbar    0    1                  1-2               [none]      250.000      -22.716      -35.614      173.467    30625.000
------------------------------------------------------------------------
Sum of incoming momenta: p(0:3) =          500.000        0.000        0.000        0.000 
Sum of beam remnant momenta: p(0:3) =        0.000        0.000        0.000        0.000 
Sum of outgoing momenta: p(0:3) =          500.000        0.000        0.000        0.000 
------------------------------------------------------------------------
 Shower settings:
------------------------------------------------------------------------
 Master switches:
   ps_isr_active                =  F
   ps_fsr_active                =  F
   ps_tau_dec                   =  F
   muli_active                  =  F
   hadronization_active         =  F
 General settings:
    [ISR and FSR off]
 Matching Settings:
   mlm_matching                 =  F
   ckkw_matching                =  F
 PYTHIA6 specific settings:
   ps_PYTHIA_PYGIVE             = ''
========================================================================
 Local variables:
------------------------------------------------------------------------
sqrts* =  5.00000E+02
sqrts_hat* =>  5.00000E+02
n_in* => 2
n_out* => 2
n_tot* => 4
$process_id* => "powheg_1_p2"
process_num_id* => [unknown integer]
sqme* =>  2.60642E-02
sqme_ref* =>  2.60642E-02
event_index* => 2
event_weight* =>  1.00000E+00
event_weight_ref* =>  1.00000E+00
event_excess* =>  0.00000E+00
------------------------------------------------------------------------
 subevent:
 1 prt(i:-11|-2.5000000E+02; 0.0000000E+00, 0.0000000E+00,-2.5000000E+02| 2.6111793E-07| 1)
 2 prt(i:11|-2.5000000E+02; 0.0000000E+00, 0.0000000E+00, 2.5000000E+02| 2.6111793E-07| 2)
 3 prt(o:6| 2.5000000E+02; 2.2715949E+01, 3.5613941E+01,-1.7346652E+02| 3.0625000E+04| 3)
 4 prt(o:-6| 2.5000000E+02;-2.2715949E+01,-3.5613941E+01, 1.7346652E+02| 3.0625000E+04| 4)
========================================================================
Contents of powheg_1_p1_1000_powheg_grids.dat:
           3
           5            5            2 
 5.356834399E-02  4.086287930E-02  3.630838513E-02  2.899127835E-02  1.931454234E-02  5.341189177E-02  4.426462090E-02  3.743264593E-02  2.925385000E-02  2.338264757E-02  3.611413447E-02  3.104179417E-02  2.518811304E-02  2.115699224E-02  1.415959341E-02  1.646456300E-02  1.455475722E-02  1.088723865E-02  8.040854939E-03  5.456261862E-03  3.959023560E-03  3.080907498E-03  2.968225861E-03  2.037329831E-03  1.218882408E-03  5.383484606E-02  3.943809739E-02  3.423647407E-02  2.477785896E-02  2.371104296E-02  5.364226310E-02  4.459628056E-02  3.916808436E-02  3.013425755E-02  2.254083476E-02  3.655453296E-02  3.173476637E-02  2.713381461E-02  2.094894908E-02  1.352585738E-02  1.624136504E-02  1.340897633E-02  1.056358952E-02  9.940953656E-03  5.634406115E-03  3.895467985E-03  3.403007129E-03  2.433112954E-03  1.667950949E-03  9.906721809E-04 
Contents of powheg_1_p2_1000_powheg_grids.dat:
           3
           5            5            2 
 5.315522318E-02  4.406307387E-02  3.437396880E-02  2.531936192E-02  1.782161413E-02  5.407131701E-02  4.362756453E-02  3.578424683E-02  2.990258862E-02  2.446962952E-02  3.750385162E-02  3.062706373E-02  2.169797333E-02  1.678283132E-02  1.099806979E-02  1.612569831E-02  1.342040479E-02  1.083460700E-02  7.276718316E-03  4.749061426E-03  4.105251115E-03  3.502026947E-03  2.362957207E-03  1.621291568E-03  8.931412173E-04  5.331612047E-02  4.368431116E-02  3.566556231E-02  2.626643889E-02  1.749564415E-02  5.408563253E-02  4.388191907E-02  3.490292379E-02  3.234027458E-02  2.781973873E-02  3.720830561E-02  3.017296307E-02  2.325148717E-02  1.860743352E-02  1.149073022E-02  1.611762482E-02  1.435953224E-02  1.121441171E-02  7.970665988E-03  4.830610414E-03  4.285996057E-03  3.398098379E-03  2.652129179E-03  1.741513780E-03  8.218126396E-04 
