?openmp_logging = false
?vis_history = false
?integration_timer = false
?pacify = true
$method = "omega"
| Process library 'ewa_4_lib': recorded process 'ewa_4_p1'
| Process library 'ewa_4_lib': recorded process 'ewa_4_p2'
seed = 0
| Process library 'ewa_4_lib': compiling ...
| Process library 'ewa_4_lib': writing makefile
| Process library 'ewa_4_lib': removing old files
| Process library 'ewa_4_lib': writing driver
| Process library 'ewa_4_lib': creating source code
| Process library 'ewa_4_lib': compiling sources
| command: make compile -j1 -f ewa_4_lib.makefile
| Return code = 512
******************************************************************************
******************************************************************************
*** FATAL ERROR: System command returned with nonzero status code
******************************************************************************
******************************************************************************
WHIZARD run aborted.
