?openmp_logging = false
?vis_history = false
?integration_timer = false
openmp_num_threads = 1
| Switching to model 'QCD', scheme 'default'
QCD.alphas =>  1.178000000000E-01
$method = "omega"
| Process library 'qcdtest_6_lib': recorded process 'qcdtest_6_p1'
| Switching to model 'QCD', scheme 'massive'
| Process library 'qcdtest_6_lib': recorded process 'qcdtest_6_p2'
| Restoring model 'QCD', scheme 'default'
| Process library 'qcdtest_6_lib': compiling ...
| Process library 'qcdtest_6_lib': writing makefile
| Process library 'qcdtest_6_lib': removing old files
| Process library 'qcdtest_6_lib': writing driver
| Process library 'qcdtest_6_lib': creating source code
| Process library 'qcdtest_6_lib': compiling sources
| Process library 'qcdtest_6_lib': linking
| Process library 'qcdtest_6_lib': loading
| Process library 'qcdtest_6_lib': ... success.
sqrts =  1.000000000000E+03
seed = 0
| Switching to model 'QCD', scheme 'default'
| RNG: Initializing TAO random-number generator
| RNG: Setting seed for random-number generator to 0
| Initializing integration for process qcdtest_6_p1:
| ------------------------------------------------------------------------
| Process [scattering]: 'qcdtest_6_p1'
|   Library name  = 'qcdtest_6_lib'
|   Process index = 1
|   Process components:
|     1: 'qcdtest_6_p1_i1':   gl, gl => t, tbar [omega]
| ------------------------------------------------------------------------
| Beam structure: [any particles]
| Beam data (collision):
|   gl  (mass = 0.0000000E+00 GeV)
|   gl  (mass = 0.0000000E+00 GeV)
|   sqrts = 1.000000000000E+03 GeV
| Phase space: generating configuration ...
| Phase space: ... success.
| Phase space: writing configuration file 'qcdtest_6_p1_i1.phs'
| Phase space: 5 channels, 2 dimensions
| Phase space: found 5 channels, collected in 2 groves.
| Phase space: Using 9 equivalences between channels.
| Phase space: wood
Warning: No cuts have been defined.
| Starting integration for process 'qcdtest_6_p1'
| Integrate: iterations = 1:1000
| Integrator: 2 chains, 5 channels, 2 dimensions
| Integrator: Using VAMP channel equivalences
| Integrator: 1000 initial calls, 20 bins, stratified = T
| Integrator: VAMP
|=============================================================================|
| It      Calls  Integral[fb]  Error[fb]   Err[%]    Acc  Eff[%]   Chi2 N[It] |
|=============================================================================|
   1       1000  2.2444309E+04  1.57E+03    7.00    2.21*   4.30
|-----------------------------------------------------------------------------|
   1       1000  2.2444309E+04  1.57E+03    7.00    2.21    4.30
|=============================================================================|
seed = 0
| Switching to model 'QCD', scheme 'massive'
QCD.mu =>  1.731000000000E+02
| RNG: Initializing TAO random-number generator
| RNG: Setting seed for random-number generator to 0
| Initializing integration for process qcdtest_6_p2:
| ------------------------------------------------------------------------
| Process [scattering]: 'qcdtest_6_p2'
|   Library name  = 'qcdtest_6_lib'
|   Process index = 2
|   Process components:
|     1: 'qcdtest_6_p2_i1':   gl, gl => u, ubar [omega]
| ------------------------------------------------------------------------
| Beam structure: [any particles]
| Beam data (collision):
|   gl  (mass = 0.0000000E+00 GeV)
|   gl  (mass = 0.0000000E+00 GeV)
|   sqrts = 1.000000000000E+03 GeV
| Phase space: generating configuration ...
| Phase space: ... success.
| Phase space: writing configuration file 'qcdtest_6_p2_i1.phs'
| Phase space: 5 channels, 2 dimensions
| Phase space: found 5 channels, collected in 2 groves.
| Phase space: Using 9 equivalences between channels.
| Phase space: wood
Warning: No cuts have been defined.
| Starting integration for process 'qcdtest_6_p2'
| Integrate: iterations = 1:1000
| Integrator: 2 chains, 5 channels, 2 dimensions
| Integrator: Using VAMP channel equivalences
| Integrator: 1000 initial calls, 20 bins, stratified = T
| Integrator: VAMP
|=============================================================================|
| It      Calls  Integral[fb]  Error[fb]   Err[%]    Acc  Eff[%]   Chi2 N[It] |
|=============================================================================|
   1       1000  2.2444309E+04  1.57E+03    7.00    2.21*   4.30
|-----------------------------------------------------------------------------|
   1       1000  2.2444309E+04  1.57E+03    7.00    2.21    4.30
|=============================================================================|
| There were no errors and    2 warning(s).
| WHIZARD run finished.
|=============================================================================|
