?openmp_logging = false
?vis_history = false
?integration_timer = false
?pacify = true
| Process library 'tauola_1_lib': recorded process 'tauola_1_p1'
| Process library 'tauola_1_lib': compiling ...
| Process library 'tauola_1_lib': writing makefile
| Process library 'tauola_1_lib': removing old files
| Process library 'tauola_1_lib': writing driver
| Process library 'tauola_1_lib': creating source code
| Process library 'tauola_1_lib': compiling sources
| Process library 'tauola_1_lib': linking
| Process library 'tauola_1_lib': loading
| Process library 'tauola_1_lib': ... success.
seed = 0
SM.mH =>  2.0000000E+03
SM.wH =>  1.0000000E+01
?ps_fsr_active = true
?hadronization_active = true
$shower_method = "PYTHIA6"
$ps_PYTHIA_PYGIVE = "MSTJ(28)=2"
| Particle tau- declared as polarized
| Particle tau+ declared as polarized
| Particle W+ declared as polarized
| Particle W- declared as polarized
| Particle Z declared as polarized
?polarized_events = true
sqrts =  2.5000000E+02
$beam_events_file = "uniform_spread_2.5%.dat"
| RNG: Initializing TAO random-number generator
| RNG: Setting seed for random-number generator to 0
| Initializing integration for process tauola_1_p1:
| ------------------------------------------------------------------------
| Process [scattering]: 'tauola_1_p1'
|   Library name  = 'tauola_1_lib'
|   Process index = 1
|   Process components:
|     1: 'tauola_1_p1_i1':   e-, e+ => tau-, tau+ [omega]
| ------------------------------------------------------------------------
| Beam structure: e-, e+ => beam_events => isr
|   polarization (beam 1):
|     @(-1: -1: ( 1.000000000000E+00, 0.000000000000E+00))
|   polarization (beam 2):
|     @(+1: +1: ( 1.000000000000E+00, 0.000000000000E+00))
|   polarization degree = 1.0000000, 1.0000000
| Beam data (collision):
|   e-  (mass = 5.1099700E-04 GeV)  polarized
|   e+  (mass = 5.1099700E-04 GeV)  polarized
|   sqrts = 2.500000000000E+02 GeV
| Phase space: generating configuration ...
| Phase space: ... success.
| Phase space: writing configuration file 'tauola_1_p1_i1.phs'
| Phase space: 2 channels, 2 dimensions
| Phase space: found 2 channels, collected in 2 groves.
| Phase space: Using 2 equivalences between channels.
| Phase space: wood
| Beam structure: beam_events => isr, none => none, isr
| Beam structure: 2 channels, 2 dimensions
Warning: No cuts have been defined.
| Beam events: reading from file 'uniform_spread_2.5%.dat'
| Starting integration for process 'tauola_1_p1'
| Integrate: iterations not specified, using default
| Integrate: iterations = 3:1000:"gw", 3:10000:""
| Integrator: 2 chains, 2 channels, 4 dimensions
| Integrator: Using VAMP channel equivalences
| Integrator: 1000 initial calls, 20 bins, stratified = T
| Integrator: VAMP
|=============================================================================|
| It      Calls  Integral[fb]  Error[fb]   Err[%]    Acc  Eff[%]   Chi2 N[It] |
|=============================================================================|
   1       1000     1.465E+04   5.32E+03   36.33   11.49     0.5
   2        999     9.764E+03   7.56E+02    7.75    2.45     3.0
   3        998     9.889E+03   4.16E+02    4.20    1.33     3.6
|-----------------------------------------------------------------------------|
   3       2997     9.882E+03   3.63E+02    3.68    2.01     3.6    0.41   3
|-----------------------------------------------------------------------------|
   4       9999     9.881E+03   1.07E+02    1.08    1.08     2.9
   5       9999     1.006E+04   1.38E+02    1.38    1.38     2.4
   6       9999     1.010E+04   1.44E+02    1.43    1.43     1.4
|-----------------------------------------------------------------------------|
   6      29997     9.986E+03   7.29E+01    0.73    1.26     1.4    0.94   3
|=============================================================================|
| Beam events: closed file 'uniform_spread_2.5%.dat'
?write_raw = false
n_events = 1
$sample = "tauola_1_p1"
| Starting simulation for process 'tauola_1_p1'
| Beam events: reading from file 'uniform_spread_2.5%.dat'
| Simulate: using integration grids from file 'tauola_1_p1_m1.vg'
| Simulate: activating parton shower
| Shower: Using PYTHIA6 shower
| Simulate: activating hadronization
| Hadronization: Using PYTHIA6 interface for hadronization and decays
| RNG: Initializing TAO random-number generator
| RNG: Setting seed for random-number generator to 1
| Simulation: requested number of events = 1
|             corr. to luminosity [fb-1] =   1.0014E-04
| Events: writing to STDHEP file 'tauola_1_p1.ev4.hep'
| Events: generating 1 unweighted, polarized events ...
| Events: event normalization mode '1'
|         ... event sample complete.
| Events: actual unweighting efficiency =   7.69 %
| Events: closing STDHEP file 'tauola_1_p1.ev4.hep'
| Beam events: closed file 'uniform_spread_2.5%.dat'
| There were no errors and    1 warning(s).
| WHIZARD run finished.
|=============================================================================|
Contents of tauola_1_p1.hepevt:
STDHEP EV4 version:
==================================================== 
 WHIZARD StdHep Reader : 
 opened file : tauola_1_p1.ev4.hep
====== File Header ===========
    total blocks: [...]
         version: 2.01
           title: WHIZARD [version]
         comment: No comment
            date: [...]
    closing date: [...]
 expected events: 1
          events: 3
      firstTable: -1
        dimTable: 100
        nNTuples: 0
         nBlocks: 8
     block names:
                :  Standard HEP COMMON block, see STDHEP Product
                :  Standard HEP COMMON block with multiple interaction, see STDHEP Product
                :  Stdhep begin run record, see STDHEP Product
                :  Stdhep end run record, see STDHEP Product
                :  Standard HEP COMMON block with Les Houches, see STDHEP Product
                :  Standard HEP COMMON block with Les Houches and multiple interaction
                :  Les Houches HEPEUP common block
                :  Les Houches HEPRUP common block
=============================
Process ID = 1   Weight = 1     Scale = 206.721     aQED = -1     aQCD = 0.1178
 Event #0
[   id   ]index|      PDG |q(el)|    px,      py,        pz    | energy  |   mass  |sta| vertex x,     y   ,   z     |              spin           | colorflow | [daughters]
[00000000]    0|        11|-1.00| 0.00e+00, 0.00e+00,  1.26e+02| 1.26e+02| 5.11e-04| 2 | 0.00e+00, 0.00e+00, 0.00e+00| 0.00e+00, 0.00e+00, 0.00e+00|  (0, 0)   | [ 2, 2 ]
[00000001]    1|       -11| 1.00| 0.00e+00, 0.00e+00, -1.26e+02| 1.26e+02| 5.11e-04| 2 | 0.00e+00, 0.00e+00, 0.00e+00| 0.00e+00, 0.00e+00, 0.00e+00|  (0, 0)   | [ 3, 3 ]
[00000002]    2|        11|-1.00| 0.00e+00, 0.00e+00,  8.47e+01| 8.47e+01| 5.11e-04| 2 | 0.00e+00, 0.00e+00, 0.00e+00| 0.00e+00, 0.00e+00, 0.00e+00|  (0, 0)   | [ 4, 5 ]
[00000003]    3|       -11| 1.00| 0.00e+00, 0.00e+00, -1.26e+02| 1.26e+02| 5.11e-04| 2 | 0.00e+00, 0.00e+00, 0.00e+00| 0.00e+00, 0.00e+00, 0.00e+00|  (0, 0)   | [ 4, 5 ]
[00000004]    4|        15|-1.00| 5.75e+01, 4.85e+01,  5.16e+01| 9.12e+01| 1.78e+00| 2 | 0.00e+00, 0.00e+00, 0.00e+00| 0.00e+00, 0.00e+00,-1.00e+00|  (0, 0)   | [ 7, 8 ]
[00000005]    5|       -15| 1.00|-5.75e+01,-4.85e+01, -9.30e+01| 1.20e+02| 1.78e+00| 2 | 0.00e+00, 0.00e+00, 0.00e+00| 0.00e+00, 0.00e+00, 1.00e+00|  (0, 0)   | [ 6, 6 ]
[00000006]    6|       -15| 1.00|-5.02e+01,-4.24e+01, -8.12e+01| 1.04e+02| 1.78e+00| 2 | 0.00e+00, 0.00e+00, 0.00e+00| 0.00e+00, 0.00e+00, 1.00e+00|  (0, 0)   | [ 9, 12 ]
[00000007]    7|        15|-1.00|-1.71e+01, 1.68e+01,  2.13e+01| 3.21e+01| 1.78e+00| 2 | 0.00e+00, 0.00e+00, 0.00e+00| 0.00e+00, 0.00e+00, 1.00e+00|  (0, 0)   | [ 13, 15 ]
[00000008]    8|        22| 0.00| 6.73e+01, 2.56e+01,  1.86e+01| 7.43e+01| 0.00e+00| 1 | 0.00e+00, 0.00e+00, 0.00e+00| 0.00e+00, 0.00e+00, 0.00e+00|  (0, 0)   | [ 0, 0 ]
[00000009]    9|       -16| 0.00|-1.81e+01,-1.46e+01, -2.82e+01| 3.65e+01| 1.00e-02| 1 | 0.00e+00, 0.00e+00, 0.00e+00| 0.00e+00, 0.00e+00, 0.00e+00|  (0, 0)   | [ 0, 0 ]
[00000010]   10|       -13| 1.00|-1.03e+01,-8.75e+00, -1.65e+01| 2.13e+01| 1.06e-01| 1 | 0.00e+00, 0.00e+00, 0.00e+00| 0.00e+00, 0.00e+00, 0.00e+00|  (0, 0)   | [ 0, 0 ]
[00000011]   11|        14| 0.00|-1.27e+01,-1.12e+01, -2.18e+01| 2.75e+01|-5.84e-07| 1 | 0.00e+00, 0.00e+00, 0.00e+00| 0.00e+00, 0.00e+00, 0.00e+00|  (0, 0)   | [ 0, 0 ]
[00000012]   12|        22| 0.00|-9.13e+00,-7.82e+00, -1.47e+01| 1.90e+01| 2.38e-07| 1 | 0.00e+00, 0.00e+00, 0.00e+00| 0.00e+00, 0.00e+00, 0.00e+00|  (0, 0)   | [ 0, 0 ]
[00000013]   13|        16| 0.00|-5.02e+00, 3.88e+00,  5.68e+00| 8.51e+00| 1.00e-02| 1 | 0.00e+00, 0.00e+00, 0.00e+00| 0.00e+00, 0.00e+00, 0.00e+00|  (0, 0)   | [ 0, 0 ]
[00000014]   14|        13|-1.00|-2.55e+00, 2.63e+00,  3.41e+00| 5.01e+00| 1.06e-01| 1 | 0.00e+00, 0.00e+00, 0.00e+00| 0.00e+00, 0.00e+00, 0.00e+00|  (0, 0)   | [ 0, 0 ]
[00000015]   15|       -14| 0.00|-9.50e+00, 1.03e+01,  1.22e+01| 1.85e+01| 2.38e-07| 1 | 0.00e+00, 0.00e+00, 0.00e+00| 0.00e+00, 0.00e+00, 0.00e+00|  (0, 0)   | [ 0, 0 ]
  converted 1 events - written to stdout
==================================================== 

