?openmp_logging = false
?vis_history = false
?integration_timer = false
?fatal_beam_decay = false
?pacify = true
$method = "omega"
| Process library 'ep_3_lib': recorded process 'ep_3_p1'
| Process library 'ep_3_lib': recorded process 'ep_3_p2'
| Process library 'ep_3_lib': recorded process 'ep_3_p3'
| Process library 'ep_3_lib': recorded process 'ep_3_p4'
| Process library 'ep_3_lib': recorded process 'ep_3_q1'
| Process library 'ep_3_lib': recorded process 'ep_3_q2'
| Process library 'ep_3_lib': recorded process 'ep_3_q3'
| Process library 'ep_3_lib': recorded process 'ep_3_q4'
seed = 0
| Process library 'ep_3_lib': compiling ...
| Process library 'ep_3_lib': writing makefile
| Process library 'ep_3_lib': removing old files
| Process library 'ep_3_lib': writing driver
| Process library 'ep_3_lib': creating source code
| Process library 'ep_3_lib': compiling sources
| Process library 'ep_3_lib': linking
| Process library 'ep_3_lib': loading
| Process library 'ep_3_lib': ... success.
$phs_method = "wood"
$integration_method = "vamp"
sqrts =  1.00000E+03
openmp_num_threads = 1
[user variable] n = 1000
| RNG: Initializing TAO random-number generator
| RNG: Setting seed for random-number generator to 0
| Initializing integration for process ep_3_p1:
| ------------------------------------------------------------------------
| Process [scattering]: 'ep_3_p1'
|   Library name  = 'ep_3_lib'
|   Process index = 1
|   Process components:
|     1: 'ep_3_p1_i1':   Z, u => Z, u [omega]
| ------------------------------------------------------------------------
| Beam structure: Z, p => none, pdf_builtin
| Beam data (collision):
|   Z  (mass = 9.1188200E+01 GeV)
|   p  (mass = 0.0000000E+00 GeV)
|   sqrts = 1.000000000000E+03 GeV
| Initialized builtin PDF CTEQ6L
| Phase space: generating configuration ...
|  Z -> u u
|  mass(Z) =  0.9118820000E+02
|  mass(u) =  0.0000000000E+00
|  mass(u) =  0.0000000000E+00
Warning:  Phase space: Initial beam particle can decay
|  Z -> u u
|  mass(Z) =  0.9118820000E+02
|  mass(u) =  0.0000000000E+00
|  mass(u) =  0.0000000000E+00
Warning:  Phase space: Initial beam particle can decay
| Phase space: ... success.
| Phase space: writing configuration file 'ep_3_p1_i1.phs'
| Phase space: 3 channels, 2 dimensions
| Phase space: found 3 channels, collected in 3 groves.
| Phase space: Using 3 equivalences between channels.
| Phase space: wood
| Beam structure: none, pdf_builtin
| Beam structure: 1 channels, 1 dimensions
| Applying user-defined cuts.
| Starting integration for process 'ep_3_p1'
| Integrate: iterations = 5:1000:"g", 3:1000
| Integrator: 3 chains, 3 channels, 3 dimensions
| Integrator: Using VAMP channel equivalences
| Integrator: 1000 initial calls, 20 bins, stratified = T
| Integrator: VAMP
|=============================================================================|
| It      Calls  Integral[fb]  Error[fb]   Err[%]    Acc  Eff[%]   Chi2 N[It] |
|=============================================================================|
   1        999     7.378E+02   8.92E+01   12.09    3.82     3.5
   2        999     8.003E+02   4.01E+01    5.01    1.58     9.2
   3        999     7.935E+02   2.16E+01    2.72    0.86    23.2
   4        999     7.957E+02   2.78E+01    3.50    1.11     9.6
   5        999     7.895E+02   2.04E+01    2.59    0.82    20.2
|-----------------------------------------------------------------------------|
   5       4995     7.921E+02   1.23E+01    1.56    1.10    20.2    0.11   5
|-----------------------------------------------------------------------------|
   6        999     7.724E+02   2.14E+01    2.77    0.88    14.4
   7        999     7.978E+02   2.03E+01    2.55    0.81    13.4
   8        999     8.278E+02   2.78E+01    3.36    1.06     8.2
|-----------------------------------------------------------------------------|
   8       2997     7.950E+02   1.30E+01    1.64    0.90     8.2    1.27   3
|=============================================================================|
| RNG: Initializing TAO random-number generator
| RNG: Setting seed for random-number generator to 1
| Initializing integration for process ep_3_p2:
| ------------------------------------------------------------------------
| Process [scattering]: 'ep_3_p2'
|   Library name  = 'ep_3_lib'
|   Process index = 2
|   Process components:
|     1: 'ep_3_p2_i1':   W+, u => W+, u [omega]
| ------------------------------------------------------------------------
| Beam structure: W+, p => none, pdf_builtin
| Beam data (collision):
|   W+  (mass = 8.0419000E+01 GeV)
|   p   (mass = 0.0000000E+00 GeV)
|   sqrts = 1.000000000000E+03 GeV
| Phase space: generating configuration ...
|  W- -> d u
|  mass(W-) =  0.8041900000E+02
|  mass(d) =  0.0000000000E+00
|  mass(u) =  0.0000000000E+00
Warning:  Phase space: Initial beam particle can decay
| Phase space: ... success.
| Phase space: writing configuration file 'ep_3_p2_i1.phs'
| Phase space: 4 channels, 2 dimensions
| Phase space: found 4 channels, collected in 3 groves.
| Phase space: Using 4 equivalences between channels.
| Phase space: wood
| Beam structure: none, pdf_builtin
| Beam structure: 1 channels, 1 dimensions
| Applying user-defined cuts.
| Starting integration for process 'ep_3_p2'
| Integrate: iterations = 5:1000:"g", 3:1000
| Integrator: 3 chains, 4 channels, 3 dimensions
| Integrator: Using VAMP channel equivalences
| Integrator: 1000 initial calls, 20 bins, stratified = T
| Integrator: VAMP
|=============================================================================|
| It      Calls  Integral[fb]  Error[fb]   Err[%]    Acc  Eff[%]   Chi2 N[It] |
|=============================================================================|
   1       1000     6.510E+04   9.11E+03   13.99    4.42     2.7
   2       1000     5.289E+04   2.48E+03    4.69    1.48     9.6
   3       1000     5.629E+04   1.69E+03    3.00    0.95    20.1
   4       1000     5.447E+04   1.50E+03    2.76    0.87    19.1
   5       1000     6.148E+04   4.42E+03    7.19    2.27     4.5
|-----------------------------------------------------------------------------|
   5       5000     5.532E+04   9.91E+02    1.79    1.27     4.5    1.18   5
|-----------------------------------------------------------------------------|
   6       1000     6.074E+04   5.01E+03    8.25    2.61     3.8
   7       1000     5.560E+04   1.70E+03    3.05    0.96     3.3
   8       1000     5.407E+04   1.53E+03    2.82    0.89     3.2
|-----------------------------------------------------------------------------|
   8       3000     5.504E+04   1.11E+03    2.01    1.10     3.2    0.90   3
|=============================================================================|
| RNG: Initializing TAO random-number generator
| RNG: Setting seed for random-number generator to 2
| Initializing integration for process ep_3_q1:
| ------------------------------------------------------------------------
| Process [scattering]: 'ep_3_q1'
|   Library name  = 'ep_3_lib'
|   Process index = 5
|   Process components:
|     1: 'ep_3_q1_i1':   u, Z => Z, u [omega]
| ------------------------------------------------------------------------
| Beam structure: p, Z => pdf_builtin, none
| Beam data (collision):
|   p  (mass = 0.0000000E+00 GeV)
|   Z  (mass = 9.1188200E+01 GeV)
|   sqrts = 1.000000000000E+03 GeV
| Phase space: generating configuration ...
|  Z -> u u
|  mass(Z) =  0.9118820000E+02
|  mass(u) =  0.0000000000E+00
|  mass(u) =  0.0000000000E+00
Warning:  Phase space: Initial beam particle can decay
|  Z -> u u
|  mass(Z) =  0.9118820000E+02
|  mass(u) =  0.0000000000E+00
|  mass(u) =  0.0000000000E+00
Warning:  Phase space: Initial beam particle can decay
| Phase space: ... success.
| Phase space: writing configuration file 'ep_3_q1_i1.phs'
| Phase space: 3 channels, 2 dimensions
| Phase space: found 3 channels, collected in 3 groves.
| Phase space: Using 3 equivalences between channels.
| Phase space: wood
| Beam structure: pdf_builtin, none
| Beam structure: 1 channels, 1 dimensions
| Applying user-defined cuts.
| Starting integration for process 'ep_3_q1'
| Integrate: iterations = 5:1000:"g", 3:1000
| Integrator: 3 chains, 3 channels, 3 dimensions
| Integrator: Using VAMP channel equivalences
| Integrator: 1000 initial calls, 20 bins, stratified = T
| Integrator: VAMP
|=============================================================================|
| It      Calls  Integral[fb]  Error[fb]   Err[%]    Acc  Eff[%]   Chi2 N[It] |
|=============================================================================|
   1        999     6.979E+02   7.58E+01   10.86    3.43     3.1
   2        999     7.537E+02   3.92E+01    5.21    1.65     8.3
   3        999     7.599E+02   2.32E+01    3.05    0.96    20.1
   4        999     7.992E+02   2.12E+01    2.66    0.84    16.0
   5        999     7.635E+02   2.04E+01    2.67    0.84    20.4
|-----------------------------------------------------------------------------|
   5       4995     7.710E+02   1.17E+01    1.52    1.07    20.4    0.81   5
|-----------------------------------------------------------------------------|
   6        999     7.930E+02   2.05E+01    2.58    0.82    19.3
   7        999     7.674E+02   2.06E+01    2.68    0.85    17.6
   8        999     7.946E+02   1.96E+01    2.47    0.78    16.7
|-----------------------------------------------------------------------------|
   8       2997     7.854E+02   1.17E+01    1.48    0.81    16.7    0.56   3
|=============================================================================|
| RNG: Initializing TAO random-number generator
| RNG: Setting seed for random-number generator to 3
| Initializing integration for process ep_3_q2:
| ------------------------------------------------------------------------
| Process [scattering]: 'ep_3_q2'
|   Library name  = 'ep_3_lib'
|   Process index = 6
|   Process components:
|     1: 'ep_3_q2_i1':   u, W+ => W+, u [omega]
| ------------------------------------------------------------------------
| Beam structure: p, W+ => pdf_builtin, none
| Beam data (collision):
|   p   (mass = 0.0000000E+00 GeV)
|   W+  (mass = 8.0419000E+01 GeV)
|   sqrts = 1.000000000000E+03 GeV
| Phase space: generating configuration ...
|  W- -> d u
|  mass(W-) =  0.8041900000E+02
|  mass(d) =  0.0000000000E+00
|  mass(u) =  0.0000000000E+00
Warning:  Phase space: Initial beam particle can decay
| Phase space: ... success.
| Phase space: writing configuration file 'ep_3_q2_i1.phs'
| Phase space: 4 channels, 2 dimensions
| Phase space: found 4 channels, collected in 3 groves.
| Phase space: Using 4 equivalences between channels.
| Phase space: wood
| Beam structure: pdf_builtin, none
| Beam structure: 1 channels, 1 dimensions
| Applying user-defined cuts.
| Starting integration for process 'ep_3_q2'
| Integrate: iterations = 5:1000:"g", 3:1000
| Integrator: 3 chains, 4 channels, 3 dimensions
| Integrator: Using VAMP channel equivalences
| Integrator: 1000 initial calls, 20 bins, stratified = T
| Integrator: VAMP
|=============================================================================|
| It      Calls  Integral[fb]  Error[fb]   Err[%]    Acc  Eff[%]   Chi2 N[It] |
|=============================================================================|
   1       1000     6.878E+04   9.51E+03   13.83    4.37     2.6
   2       1000     5.616E+04   2.35E+03    4.19    1.32    13.5
   3       1000     5.660E+04   1.78E+03    3.15    1.00    18.9
   4       1000     5.671E+04   1.61E+03    2.85    0.90    25.9
   5       1000     5.669E+04   1.54E+03    2.72    0.86    18.1
|-----------------------------------------------------------------------------|
   5       5000     5.670E+04   8.73E+02    1.54    1.09    18.1    0.42   5
|-----------------------------------------------------------------------------|
   6       1000     5.598E+04   1.55E+03    2.77    0.88    16.4
   7       1000     5.655E+04   1.64E+03    2.89    0.91    16.0
   8       1000     5.843E+04   2.11E+03    3.61    1.14     9.5
|-----------------------------------------------------------------------------|
   8       3000     5.674E+04   9.92E+02    1.75    0.96     9.5    0.45   3
|=============================================================================|
ewa_x_min =  1.00000E-02
| RNG: Initializing TAO random-number generator
| RNG: Setting seed for random-number generator to 4
| Initializing integration for process ep_3_p3:
| ------------------------------------------------------------------------
| Process [scattering]: 'ep_3_p3'
|   Library name  = 'ep_3_lib'
|   Process index = 3
|   Process components:
|     1: 'ep_3_p3_i1':   Z, u => Z, u [omega]
| ------------------------------------------------------------------------
| Beam structure: e+, p => ewa, pdf_builtin
| Beam data (collision):
|   e+  (mass = 5.1099700E-04 GeV)
|   p   (mass = 0.0000000E+00 GeV)
|   sqrts = 1.000000000000E+03 GeV
| Phase space: generating configuration ...
|  Z -> u u
|  mass(Z) =  0.9118820000E+02
|  mass(u) =  0.0000000000E+00
|  mass(u) =  0.0000000000E+00
Warning:  Phase space: Initial beam particle can decay
|  Z -> u u
|  mass(Z) =  0.9118820000E+02
|  mass(u) =  0.0000000000E+00
|  mass(u) =  0.0000000000E+00
Warning:  Phase space: Initial beam particle can decay
| Phase space: ... success.
| Phase space: writing configuration file 'ep_3_p3_i1.phs'
| Phase space: 3 channels, 2 dimensions
| Phase space: found 3 channels, collected in 3 groves.
| Phase space: Using 3 equivalences between channels.
| Phase space: wood
| Beam structure: ewa, none => none, pdf_builtin
| Beam structure: 1 channels, 2 dimensions
| Applying user-defined cuts.
| Starting integration for process 'ep_3_p3'
| Integrate: iterations = 5:1000:"g", 3:1000
| Integrator: 3 chains, 3 channels, 4 dimensions
| Integrator: Using VAMP channel equivalences
| Integrator: 1000 initial calls, 20 bins, stratified = T
| Integrator: VAMP
|=============================================================================|
| It      Calls  Integral[fb]  Error[fb]   Err[%]    Acc  Eff[%]   Chi2 N[It] |
|=============================================================================|
   1        999     3.867E+00   4.91E-01   12.70    4.01     2.0
   2        999     3.508E+00   2.35E-01    6.71    2.12     7.0
   3        999     3.457E+00   1.89E-01    5.48    1.73     9.4
   4        999     3.525E+00   1.92E-01    5.43    1.72    10.6
   5        999     3.589E+00   1.71E-01    4.77    1.51     9.7
|-----------------------------------------------------------------------------|
   5       4995     3.537E+00   9.47E-02    2.68    1.89     9.7    0.19   5
|-----------------------------------------------------------------------------|
   6        999     3.662E+00   2.67E-01    7.30    2.31     4.0
   7        999     3.673E+00   1.72E-01    4.68    1.48     4.0
   8        999     3.515E+00   2.22E-01    6.32    2.00     3.9
|-----------------------------------------------------------------------------|
   8       2997     3.624E+00   1.21E-01    3.34    1.83     3.9    0.17   3
|=============================================================================|
| RNG: Initializing TAO random-number generator
| RNG: Setting seed for random-number generator to 5
| Initializing integration for process ep_3_p4:
| ------------------------------------------------------------------------
| Process [scattering]: 'ep_3_p4'
|   Library name  = 'ep_3_lib'
|   Process index = 4
|   Process components:
|     1: 'ep_3_p4_i1':   W+, u => W+, u [omega]
| ------------------------------------------------------------------------
| Beam structure: e+, p => ewa, pdf_builtin
| Beam data (collision):
|   e+  (mass = 5.1099700E-04 GeV)
|   p   (mass = 0.0000000E+00 GeV)
|   sqrts = 1.000000000000E+03 GeV
| Phase space: generating configuration ...
|  W- -> d u
|  mass(W-) =  0.8041900000E+02
|  mass(d) =  0.0000000000E+00
|  mass(u) =  0.0000000000E+00
Warning:  Phase space: Initial beam particle can decay
| Phase space: ... success.
| Phase space: writing configuration file 'ep_3_p4_i1.phs'
| Phase space: 4 channels, 2 dimensions
| Phase space: found 4 channels, collected in 3 groves.
| Phase space: Using 4 equivalences between channels.
| Phase space: wood
| Beam structure: ewa, none => none, pdf_builtin
| Beam structure: 1 channels, 2 dimensions
| Applying user-defined cuts.
| Starting integration for process 'ep_3_p4'
| Integrate: iterations = 5:1000:"g", 3:1000
| Integrator: 3 chains, 4 channels, 4 dimensions
| Integrator: Using VAMP channel equivalences
| Integrator: 1000 initial calls, 20 bins, stratified = T
| Integrator: VAMP
|=============================================================================|
| It      Calls  Integral[fb]  Error[fb]   Err[%]    Acc  Eff[%]   Chi2 N[It] |
|=============================================================================|
   1       1000     5.299E+02   7.65E+01   14.44    4.57     2.2
   2       1000     5.988E+02   3.63E+01    6.06    1.92     7.8
   3       1000     5.698E+02   3.10E+01    5.44    1.72     8.7
   4       1000     5.754E+02   3.20E+01    5.56    1.76     7.8
   5       1000     5.319E+02   2.80E+01    5.26    1.66     9.4
|-----------------------------------------------------------------------------|
   5       5000     5.632E+02   1.54E+01    2.73    1.93     9.4    0.65   5
|-----------------------------------------------------------------------------|
   6       1000     6.259E+02   3.09E+01    4.94    1.56     9.5
   7       1000     5.916E+02   2.84E+01    4.80    1.52     8.8
   8       1000     5.732E+02   2.90E+01    5.06    1.60     8.0
|-----------------------------------------------------------------------------|
   8       3000     5.957E+02   1.70E+01    2.85    1.56     8.0    0.79   3
|=============================================================================|
| RNG: Initializing TAO random-number generator
| RNG: Setting seed for random-number generator to 6
| Initializing integration for process ep_3_q3:
| ------------------------------------------------------------------------
| Process [scattering]: 'ep_3_q3'
|   Library name  = 'ep_3_lib'
|   Process index = 7
|   Process components:
|     1: 'ep_3_q3_i1':   u, Z => Z, u [omega]
| ------------------------------------------------------------------------
| Beam structure: p, e+ => pdf_builtin, ewa
| Beam data (collision):
|   p   (mass = 0.0000000E+00 GeV)
|   e+  (mass = 5.1099700E-04 GeV)
|   sqrts = 1.000000000000E+03 GeV
| Phase space: generating configuration ...
|  Z -> u u
|  mass(Z) =  0.9118820000E+02
|  mass(u) =  0.0000000000E+00
|  mass(u) =  0.0000000000E+00
Warning:  Phase space: Initial beam particle can decay
|  Z -> u u
|  mass(Z) =  0.9118820000E+02
|  mass(u) =  0.0000000000E+00
|  mass(u) =  0.0000000000E+00
Warning:  Phase space: Initial beam particle can decay
| Phase space: ... success.
| Phase space: writing configuration file 'ep_3_q3_i1.phs'
| Phase space: 3 channels, 2 dimensions
| Phase space: found 3 channels, collected in 3 groves.
| Phase space: Using 3 equivalences between channels.
| Phase space: wood
| Beam structure: pdf_builtin, none => none, ewa
| Beam structure: 1 channels, 2 dimensions
| Applying user-defined cuts.
| Starting integration for process 'ep_3_q3'
| Integrate: iterations = 5:1000:"g", 3:1000
| Integrator: 3 chains, 3 channels, 4 dimensions
| Integrator: Using VAMP channel equivalences
| Integrator: 1000 initial calls, 20 bins, stratified = T
| Integrator: VAMP
|=============================================================================|
| It      Calls  Integral[fb]  Error[fb]   Err[%]    Acc  Eff[%]   Chi2 N[It] |
|=============================================================================|
   1        999     3.646E+00   3.96E-01   10.87    3.43     3.4
   2        999     3.714E+00   2.43E-01    6.56    2.07     6.0
   3        999     3.369E+00   1.79E-01    5.32    1.68     9.1
   4        999     3.661E+00   1.73E-01    4.73    1.49     9.6
   5        999     3.376E+00   1.59E-01    4.71    1.49    11.5
|-----------------------------------------------------------------------------|
   5       4995     3.507E+00   8.86E-02    2.53    1.79    11.5    0.73   5
|-----------------------------------------------------------------------------|
   6        999     3.752E+00   1.82E-01    4.85    1.53     8.0
   7        999     3.587E+00   1.68E-01    4.69    1.48     7.1
   8        999     3.493E+00   1.58E-01    4.51    1.43     6.9
|-----------------------------------------------------------------------------|
   8       2997     3.598E+00   9.72E-02    2.70    1.48     6.9    0.58   3
|=============================================================================|
| RNG: Initializing TAO random-number generator
| RNG: Setting seed for random-number generator to 7
| Initializing integration for process ep_3_q4:
| ------------------------------------------------------------------------
| Process [scattering]: 'ep_3_q4'
|   Library name  = 'ep_3_lib'
|   Process index = 8
|   Process components:
|     1: 'ep_3_q4_i1':   u, W+ => W+, u [omega]
| ------------------------------------------------------------------------
| Beam structure: p, e+ => pdf_builtin, ewa
| Beam data (collision):
|   p   (mass = 0.0000000E+00 GeV)
|   e+  (mass = 5.1099700E-04 GeV)
|   sqrts = 1.000000000000E+03 GeV
| Phase space: generating configuration ...
|  W- -> d u
|  mass(W-) =  0.8041900000E+02
|  mass(d) =  0.0000000000E+00
|  mass(u) =  0.0000000000E+00
Warning:  Phase space: Initial beam particle can decay
| Phase space: ... success.
| Phase space: writing configuration file 'ep_3_q4_i1.phs'
| Phase space: 4 channels, 2 dimensions
| Phase space: found 4 channels, collected in 3 groves.
| Phase space: Using 4 equivalences between channels.
| Phase space: wood
| Beam structure: pdf_builtin, none => none, ewa
| Beam structure: 1 channels, 2 dimensions
| Applying user-defined cuts.
| Starting integration for process 'ep_3_q4'
| Integrate: iterations = 5:1000:"g", 3:1000
| Integrator: 3 chains, 4 channels, 4 dimensions
| Integrator: Using VAMP channel equivalences
| Integrator: 1000 initial calls, 20 bins, stratified = T
| Integrator: VAMP
|=============================================================================|
| It      Calls  Integral[fb]  Error[fb]   Err[%]    Acc  Eff[%]   Chi2 N[It] |
|=============================================================================|
   1       1000     7.385E+02   1.22E+02   16.55    5.23     2.1
   2       1000     5.485E+02   3.73E+01    6.79    2.15     5.8
   3       1000     5.350E+02   3.13E+01    5.85    1.85     8.5
   4       1000     6.231E+02   3.76E+01    6.03    1.91     6.1
   5       1000     5.698E+02   2.94E+01    5.16    1.63    11.2
|-----------------------------------------------------------------------------|
   5       5000     5.693E+02   1.65E+01    2.90    2.05    11.2    1.37   5
|-----------------------------------------------------------------------------|
   6       1000     5.721E+02   3.05E+01    5.33    1.68     9.5
   7       1000     5.977E+02   3.13E+01    5.24    1.66     8.9
   8       1000     6.115E+02   3.02E+01    4.94    1.56     8.5
|-----------------------------------------------------------------------------|
   8       3000     5.938E+02   1.77E+01    2.98    1.63     8.5    0.43   3
|=============================================================================|
| There were no errors and   12 warning(s).
| WHIZARD run finished.
|=============================================================================|
