?openmp_logging = false
?vis_history = false
?integration_timer = false
?pacify = true
$loop_me_method = "openloops"
openmp_num_threads = 1
?use_vamp_equivalences = false
?alpha_s_is_fixed = false
?alpha_s_from_mz = true
?openloops_use_collier = false
seed = 2222
sqrts =  5.0000000E+02
?debug_decay = false
?debug_process = false
?debug_verbose = false
?sample_pacify = false
?write_raw = false
?fixed_order_nlo_events = true
?negative_weights = true
?unweighted = false
SM.mtop =>  1.7320000E+02
SM.wtop =>  0.0000000E+00
| Process library 'openloops_3_lib': recorded process 'openloops_3_p1'
| Integrate: current process library needs compilation
| Process library 'openloops_3_lib': compiling ...
| Process library 'openloops_3_lib': writing makefile
| Process library 'openloops_3_lib': removing old files
| Process library 'openloops_3_lib': writing driver
| Process library 'openloops_3_lib': creating source code
| Process library 'openloops_3_lib': compiling sources
| Process library 'openloops_3_lib': linking
| Process library 'openloops_3_lib': loading
| Process library 'openloops_3_lib': ... success.
| Integrate: compilation done
| QCD alpha: using a running strong coupling
| RNG: Initializing TAO random-number generator
| RNG: Setting seed for random-number generator to 2222
| Initializing integration for process openloops_3_p1:
| ------------------------------------------------------------------------
| Process [scattering]: 'openloops_3_p1'
|   Library name  = 'openloops_3_lib'
|   Process index = 1
|   Process components:
|     1: 'openloops_3_p1_i1':   e+, e- => t, tbar [omega]
| ------------------------------------------------------------------------
| Beam structure: [any particles]
| Beam data (collision):
|   e+  (mass = 5.1099700E-04 GeV)
|   e-  (mass = 5.1099700E-04 GeV)
|   sqrts = 5.000000000000E+02 GeV
| Phase space: generating configuration ...
| Phase space: ... success.
| Phase space: writing configuration file 'openloops_3_p1_i1.phs'
| Phase space: 1 channels, 2 dimensions
| Phase space: found 1 channel, collected in 1 grove.
| Phase space: no equivalences between channels used.
| Phase space: wood
Warning: No cuts have been defined.
| Starting integration for process 'openloops_3_p1'
| Integrate: iterations = 1:1000:"gw"
| Integrator: 1 chains, 1 channels, 2 dimensions
| Integrator: 1000 initial calls, 20 bins, stratified = T
| Integrator: VAMP
|=============================================================================|
| It      Calls  Integral[fb]  Error[fb]   Err[%]    Acc  Eff[%]   Chi2 N[It] |
|=============================================================================|
   1        800     5.476E+02   5.34E-01    0.10    0.03    48.2
|-----------------------------------------------------------------------------|
   1        800     5.476E+02   5.34E-01    0.10    0.03    48.2
|=============================================================================|
n_events = 1
| Starting simulation for process 'openloops_3_p1'
| Simulate: using integration grids from file 'openloops_3_p1_m1.vg'
| Simuate: activating fixed-order NLO events
| QCD alpha: using a running strong coupling
| RNG: Initializing TAO random-number generator
| RNG: Setting seed for random-number generator to 2223
| Events: writing to LHEF file 'openloops_3_p1.lhe'
| Events: generating 1 weighted, unpolarized events ...
| Events: event normalization mode 'sigma'
|         ... event sample complete.
| Events: closing LHEF file 'openloops_3_p1.lhe'
seed = 3333
| Process library 'openloops_3_lib': unloading
| Process library 'openloops_3_lib': open
| Process library 'openloops_3_lib': recorded process 'openloops_3_p2'
| Integrate: current process library needs compilation
| Process library 'openloops_3_lib': compiling ...
| Process library 'openloops_3_lib': writing makefile
| Process library 'openloops_3_lib': removing old files
| Process library 'openloops_3_lib': writing driver
| Process library 'openloops_3_lib': creating source code
| Process library 'openloops_3_lib': compiling sources
| Process library 'openloops_3_lib': linking
| Process library 'openloops_3_lib': loading
| Process library 'openloops_3_lib': ... success.
| Integrate: compilation done
| QCD alpha: using a running strong coupling
| RNG: Initializing TAO random-number generator
| RNG: Setting seed for random-number generator to 3333
| Initializing integration for process openloops_3_p2:
| ------------------------------------------------------------------------
| Process [scattering]: 'openloops_3_p2'
|   Library name  = 'openloops_3_lib'
|   Process index = 2
|   Process components:
|     1: 'openloops_3_p2_i1':   e+, e- => t, tbar [inactive]
|     2: 'openloops_3_p2_i2':   e+, e- => t, tbar, gl [omega], [Real]
|     3: 'openloops_3_p2_i3':   e+, e- => t, tbar [inactive], [Virtual]
|     4: 'openloops_3_p2_i4':   e+, e- => t, tbar [inactive], [Subtraction]
| ------------------------------------------------------------------------
| Beam structure: [any particles]
| Beam data (collision):
|   e+  (mass = 5.1099700E-04 GeV)
|   e-  (mass = 5.1099700E-04 GeV)
|   sqrts = 5.000000000000E+02 GeV
| Phase space: generating configuration ...
| Phase space: ... success.
| Phase space: writing configuration file 'openloops_3_p2_i1.phs'
| Phase space: 1 channels, 2 dimensions
| Phase space: found 1 channel, collected in 1 grove.
| Phase space: no equivalences between channels used.
| Phase space: wood
| Phase space: 1 channels, 5 dimensions
| Phase space: found 1 channel, collected in 1 grove.
| Phase space: no equivalences between channels used.
| Phase space: wood
| Phase space: generating configuration ...
| Phase space: ... success.
| Phase space: writing configuration file 'openloops_3_p2_i3.phs'
| Phase space: 1 channels, 2 dimensions
| Phase space: found 1 channel, collected in 1 grove.
| Phase space: no equivalences between channels used.
| Phase space: wood
Warning: No cuts have been defined.
| Starting integration for process 'openloops_3_p2' part 'Real'
| Integrate: iterations = 1:1000:"gw"
| Integrator: 1 chains, 1 channels, 5 dimensions
| Integrator: 1000 initial calls, 20 bins, stratified = T
| Integrator: VAMP
|=============================================================================|
| It      Calls  Integral[fb]  Error[fb]   Err[%]    Acc  Eff[%]   Chi2 N[It] |
|=============================================================================|
   1       1000    -7.303E+01   1.38E+00    1.89    0.60    38.3
|-----------------------------------------------------------------------------|
   1       1000    -7.303E+01   1.38E+00    1.89    0.60    38.3
|=============================================================================|
n_events = 1
| Starting simulation for process 'openloops_3_p2'
| Simulate: using integration grids from file 'openloops_3_p2_m2.vg'
| Simuate: activating fixed-order NLO events
| QCD alpha: using a running strong coupling
| RNG: Initializing TAO random-number generator
| RNG: Setting seed for random-number generator to 3334
| Events: writing to LHEF file 'openloops_3_p2.lhe'
| Events: generating 3 weighted, unpolarized NLO events ...
| Events: event normalization mode 'sigma'
|         ... event sample complete.
| Events: closing LHEF file 'openloops_3_p2.lhe'
seed = 4444
| Process library 'openloops_3_lib': unloading
| Process library 'openloops_3_lib': open
| Process library 'openloops_3_lib': recorded process 'openloops_3_p3'
| Integrate: current process library needs compilation
| Process library 'openloops_3_lib': compiling ...
| Process library 'openloops_3_lib': writing makefile
| Process library 'openloops_3_lib': removing old files
| Process library 'openloops_3_lib': writing driver
| Process library 'openloops_3_lib': creating source code
| Process library 'openloops_3_lib': compiling sources
| Process library 'openloops_3_lib': linking
| Process library 'openloops_3_lib': loading
| Process library 'openloops_3_lib': ... success.
| Integrate: compilation done
| QCD alpha: using a running strong coupling
| RNG: Initializing TAO random-number generator
| RNG: Setting seed for random-number generator to 4444
| Initializing integration for process openloops_3_p3:
| ------------------------------------------------------------------------
| Process [scattering]: 'openloops_3_p3'
|   Library name  = 'openloops_3_lib'
|   Process index = 3
|   Process components:
|     1: 'openloops_3_p3_i1':   e+, e- => t, tbar [inactive]
|     2: 'openloops_3_p3_i2':   e+, e- => t, tbar, gl [inactive], [Real]
|     3: 'openloops_3_p3_i3':   e+, e- => t, tbar [openloops], [Virtual]
|     4: 'openloops_3_p3_i4':   e+, e- => t, tbar [inactive], [Subtraction]
| ------------------------------------------------------------------------
| Beam structure: [any particles]
| Beam data (collision):
|   e+  (mass = 5.1099700E-04 GeV)
|   e-  (mass = 5.1099700E-04 GeV)
|   sqrts = 5.000000000000E+02 GeV
| Phase space: generating configuration ...
| Phase space: ... success.
| Phase space: writing configuration file 'openloops_3_p3_i1.phs'
| Phase space: 1 channels, 2 dimensions
| Phase space: found 1 channel, collected in 1 grove.
| Phase space: no equivalences between channels used.
| Phase space: wood
| Phase space: 1 channels, 5 dimensions
| Phase space: found 1 channel, collected in 1 grove.
| Phase space: no equivalences between channels used.
| Phase space: wood
| Phase space: generating configuration ...
| Phase space: ... success.
| Phase space: writing configuration file 'openloops_3_p3_i3.phs'
| Phase space: 1 channels, 2 dimensions
| Phase space: found 1 channel, collected in 1 grove.
| Phase space: no equivalences between channels used.
| Phase space: wood
Warning: No cuts have been defined.
| One-Loop-Provider: Using OpenLoops
| Loading library: [...]
| One-Loop-Provider: Using OpenLoops
| Loading library: [...]
| Starting integration for process 'openloops_3_p3' part 'Virtual'
| Integrate: iterations = 1:1000:"gw"
| Integrator: 1 chains, 1 channels, 2 dimensions
| Integrator: 1000 initial calls, 20 bins, stratified = T
| Integrator: VAMP
|=============================================================================|
| It      Calls  Integral[fb]  Error[fb]   Err[%]    Acc  Eff[%]   Chi2 N[It] |
|=============================================================================|
   1        800     1.433E+02   1.42E-01    0.10    0.03    46.1
|-----------------------------------------------------------------------------|
   1        800     1.433E+02   1.42E-01    0.10    0.03    46.1
|=============================================================================|
n_events = 1
| Starting simulation for process 'openloops_3_p3'
| One-Loop-Provider: Using OpenLoops
| Loading library: [...]
| One-Loop-Provider: Using OpenLoops
| Loading library: [...]
| Simulate: using integration grids from file 'openloops_3_p3_m3.vg'
| Simuate: activating fixed-order NLO events
| QCD alpha: using a running strong coupling
| RNG: Initializing TAO random-number generator
| RNG: Setting seed for random-number generator to 4445
| Events: writing to LHEF file 'openloops_3_p3.lhe'
| Events: generating 1 weighted, unpolarized events ...
| Events: event normalization mode 'sigma'
|         ... event sample complete.
| Events: closing LHEF file 'openloops_3_p3.lhe'
| There were no errors and    3 warning(s).
| WHIZARD run finished.
|=============================================================================|
<LesHouchesEvents version="2.0">
<header>
</header>
<init>
 -11 11  2.5000000000E+02  2.5000000000E+02 -1 -1 -1 -1 -4 1
  5.4757961985E-01  5.3379794262E-04  0.0000000000E+00 1
<generator version="2.3.1">WHIZARD</generator>
<xsecinfo neve="1" totxsec="5.4757961985E-01" />
</init>
<event>
 4 1  5.3402372910E+02  5.0000000000E+02 -1.0000000000E+00  9.4649135546E-02
 -11 -1 0 0 0 0  0.0000000000E+00  0.0000000000E+00  2.5000000000E+02  2.5000000000E+02  5.1099700000E-04  0.0000000000E+00  9.0000000000E+00
 11 -1 0 0 0 0  0.0000000000E+00  0.0000000000E+00 -2.5000000000E+02  2.5000000000E+02  5.1099700000E-04  0.0000000000E+00  9.0000000000E+00
 6 1 1 2 501 0 -8.8663477568E+01 -1.5574064927E+02 -1.9631553975E+01  2.5000000000E+02  1.7320000000E+02  0.0000000000E+00  9.0000000000E+00
 -6 1 1 2 0 501  8.8663477568E+01  1.5574064927E+02  1.9631553975E+01  2.5000000000E+02  1.7320000000E+02  0.0000000000E+00  9.0000000000E+00
<weight name="sqme_prc">2.3899219980E-02</weight>
</event>
</LesHouchesEvents>
<LesHouchesEvents version="2.0">
<header>
</header>
<init>
 -11 11  2.5000000000E+02  2.5000000000E+02 -1 -1 -1 -1 -4 1
 -7.3028762989E-02  1.3811811698E-03  0.0000000000E+00 1
<generator version="2.3.1">WHIZARD</generator>
<xsecinfo neve="1" totxsec="-7.3028762989E-02" />
</init>
<event>
 4 1 -4.9687763337E+02  5.0000000000E+02 -1.0000000000E+00  9.4649135546E-02
 -11 -1 0 0 0 0  0.0000000000E+00  0.0000000000E+00  2.5000000000E+02  2.5000000000E+02  5.1099700000E-04  0.0000000000E+00  9.0000000000E+00
 11 -1 0 0 0 0  0.0000000000E+00  0.0000000000E+00 -2.5000000000E+02  2.5000000000E+02  5.1099700000E-04  0.0000000000E+00  9.0000000000E+00
 6 1 1 2 501 0  1.1053117094E+01 -4.4338957794E+01 -1.7439508429E+02  2.5000000000E+02  1.7320000000E+02  0.0000000000E+00  9.0000000000E+00
 -6 1 1 2 0 501 -1.1053117094E+01  4.4338957794E+01  1.7439508429E+02  2.5000000000E+02  1.7320000000E+02  0.0000000000E+00  9.0000000000E+00
<weight name="sqme_prc">-2.2236816861E-02</weight>
</event>
<event>
 5 1  4.1571178354E+01  5.0000000000E+02 -1.0000000000E+00  9.4649135546E-02
 -11 -1 0 0 0 0  0.0000000000E+00  0.0000000000E+00  2.5000000000E+02  2.5000000000E+02  5.1099700000E-04  0.0000000000E+00  9.0000000000E+00
 11 -1 0 0 0 0  0.0000000000E+00  0.0000000000E+00 -2.5000000000E+02  2.5000000000E+02  5.1099700000E-04  0.0000000000E+00  9.0000000000E+00
 6 1 1 2 502 0  1.3835460236E+01 -6.4990210165E+01 -1.4907193389E+02  2.3798283310E+02  1.7320000000E+02  0.0000000000E+00  9.0000000000E+00
 -6 1 1 2 0 501 -6.8674428833E+00  2.7548361026E+01  1.0835389423E+02  2.0626410343E+02  1.7320000000E+02  0.0000000000E+00  9.0000000000E+00
 21 1 1 2 501 502 -6.9680173525E+00  3.7441849139E+01  4.0718039661E+01  5.5753063472E+01  1.1680077280E-06  0.0000000000E+00  9.0000000000E+00
<weight name="sqme_prc">1.8604393067E-03</weight>
</event>
<event>
 5 1  4.0019361207E+01  5.0000000000E+02 -1.0000000000E+00  9.4649135546E-02
 -11 -1 0 0 0 0  0.0000000000E+00  0.0000000000E+00  2.5000000000E+02  2.5000000000E+02  5.1099700000E-04  0.0000000000E+00  9.0000000000E+00
 11 -1 0 0 0 0  0.0000000000E+00  0.0000000000E+00 -2.5000000000E+02  2.5000000000E+02  5.1099700000E-04  0.0000000000E+00  9.0000000000E+00
 6 1 1 2 501 0  6.8674428833E+00 -2.7548361026E+01 -1.0835389423E+02  2.0626410343E+02  1.7320000000E+02  0.0000000000E+00  9.0000000000E+00
 -6 1 1 2 0 502 -1.4561020549E+00  1.5331110812E+01  1.6248207796E+02  2.3798283310E+02  1.7320000000E+02  0.0000000000E+00  9.0000000000E+00
 21 1 1 2 502 501 -5.4113408284E+00  1.2217250214E+01 -5.4128183733E+01  5.5753063472E+01  9.5367431641E-07  0.0000000000E+00  9.0000000000E+00
<weight name="sqme_prc">1.7909906711E-03</weight>
</event>
</LesHouchesEvents>
<LesHouchesEvents version="2.0">
<header>
</header>
<init>
 -11 11  2.5000000000E+02  2.5000000000E+02 -1 -1 -1 -1 -4 1
  1.4330244433E-01  1.4176305507E-04  0.0000000000E+00 1
<generator version="2.3.1">WHIZARD</generator>
<xsecinfo neve="1" totxsec="1.4330244433E-01" />
</init>
<event>
 4 1  2.8959944528E+02  5.0000000000E+02 -1.0000000000E+00  9.4649135546E-02
 -11 -1 0 0 0 0  0.0000000000E+00  0.0000000000E+00  2.5000000000E+02  2.5000000000E+02  5.1099700000E-04  0.0000000000E+00  9.0000000000E+00
 11 -1 0 0 0 0  0.0000000000E+00  0.0000000000E+00 -2.5000000000E+02  2.5000000000E+02  5.1099700000E-04  0.0000000000E+00  9.0000000000E+00
 6 1 1 2 0 0  3.2577366700E+01 -6.7829107399E+01 -1.6382822519E+02  2.5000000000E+02  1.7320000000E+02  0.0000000000E+00  9.0000000000E+00
 -6 1 1 2 0 0 -3.2577366700E+01  6.7829107399E+01  1.6382822519E+02  2.5000000000E+02  1.7320000000E+02  0.0000000000E+00  9.0000000000E+00
<weight name="sqme_prc">1.2960474361E-02</weight>
</event>
</LesHouchesEvents>
