?openmp_logging = false
?vis_history = false
?integration_timer = false
?pacify = true
$loop_me_method = "openloops"
openmp_num_threads = 1
?use_vamp_equivalences = false
?alpha_s_is_fixed = false
?alpha_s_from_mz = true
?openloops_use_collier = false
seed = 2222
sqrts =  5.0000000E+02
?debug_decay = false
?debug_process = false
?debug_verbose = false
?sample_pacify = true
?write_raw = false
?fixed_order_nlo_events = true
?negative_weights = true
?unweighted = false
SM.mtop =>  1.7320000E+02
SM.wtop =>  0.0000000E+00
| Process library 'openloops_3_lib': recorded process 'openloops_3_p1'
| Integrate: current process library needs compilation
| Process library 'openloops_3_lib': compiling ...
| Process library 'openloops_3_lib': writing makefile
| Process library 'openloops_3_lib': removing old files
| Process library 'openloops_3_lib': writing driver
| Process library 'openloops_3_lib': creating source code
| Process library 'openloops_3_lib': compiling sources
| Process library 'openloops_3_lib': linking
| Process library 'openloops_3_lib': loading
| Process library 'openloops_3_lib': ... success.
| Integrate: compilation done
| QCD alpha: using a running strong coupling
| RNG: Initializing TAO random-number generator
| RNG: Setting seed for random-number generator to 2222
| Initializing integration for process openloops_3_p1:
| ------------------------------------------------------------------------
| Process [scattering]: 'openloops_3_p1'
|   Library name  = 'openloops_3_lib'
|   Process index = 1
|   Process components:
|     1: 'openloops_3_p1_i1':   e+, e- => t, tbar [omega]
| ------------------------------------------------------------------------
| Beam structure: [any particles]
| Beam data (collision):
|   e+  (mass = 5.1099700E-04 GeV)
|   e-  (mass = 5.1099700E-04 GeV)
|   sqrts = 5.000000000000E+02 GeV
| Phase space: generating configuration ...
| Phase space: ... success.
| Phase space: writing configuration file 'openloops_3_p1_i1.phs'
| Phase space: 1 channels, 2 dimensions
| Phase space: found 1 channel, collected in 1 grove.
| Phase space: no equivalences between channels used.
| Phase space: wood
Warning: No cuts have been defined.
| Starting integration for process 'openloops_3_p1'
| Integrate: iterations = 1:1000:"gw"
| Integrator: 1 chains, 1 channels, 2 dimensions
| Integrator: 1000 initial calls, 20 bins, stratified = T
| Integrator: VAMP
|=============================================================================|
| It      Calls  Integral[fb]  Error[fb]   Err[%]    Acc  Eff[%]   Chi2 N[It] |
|=============================================================================|
   1        800     5.476E+02   5.34E-01    0.10    0.03    48.2
|-----------------------------------------------------------------------------|
   1        800     5.476E+02   5.34E-01    0.10    0.03    48.2
|=============================================================================|
n_events = 1
| Starting simulation for process 'openloops_3_p1'
| Simulate: using integration grids from file 'openloops_3_p1_m1.vg'
| Simuate: activating fixed-order NLO events
| QCD alpha: using a running strong coupling
| RNG: Initializing TAO random-number generator
| RNG: Setting seed for random-number generator to 2223
| Events: writing to ASCII file 'openloops_3_p1.debug'
| Events: generating 1 weighted, unpolarized events ...
| Events: event normalization mode 'sigma'
|         ... event sample complete.
| Events: closing ASCII file 'openloops_3_p1.debug'
seed = 3333
| Process library 'openloops_3_lib': unloading
| Process library 'openloops_3_lib': open
| Process library 'openloops_3_lib': recorded process 'openloops_3_p2'
| Integrate: current process library needs compilation
| Process library 'openloops_3_lib': compiling ...
| Process library 'openloops_3_lib': writing makefile
| Process library 'openloops_3_lib': removing old files
| Process library 'openloops_3_lib': writing driver
| Process library 'openloops_3_lib': creating source code
| Process library 'openloops_3_lib': compiling sources
| Process library 'openloops_3_lib': linking
| Process library 'openloops_3_lib': loading
| Process library 'openloops_3_lib': ... success.
| Integrate: compilation done
| QCD alpha: using a running strong coupling
| RNG: Initializing TAO random-number generator
| RNG: Setting seed for random-number generator to 3333
| Initializing integration for process openloops_3_p2:
| ------------------------------------------------------------------------
| Process [scattering]: 'openloops_3_p2'
|   Library name  = 'openloops_3_lib'
|   Process index = 2
|   Process components:
|     1: 'openloops_3_p2_i1':   e+, e- => t, tbar [inactive]
|     2: 'openloops_3_p2_i2':   e+, e- => t, tbar, gl [omega], [Real]
|     3: 'openloops_3_p2_i3':   e+, e- => t, tbar [inactive], [Virtual]
|     4: 'openloops_3_p2_i4':   e+, e- => t, tbar [inactive], [Subtraction]
| ------------------------------------------------------------------------
| Beam structure: [any particles]
| Beam data (collision):
|   e+  (mass = 5.1099700E-04 GeV)
|   e-  (mass = 5.1099700E-04 GeV)
|   sqrts = 5.000000000000E+02 GeV
| Phase space: generating configuration ...
| Phase space: ... success.
| Phase space: writing configuration file 'openloops_3_p2_i1.phs'
| Phase space: 1 channels, 2 dimensions
| Phase space: found 1 channel, collected in 1 grove.
| Phase space: no equivalences between channels used.
| Phase space: wood
| Phase space: 1 channels, 5 dimensions
| Phase space: found 1 channel, collected in 1 grove.
| Phase space: no equivalences between channels used.
| Phase space: wood
| Phase space: generating configuration ...
| Phase space: ... success.
| Phase space: writing configuration file 'openloops_3_p2_i3.phs'
| Phase space: 1 channels, 2 dimensions
| Phase space: found 1 channel, collected in 1 grove.
| Phase space: no equivalences between channels used.
| Phase space: wood
Warning: No cuts have been defined.
| Starting integration for process 'openloops_3_p2' part 'Real'
| Integrate: iterations = 1:1000:"gw"
| Integrator: 1 chains, 1 channels, 5 dimensions
| Integrator: 1000 initial calls, 20 bins, stratified = T
| Integrator: VAMP
|=============================================================================|
| It      Calls  Integral[fb]  Error[fb]   Err[%]    Acc  Eff[%]   Chi2 N[It] |
|=============================================================================|
   1       1000    -7.303E+01   1.38E+00    1.89    0.60    38.3
|-----------------------------------------------------------------------------|
   1       1000    -7.303E+01   1.38E+00    1.89    0.60    38.3
|=============================================================================|
n_events = 1
| Starting simulation for process 'openloops_3_p2'
| Simulate: using integration grids from file 'openloops_3_p2_m2.vg'
| Simuate: activating fixed-order NLO events
| QCD alpha: using a running strong coupling
| RNG: Initializing TAO random-number generator
| RNG: Setting seed for random-number generator to 3334
| Events: writing to ASCII file 'openloops_3_p2.debug'
| Events: generating 3 weighted, unpolarized NLO events ...
| Events: event normalization mode 'sigma'
|         ... event sample complete.
| Events: closing ASCII file 'openloops_3_p2.debug'
seed = 4444
| Process library 'openloops_3_lib': unloading
| Process library 'openloops_3_lib': open
| Process library 'openloops_3_lib': recorded process 'openloops_3_p3'
| Integrate: current process library needs compilation
| Process library 'openloops_3_lib': compiling ...
| Process library 'openloops_3_lib': writing makefile
| Process library 'openloops_3_lib': removing old files
| Process library 'openloops_3_lib': writing driver
| Process library 'openloops_3_lib': creating source code
| Process library 'openloops_3_lib': compiling sources
| Process library 'openloops_3_lib': linking
| Process library 'openloops_3_lib': loading
| Process library 'openloops_3_lib': ... success.
| Integrate: compilation done
| QCD alpha: using a running strong coupling
| RNG: Initializing TAO random-number generator
| RNG: Setting seed for random-number generator to 4444
| Initializing integration for process openloops_3_p3:
| ------------------------------------------------------------------------
| Process [scattering]: 'openloops_3_p3'
|   Library name  = 'openloops_3_lib'
|   Process index = 3
|   Process components:
|     1: 'openloops_3_p3_i1':   e+, e- => t, tbar [inactive]
|     2: 'openloops_3_p3_i2':   e+, e- => t, tbar, gl [inactive], [Real]
|     3: 'openloops_3_p3_i3':   e+, e- => t, tbar [openloops], [Virtual]
|     4: 'openloops_3_p3_i4':   e+, e- => t, tbar [inactive], [Subtraction]
| ------------------------------------------------------------------------
| Beam structure: [any particles]
| Beam data (collision):
|   e+  (mass = 5.1099700E-04 GeV)
|   e-  (mass = 5.1099700E-04 GeV)
|   sqrts = 5.000000000000E+02 GeV
| Phase space: generating configuration ...
| Phase space: ... success.
| Phase space: writing configuration file 'openloops_3_p3_i1.phs'
| Phase space: 1 channels, 2 dimensions
| Phase space: found 1 channel, collected in 1 grove.
| Phase space: no equivalences between channels used.
| Phase space: wood
| Phase space: 1 channels, 5 dimensions
| Phase space: found 1 channel, collected in 1 grove.
| Phase space: no equivalences between channels used.
| Phase space: wood
| Phase space: generating configuration ...
| Phase space: ... success.
| Phase space: writing configuration file 'openloops_3_p3_i3.phs'
| Phase space: 1 channels, 2 dimensions
| Phase space: found 1 channel, collected in 1 grove.
| Phase space: no equivalences between channels used.
| Phase space: wood
Warning: No cuts have been defined.
| One-Loop-Provider: Using OpenLoops
| Loading library: [...]
| One-Loop-Provider: Using OpenLoops
| Loading library: [...]
| Starting integration for process 'openloops_3_p3' part 'Virtual'
| Integrate: iterations = 1:1000:"gw"
| Integrator: 1 chains, 1 channels, 2 dimensions
| Integrator: 1000 initial calls, 20 bins, stratified = T
| Integrator: VAMP
|=============================================================================|
| It      Calls  Integral[fb]  Error[fb]   Err[%]    Acc  Eff[%]   Chi2 N[It] |
|=============================================================================|
   1        800     1.433E+02   1.42E-01    0.10    0.03    46.1
|-----------------------------------------------------------------------------|
   1        800     1.433E+02   1.42E-01    0.10    0.03    46.1
|=============================================================================|
n_events = 1
| Starting simulation for process 'openloops_3_p3'
| One-Loop-Provider: Using OpenLoops
| Loading library: [...]
| One-Loop-Provider: Using OpenLoops
| Loading library: [...]
| Simulate: using integration grids from file 'openloops_3_p3_m3.vg'
| Simuate: activating fixed-order NLO events
| QCD alpha: using a running strong coupling
| RNG: Initializing TAO random-number generator
| RNG: Setting seed for random-number generator to 4445
| Events: writing to ASCII file 'openloops_3_p3.debug'
| Events: generating 1 weighted, unpolarized events ...
| Events: event normalization mode 'sigma'
|         ... event sample complete.
| Events: closing ASCII file 'openloops_3_p3.debug'
| There were no errors and    3 warning(s).
| WHIZARD run finished.
|=============================================================================|
========================================================================
 Event
------------------------------------------------------------------------
   Unweighted         = F
   Normalization      = 'sigma'
   Helicity handling  = drop
   Keep correlations  = F
------------------------------------------------------------------------
   Squared matrix el. (ref) =  2.3899220E-02
   Squared matrix el. (prc) =  2.3899220E-02
   Event weight (ref)       =  5.3402373E+02
   Event weight (prc)       =  5.3402373E+02
------------------------------------------------------------------------
   Selected MCI group = 1
   Selected term      = 1
   Selected channel   = 1
------------------------------------------------------------------------
   Passed selection   = T
   Reweighting factor =  1.0000000E+00
   Analysis flag      = T
========================================================================
 Event transform: trivial (hard process)
------------------------------------------------------------------------
   Associated process: 'openloops_3_p1'
   TAO random-number generator:
     seed  = 145620994
     calls = 3
   Number of tries = 1
------------------------------------------------------------------------
 Particle set:
------------------------------------------------------------------------
 Particle 1 [i] f(-11)
 E =   2.500000E+02
 P =   0.000000E+00  0.000000E+00  2.500000E+02
 T =   2.611179340E-07
 Children: 3 4
 Particle 2 [i] f(11)
 E =   2.500000E+02
 P =   0.000000E+00  0.000000E+00 -2.500000E+02
 T =   2.611179340E-07
 Children: 3 4
 Particle 3 [o] f(6)c(1 )
 E =   2.500000E+02
 P =  -8.866348E+01 -1.557406E+02 -1.963155E+01
 T =   2.999824000E+04
 Parents:  1 2
 Particle 4 [o] f(-6)c(-1 )
 E =   2.500000E+02
 P =   8.866348E+01  1.557406E+02  1.963155E+01
 T =   2.999824000E+04
 Parents:  1 2
========================================================================
========================================================================
 Local variables:
------------------------------------------------------------------------
sqrts* =  5.0000000E+02
sqrts_hat* =>  5.0000000E+02
n_in* => 2
n_out* => 2
n_tot* => 4
$process_id* => "openloops_3_p1"
process_num_id* => [unknown integer]
sqme* =>  2.3899220E-02
sqme_ref* =>  2.3899220E-02
event_index* => 1
event_weight* =>  5.3402373E+02
event_weight_ref* =>  5.3402373E+02
event_excess* =>  0.0000000E+00
------------------------------------------------------------------------
 subevent:
 1 prt(i:-11|-2.5000000E+02; 0.0000000E+00, 0.0000000E+00,-2.5000000E+02| 2.6111793E-07| 1)
 2 prt(i:11|-2.5000000E+02; 0.0000000E+00, 0.0000000E+00, 2.5000000E+02| 2.6111793E-07| 2)
 3 prt(o:6| 2.5000000E+02;-8.8663478E+01,-1.5574065E+02,-1.9631554E+01| 2.9998240E+04| 3)
 4 prt(o:-6| 2.5000000E+02; 8.8663478E+01, 1.5574065E+02, 1.9631554E+01| 2.9998240E+04| 4)
========================================================================
========================================================================
 Event
------------------------------------------------------------------------
   Unweighted         = F
   Normalization      = 'sigma'
   Helicity handling  = drop
   Keep correlations  = F
------------------------------------------------------------------------
   Squared matrix el. (ref) = -6.1951290E-03
   Squared matrix el. (prc) = -2.2236817E-02
   Event weight (ref)       = -1.3842903E+02
   Event weight (prc)       = -4.9687763E+02
------------------------------------------------------------------------
   Selected MCI group = 2
   Selected term      = 4
   Selected channel   = 1
------------------------------------------------------------------------
   Passed selection   = T
   Reweighting factor =  1.0000000E+00
   Analysis flag      = T
========================================================================
 Event transform: trivial (hard process)
------------------------------------------------------------------------
   Associated process: 'openloops_3_p2'
   TAO random-number generator:
     seed  = 218431492
     calls = 9
   Number of tries = 1
------------------------------------------------------------------------
 Particle set:
------------------------------------------------------------------------
 Particle 1 [i] f(-11)
 E =   2.500000E+02
 P =   0.000000E+00  0.000000E+00  2.500000E+02
 T =   2.611179340E-07
 Children: 3 4
 Particle 2 [i] f(11)
 E =   2.500000E+02
 P =   0.000000E+00  0.000000E+00 -2.500000E+02
 T =   2.611179340E-07
 Children: 3 4
 Particle 3 [o] f(6)c(1 )
 E =   2.500000E+02
 P =   1.105312E+01 -4.433896E+01 -1.743951E+02
 T =   2.999824000E+04
 Parents:  1 2
 Particle 4 [o] f(-6)c(-1 )
 E =   2.500000E+02
 P =  -1.105312E+01  4.433896E+01  1.743951E+02
 T =   2.999824000E+04
 Parents:  1 2
========================================================================
========================================================================
 Local variables:
------------------------------------------------------------------------
sqrts* =  5.0000000E+02
sqrts_hat* =>  5.0000000E+02
n_in* => 2
n_out* => 2
n_tot* => 4
$process_id* => "openloops_3_p2"
process_num_id* => [unknown integer]
sqme* => -2.2236817E-02
sqme_ref* => -6.1951290E-03
event_index* => 1
event_weight* => -4.9687763E+02
event_weight_ref* => -1.3842903E+02
event_excess* =>  0.0000000E+00
------------------------------------------------------------------------
 subevent:
 1 prt(i:-11|-2.5000000E+02; 0.0000000E+00, 0.0000000E+00,-2.5000000E+02| 2.6111793E-07| 1)
 2 prt(i:11|-2.5000000E+02; 0.0000000E+00, 0.0000000E+00, 2.5000000E+02| 2.6111793E-07| 2)
 3 prt(o:6| 2.5000000E+02; 1.1053117E+01,-4.4338958E+01,-1.7439508E+02| 2.9998240E+04| 3)
 4 prt(o:-6| 2.5000000E+02;-1.1053117E+01, 4.4338958E+01, 1.7439508E+02| 2.9998240E+04| 4)
========================================================================
========================================================================
 Event
------------------------------------------------------------------------
   Unweighted         = F
   Normalization      = 'sigma'
   Helicity handling  = drop
   Keep correlations  = F
------------------------------------------------------------------------
   Squared matrix el. (ref) = -6.1951290E-03
   Squared matrix el. (prc) =  1.8604393E-03
   Event weight (ref)       = -1.3842903E+02
   Event weight (prc)       =  4.1571178E+01
------------------------------------------------------------------------
   Selected MCI group = 2
   Selected term      = 4
   Selected channel   = 1
------------------------------------------------------------------------
   Passed selection   = T
   Reweighting factor =  1.0000000E+00
   Analysis flag      = T
========================================================================
 Event transform: trivial (hard process)
------------------------------------------------------------------------
   Associated process: 'openloops_3_p2'
   TAO random-number generator:
     seed  = 218431492
     calls = 9
   Number of tries = 1
------------------------------------------------------------------------
 Particle set:
------------------------------------------------------------------------
 Particle 1 [i] f(-11)
 E =   2.500000E+02
 P =   0.000000E+00  0.000000E+00  2.500000E+02
 T =   2.611179340E-07
 Children: 3 4
 Particle 2 [i] f(11)
 E =   2.500000E+02
 P =   0.000000E+00  0.000000E+00 -2.500000E+02
 T =   2.611179340E-07
 Children: 3 4
 Particle 3 [o] f(6)c(1 )
 E =   2.500000E+02
 P =   1.105312E+01 -4.433896E+01 -1.743951E+02
 T =   2.999824000E+04
 Parents:  1 2
 Particle 4 [o] f(-6)c(-1 )
 E =   2.500000E+02
 P =  -1.105312E+01  4.433896E+01  1.743951E+02
 T =   2.999824000E+04
 Parents:  1 2
========================================================================
========================================================================
 Local variables:
------------------------------------------------------------------------
sqrts* =  5.0000000E+02
sqrts_hat* =>  5.0000000E+02
n_in* => 2
n_out* => 3
n_tot* => 5
$process_id* => "openloops_3_p2"
process_num_id* => [unknown integer]
sqme* =>  1.8604393E-03
sqme_ref* => -6.1951290E-03
event_index* => 1
event_weight* =>  4.1571178E+01
event_weight_ref* => -1.3842903E+02
event_excess* =>  0.0000000E+00
------------------------------------------------------------------------
 subevent:
 1 prt(i:-11|-2.5000000E+02; 0.0000000E+00, 0.0000000E+00,-2.5000000E+02| 2.6111793E-07| 1)
 2 prt(i:11|-2.5000000E+02; 0.0000000E+00, 0.0000000E+00, 2.5000000E+02| 2.6111793E-07| 2)
 3 prt(o:6| 2.3798283E+02; 1.3835460E+01,-6.4990210E+01,-1.4907193E+02| 2.9998240E+04| 3)
 4 prt(o:-6| 2.0626410E+02;-6.8674429E+00, 2.7548361E+01, 1.0835389E+02| 2.9998240E+04| 4)
 5 prt(o:21| 5.5753063E+01;-6.9680174E+00, 3.7441849E+01, 4.0718040E+01| 0.0000000E+00| 5)
========================================================================
========================================================================
 Event
------------------------------------------------------------------------
   Unweighted         = F
   Normalization      = 'sigma'
   Helicity handling  = drop
   Keep correlations  = F
------------------------------------------------------------------------
   Squared matrix el. (ref) = -6.1951290E-03
   Squared matrix el. (prc) =  1.7909907E-03
   Event weight (ref)       = -1.3842903E+02
   Event weight (prc)       =  4.0019361E+01
------------------------------------------------------------------------
   Selected MCI group = 2
   Selected term      = 4
   Selected channel   = 1
------------------------------------------------------------------------
   Passed selection   = T
   Reweighting factor =  1.0000000E+00
   Analysis flag      = T
========================================================================
 Event transform: trivial (hard process)
------------------------------------------------------------------------
   Associated process: 'openloops_3_p2'
   TAO random-number generator:
     seed  = 218431492
     calls = 9
   Number of tries = 1
------------------------------------------------------------------------
 Particle set:
------------------------------------------------------------------------
 Particle 1 [i] f(-11)
 E =   2.500000E+02
 P =   0.000000E+00  0.000000E+00  2.500000E+02
 T =   2.611179340E-07
 Children: 3 4
 Particle 2 [i] f(11)
 E =   2.500000E+02
 P =   0.000000E+00  0.000000E+00 -2.500000E+02
 T =   2.611179340E-07
 Children: 3 4
 Particle 3 [o] f(6)c(1 )
 E =   2.500000E+02
 P =   1.105312E+01 -4.433896E+01 -1.743951E+02
 T =   2.999824000E+04
 Parents:  1 2
 Particle 4 [o] f(-6)c(-1 )
 E =   2.500000E+02
 P =  -1.105312E+01  4.433896E+01  1.743951E+02
 T =   2.999824000E+04
 Parents:  1 2
========================================================================
========================================================================
 Local variables:
------------------------------------------------------------------------
sqrts* =  5.0000000E+02
sqrts_hat* =>  5.0000000E+02
n_in* => 2
n_out* => 3
n_tot* => 5
$process_id* => "openloops_3_p2"
process_num_id* => [unknown integer]
sqme* =>  1.7909907E-03
sqme_ref* => -6.1951290E-03
event_index* => 1
event_weight* =>  4.0019361E+01
event_weight_ref* => -1.3842903E+02
event_excess* =>  0.0000000E+00
------------------------------------------------------------------------
 subevent:
 1 prt(i:-11|-2.5000000E+02; 0.0000000E+00, 0.0000000E+00,-2.5000000E+02| 2.6111793E-07| 1)
 2 prt(i:11|-2.5000000E+02; 0.0000000E+00, 0.0000000E+00, 2.5000000E+02| 2.6111793E-07| 2)
 3 prt(o:6| 2.0626410E+02; 6.8674429E+00,-2.7548361E+01,-1.0835389E+02| 2.9998240E+04| 3)
 4 prt(o:-6| 2.3798283E+02;-1.4561021E+00, 1.5331111E+01, 1.6248208E+02| 2.9998240E+04| 4)
 5 prt(o:21| 5.5753063E+01;-5.4113408E+00, 1.2217250E+01,-5.4128184E+01| 0.0000000E+00| 5)
========================================================================
========================================================================
 Event
------------------------------------------------------------------------
   Unweighted         = F
   Normalization      = 'sigma'
   Helicity handling  = drop
   Keep correlations  = F
------------------------------------------------------------------------
   Squared matrix el. (ref) =  1.2960474E-02
   Squared matrix el. (prc) =  1.2960474E-02
   Event weight (ref)       =  2.8959945E+02
   Event weight (prc)       =  2.8959945E+02
------------------------------------------------------------------------
   Selected MCI group = 3
   Selected term      = 5
   Selected channel   = 1
------------------------------------------------------------------------
   Passed selection   = T
   Reweighting factor =  1.0000000E+00
   Analysis flag      = T
========================================================================
 Event transform: trivial (hard process)
------------------------------------------------------------------------
   Associated process: 'openloops_3_p3'
   TAO random-number generator:
     seed  = 291241988
     calls = 3
   Number of tries = 1
------------------------------------------------------------------------
 Particle set:
------------------------------------------------------------------------
 Particle 1 [i] f(-11)
 E =   2.500000E+02
 P =   0.000000E+00  0.000000E+00  2.500000E+02
 T =   2.611179340E-07
 Children: 3 4
 Particle 2 [i] f(11)
 E =   2.500000E+02
 P =   0.000000E+00  0.000000E+00 -2.500000E+02
 T =   2.611179340E-07
 Children: 3 4
 Particle 3 [o] f(6)
 E =   2.500000E+02
 P =   3.257737E+01 -6.782911E+01 -1.638282E+02
 T =   2.999824000E+04
 Parents:  1 2
 Particle 4 [o] f(-6)
 E =   2.500000E+02
 P =  -3.257737E+01  6.782911E+01  1.638282E+02
 T =   2.999824000E+04
 Parents:  1 2
========================================================================
========================================================================
 Local variables:
------------------------------------------------------------------------
sqrts* =  5.0000000E+02
sqrts_hat* =>  5.0000000E+02
n_in* => 2
n_out* => 2
n_tot* => 4
$process_id* => "openloops_3_p3"
process_num_id* => [unknown integer]
sqme* =>  1.2960474E-02
sqme_ref* =>  1.2960474E-02
event_index* => 1
event_weight* =>  2.8959945E+02
event_weight_ref* =>  2.8959945E+02
event_excess* =>  0.0000000E+00
------------------------------------------------------------------------
 subevent:
 1 prt(i:-11|-2.5000000E+02; 0.0000000E+00, 0.0000000E+00,-2.5000000E+02| 2.6111793E-07| 1)
 2 prt(i:11|-2.5000000E+02; 0.0000000E+00, 0.0000000E+00, 2.5000000E+02| 2.6111793E-07| 2)
 3 prt(o:6| 2.5000000E+02; 3.2577367E+01,-6.7829107E+01,-1.6382823E+02| 2.9998240E+04| 3)
 4 prt(o:-6| 2.5000000E+02;-3.2577367E+01, 6.7829107E+01, 1.6382823E+02| 2.9998240E+04| 4)
========================================================================
