?openmp_logging = false
?vis_history = false
?integration_timer = false
openmp_num_threads = 1
?pacify = true
seed = 0
SM.wtop =>  0.0000000E+00
SM.mtop =>  1.7500000E+02
?use_vamp_equivalences = false
$loop_me_method = "dummy"
?alpha_s_is_fixed = false
?alpha_s_from_mz = true
alpha_power = 2
alphas_power = 0
?combined_nlo_integration = true
?powheg_matching = true
powheg_grid_size_xi = 5
powheg_grid_size_y = 5
powheg_grid_sampling_points = 1000
powheg_pt_min =  1.0000000E+00
?powheg_use_singular_jacobian = false
| Process library 'powheg_1_lib': recorded process 'powheg_1_p1'
sqrts =  5.0000000E+02
| Integrate: current process library needs compilation
| Process library 'powheg_1_lib': compiling ...
| Process library 'powheg_1_lib': writing makefile
| Process library 'powheg_1_lib': removing old files
| Process library 'powheg_1_lib': writing driver
| Process library 'powheg_1_lib': creating source code
| Process library 'powheg_1_lib': compiling sources
| Process library 'powheg_1_lib': linking
| Process library 'powheg_1_lib': loading
| Process library 'powheg_1_lib': ... success.
| Integrate: compilation done
| QCD alpha: using a running strong coupling
| RNG: Initializing TAO random-number generator
| RNG: Setting seed for random-number generator to 0
| Initializing integration for process powheg_1_p1:
| ------------------------------------------------------------------------
| Process [scattering]: 'powheg_1_p1'
|   Library name  = 'powheg_1_lib'
|   Process index = 1
|   Process components:
|     1: 'powheg_1_p1_i1':   e+, e- => t, tbar [omega]
|     2: 'powheg_1_p1_i2':   e+, e- => t, tbar, gl [omega], [Real]
|     3: 'powheg_1_p1_i3':   e+, e- => t, tbar [dummy], [Virtual]
|     4: 'powheg_1_p1_i4':   e+, e- => t, tbar [inactive], [Subtraction]
| ------------------------------------------------------------------------
| Beam structure: [any particles]
| Beam data (collision):
|   e+  (mass = 5.1099700E-04 GeV)
|   e-  (mass = 5.1099700E-04 GeV)
|   sqrts = 5.000000000000E+02 GeV
| Phase space: generating configuration ...
| Phase space: ... success.
| Phase space: writing configuration file 'powheg_1_p1_i1.phs'
| Phase space: 1 channels, 2 dimensions
| Phase space: found 1 channel, collected in 1 grove.
| Phase space: no equivalences between channels used.
| Phase space: wood
| Phase space: 1 channels, 5 dimensions
| Phase space: found 1 channel, collected in 1 grove.
| Phase space: no equivalences between channels used.
| Phase space: wood
| Phase space: generating configuration ...
| Phase space: ... success.
| Phase space: writing configuration file 'powheg_1_p1_i3.phs'
| Phase space: 1 channels, 2 dimensions
| Phase space: found 1 channel, collected in 1 grove.
| Phase space: no equivalences between channels used.
| Phase space: wood
| Phase space: generating configuration ...
| Phase space: ... success.
| Phase space: writing configuration file 'powheg_1_p1_i4.phs'
| Phase space: 1 channels, 2 dimensions
| Phase space: found 1 channel, collected in 1 grove.
| Phase space: no equivalences between channels used.
| Phase space: wood
Warning: No cuts have been defined.
| Using user-defined general scale.
| Starting integration for process 'powheg_1_p1'
| Integrate: iterations = 1:30000:"gw"
| Integrator: 1 chains, 1 channels, 5 dimensions
| Integrator: 30000 initial calls, 20 bins, stratified = T
| Integrator: VAMP
|=============================================================================|
| It      Calls  Integral[fb]  Error[fb]   Err[%]    Acc  Eff[%]   Chi2 N[It] |
|=============================================================================|
   1      30000     4.772E+02   1.27E+00    0.27    0.46    42.2
|-----------------------------------------------------------------------------|
   1      30000     4.772E+02   1.27E+00    0.27    0.46    42.2
|=============================================================================|
n_events = 1
?debug_decay = false
?debug_process = false
?debug_verbose = false
?sample_pacify = true
?write_raw = false
| Starting simulation for process 'powheg_1_p1'
| Simulate: using integration grids from file 'powheg_1_p1_m1.vg'
| Simulate: activating parton shower
| Shower: Using WHIZARD internal shower
| Simulate: applying POWHEG matching
| QCD alpha: using a running strong coupling
| RNG: Initializing TAO random-number generator
| RNG: Setting seed for random-number generator to 1
| Simulation: requested number of events = 1
|             corr. to luminosity [fb-1] =   2.0955E-03
| Events: writing to ASCII file 'powheg_1_p1.debug'
| Events: generating 1 unweighted, unpolarized events ...
| Events: event normalization mode '1'
| POWHEG: Generating grid for process 'powheg_1_p1'
| Number of xi-points:          5
| Number of y-points:          5
| Using       1000 sampling points
| Average:      40.00 points per cell
| Progress:
|  10.0%
|  20.0%
|  30.0%
|  40.0%
|  50.0%
|  60.0%
|  70.0%
|  80.0%
|  90.0%
| 100.0%
| Grid: Mean value of the grid:  2.258014350E-02
| Grid: Max value of the grid:  5.376466097E-02
| Grid: Mean/Max value of the grid:  4.199811380E-01
|         ... event sample complete.
| Events: actual unweighting efficiency =   0.10 %
| Events: closing ASCII file 'powheg_1_p1.debug'
n_events = 2
| Starting simulation for process 'powheg_1_p1'
| Simulate: using integration grids from file 'powheg_1_p1_m1.vg'
| Simulate: activating parton shower
| Shower: Using WHIZARD internal shower
| Simulate: applying POWHEG matching
| QCD alpha: using a running strong coupling
| RNG: Initializing TAO random-number generator
| RNG: Setting seed for random-number generator to 2
| Simulation: requested number of events = 2
|             corr. to luminosity [fb-1] =   4.1910E-03
| Events: writing to ASCII file 'powheg_1_p1.debug'
| Events: generating 2 unweighted, unpolarized events ...
| Events: event normalization mode '1'
| POWHEG: using grids from file 'powheg_1_p1_1000_powheg_grids.dat'
| Grid: Mean value of the grid:  2.258014350E-02
| Grid: Max value of the grid:  5.376466097E-02
| Grid: Mean/Max value of the grid:  4.199811380E-01
|         ... event sample complete.
| Events: actual unweighting efficiency =  33.33 %
| Events: closing ASCII file 'powheg_1_p1.debug'
| There were no errors and    1 warning(s).
| WHIZARD run finished.
|=============================================================================|
Contents of powheg_1_p1.debug:
========================================================================
 Event
------------------------------------------------------------------------
   Unweighted         = T
   Normalization      = '1'
   Helicity handling  = drop
   Keep correlations  = F
------------------------------------------------------------------------
   Squared matrix el. =  2.7055874E-02
   Event weight       =  1.0000000E+00
------------------------------------------------------------------------
   Selected MCI group = 1
   Selected term      = 1
   Selected channel   = 1
------------------------------------------------------------------------
   Passed selection   = T
   Reweighting factor =  1.0000000E+00
   Analysis flag      = T
========================================================================
 Event transform: trivial (hard process)
------------------------------------------------------------------------
   Associated process: 'powheg_1_p1'
   TAO random-number generator:
     seed  = 7
     calls = 3
   Number of tries = 1
------------------------------------------------------------------------
 Particle set:
------------------------------------------------------------------------
 Particle 1 [i] f(-11)
 E =   2.500000E+02
 P =   0.000000E+00  0.000000E+00  2.500000E+02
 T =   2.611179340E-07
 Children: 3 4
 Particle 2 [i] f(11)
 E =   2.500000E+02
 P =   0.000000E+00  0.000000E+00 -2.500000E+02
 T =   2.611179340E-07
 Children: 3 4
 Particle 3 [o] f(6)c(1 )
 E =   2.500000E+02
 P =  -1.689608E+02 -3.335969E+01 -4.705732E+01
 T =   3.062500000E+04
 Parents:  1 2
 Particle 4 [o] f(-6)c(-1 )
 E =   2.500000E+02
 P =   1.689608E+02  3.335969E+01  4.705732E+01
 T =   3.062500000E+04
 Parents:  1 2
========================================================================
========================================================================
 Event transform: shower
------------------------------------------------------------------------
   Associated process: 'powheg_1_p1'
   TAO random-number generator:
     seed  = 8
     calls = 1
   Number of tries = 1
 Particle set:
------------------------------------------------------------------------
  Nr Status  Flavor  Col ACol              Parents             Children         P(0)         P(1)         P(2)         P(3)          P^2
   1    [i]      e+    0    0               [none]                  3-4      250.000        0.000        0.000      250.000        0.000
   2    [i]      e-    0    0               [none]                  3-4      250.000        0.000        0.000     -250.000        0.000
   3    [o]       t    1    0                  1-2               [none]      250.000     -168.961      -33.360      -47.057    30625.000
   4    [o]    tbar    0    1                  1-2               [none]      250.000      168.961       33.360       47.057    30625.000
------------------------------------------------------------------------
Sum of incoming momenta: p(0:3) =          500.000        0.000        0.000        0.000 
Sum of beam remnant momenta: p(0:3) =        0.000        0.000        0.000        0.000 
Sum of outgoing momenta: p(0:3) =          500.000        0.000        0.000        0.000 
------------------------------------------------------------------------
 Shower settings:
------------------------------------------------------------------------
 Master switches:
   ps_isr_active                =  F
   ps_fsr_active                =  F
   muli_active                  =  F
 General settings:
    [ISR and FSR off]
 Hadronization settings:
   hadronization_active         =  F
 Matching Settings:
   mlm_matching                 =  F
   ckkw_matching                =  F
 PYTHIA6 specific settings:
   ps_PYTHIA_PYGIVE             = ''
========================================================================
 Local variables:
------------------------------------------------------------------------
sqrts* =  5.0000000E+02
sqrts_hat* =>  5.0000000E+02
n_in* => 2
n_out* => 2
n_tot* => 4
$process_id* => "powheg_1_p1"
process_num_id* => [unknown integer]
sqme* =>  2.7055874E-02
sqme_ref* =>  2.7055874E-02
event_index* => 1
event_weight* =>  1.0000000E+00
event_weight_ref* =>  1.0000000E+00
event_excess* =>  0.0000000E+00
------------------------------------------------------------------------
 subevent:
 1 prt(i:-11|-2.5000000E+02; 0.0000000E+00, 0.0000000E+00,-2.5000000E+02| 2.6111793E-07| 1)
 2 prt(i:11|-2.5000000E+02; 0.0000000E+00, 0.0000000E+00, 2.5000000E+02| 2.6111793E-07| 2)
 3 prt(o:6| 2.5000000E+02;-1.6896076E+02,-3.3359687E+01,-4.7057320E+01| 3.0625000E+04| 3)
 4 prt(o:-6| 2.5000000E+02; 1.6896076E+02, 3.3359687E+01, 4.7057320E+01| 3.0625000E+04| 4)
========================================================================
========================================================================
 Event
------------------------------------------------------------------------
   Unweighted         = T
   Normalization      = '1'
   Helicity handling  = drop
   Keep correlations  = F
------------------------------------------------------------------------
   Squared matrix el. =  3.9936639E-02
   Event weight       =  1.0000000E+00
------------------------------------------------------------------------
   Selected MCI group = 1
   Selected term      = 1
   Selected channel   = 1
------------------------------------------------------------------------
   Passed selection   = T
   Reweighting factor =  1.0000000E+00
   Analysis flag      = T
========================================================================
 Event transform: trivial (hard process)
------------------------------------------------------------------------
   Associated process: 'powheg_1_p1'
   TAO random-number generator:
     seed  = 7
     calls = 6
   Number of tries = 1
------------------------------------------------------------------------
 Particle set:
------------------------------------------------------------------------
 Particle 1 [i] f(-11)
 E =   2.500000E+02
 P =   0.000000E+00  0.000000E+00  2.500000E+02
 T =   2.611179340E-07
 Children: 3 4
 Particle 2 [i] f(11)
 E =   2.500000E+02
 P =   0.000000E+00  0.000000E+00 -2.500000E+02
 T =   2.611179340E-07
 Children: 3 4
 Particle 3 [o] f(6)c(1 )
 E =   2.500000E+02
 P =   1.511700E+02 -6.065027E+01  7.310397E+01
 T =   3.062500000E+04
 Parents:  1 2
 Particle 4 [o] f(-6)c(-1 )
 E =   2.500000E+02
 P =  -1.511700E+02  6.065027E+01 -7.310397E+01
 T =   3.062500000E+04
 Parents:  1 2
========================================================================
========================================================================
 Event transform: shower
------------------------------------------------------------------------
   Associated process: 'powheg_1_p1'
   TAO random-number generator:
     seed  = 8
     calls = 2
   Number of tries = 1
 Particle set:
------------------------------------------------------------------------
  Nr Status  Flavor  Col ACol              Parents             Children         P(0)         P(1)         P(2)         P(3)          P^2
   1    [i]      e+    0    0               [none]                  3-4      250.000        0.000        0.000      250.000        0.000
   2    [i]      e-    0    0               [none]                  3-4      250.000        0.000        0.000     -250.000        0.000
   3    [v]       t    1    0                  1-2                  5-7      250.000      151.170      -60.650       73.104    30625.000
   4    [v]    tbar    0    1                  1-2                  5-7      250.000     -151.170       60.650      -73.104    30625.000
   5    [o]       t    1    0                  3-4               [none]      253.820      155.667      -62.454       75.278    30625.000
   6    [o]    tbar    0    2                  3-4               [none]      176.896     -148.278       -3.112      -96.416    30625.000
   7    [o]      gl    2    1                  3-4               [none]       69.284       -7.388       65.566       21.138        0.000
------------------------------------------------------------------------
Sum of incoming momenta: p(0:3) =          500.000        0.000        0.000        0.000 
Sum of beam remnant momenta: p(0:3) =        0.000        0.000        0.000        0.000 
Sum of outgoing momenta: p(0:3) =          500.000        0.000        0.000        0.000 
------------------------------------------------------------------------
 Shower settings:
------------------------------------------------------------------------
 Master switches:
   ps_isr_active                =  F
   ps_fsr_active                =  F
   muli_active                  =  F
 General settings:
    [ISR and FSR off]
 Hadronization settings:
   hadronization_active         =  F
 Matching Settings:
   mlm_matching                 =  F
   ckkw_matching                =  F
 PYTHIA6 specific settings:
   ps_PYTHIA_PYGIVE             = ''
========================================================================
 Local variables:
------------------------------------------------------------------------
sqrts* =  5.0000000E+02
sqrts_hat* =>  5.0000000E+02
n_in* => 2
n_out* => 3
n_tot* => 5
$process_id* => "powheg_1_p1"
process_num_id* => [unknown integer]
sqme* =>  3.9936639E-02
sqme_ref* =>  3.9936639E-02
event_index* => 2
event_weight* =>  1.0000000E+00
event_weight_ref* =>  1.0000000E+00
event_excess* =>  0.0000000E+00
------------------------------------------------------------------------
 subevent:
 1 prt(i:-11|-2.5000000E+02; 0.0000000E+00, 0.0000000E+00,-2.5000000E+02| 2.6111793E-07| 1)
 2 prt(i:11|-2.5000000E+02; 0.0000000E+00, 0.0000000E+00, 2.5000000E+02| 2.6111793E-07| 2)
 3 prt(o:6| 2.5381972E+02; 1.5566651E+02,-6.2454316E+01, 7.5278455E+01| 3.0625000E+04| 3)
 4 prt(o:-6| 1.7689592E+02;-1.4827801E+02,-3.1118431E+00,-9.6416362E+01| 3.0625000E+04| 4)
 5 prt(o:21| 6.9284358E+01;-7.3884980E+00, 6.5566159E+01, 2.1137908E+01| 0.0000000E+00| 5)
========================================================================
Contents of powheg_1_p1_1000_powheg_grids.dat:
           3
           5            5            2 
 5.368510440E-02  4.064603631E-02  3.661617629E-02  2.912205661E-02  2.100006471E-02  5.338672999E-02  4.507390612E-02  3.681136131E-02  3.251850067E-02  1.882049275E-02  3.603158640E-02  3.056591699E-02  2.406660634E-02  2.095159965E-02  1.555789780E-02  1.657492738E-02  1.490037436E-02  1.032728728E-02  7.638934919E-03  5.429971219E-03  3.948815639E-03  3.077155017E-03  2.843879001E-03  2.154680933E-03  1.078360916E-03  5.371416410E-02  3.994023725E-02  3.546237121E-02  2.639819352E-02  2.008586405E-02  5.376466097E-02  4.459987344E-02  3.803602942E-02  3.049931766E-02  2.544024065E-02  3.664634631E-02  3.202341461E-02  2.557382173E-02  2.108277700E-02  1.410011609E-02  1.612897457E-02  1.310471602E-02  1.022504243E-02  1.000379162E-02  6.890462883E-03  3.905598753E-03  3.405277957E-03  2.539921632E-03  1.584553592E-03  1.022984410E-03 
