?openmp_logging = false
?vis_history = false
?integration_timer = false
?pacify = true
openmp_num_threads = 1
SM.mb =>  4.2000000E+00
SM.mmu =>  5.0000000E+00
?use_vamp_equivalences = false
?alpha_s_is_fixed = false
?alpha_s_from_mz = true
$fks_mapping_type = "resonances"
| Process library 'fks_res_2_lib': recorded process 'fks_res_2_p1'
seed = 2222
sqrts =  5.0000000E+02
| Integrate: current process library needs compilation
| Process library 'fks_res_2_lib': compiling ...
| Process library 'fks_res_2_lib': writing makefile
| Process library 'fks_res_2_lib': removing old files
| Process library 'fks_res_2_lib': writing driver
| Process library 'fks_res_2_lib': creating source code
| Process library 'fks_res_2_lib': compiling sources
| Process library 'fks_res_2_lib': linking
| Process library 'fks_res_2_lib': loading
| Process library 'fks_res_2_lib': ... success.
| Integrate: compilation done
| QCD alpha: using a running strong coupling
| RNG: Initializing TAO random-number generator
| RNG: Setting seed for random-number generator to 2222
| Initializing integration for process fks_res_2_p1:
| ------------------------------------------------------------------------
| Process [scattering]: 'fks_res_2_p1'
|   Library name  = 'fks_res_2_lib'
|   Process index = 1
|   Process components:
|     1: 'fks_res_2_p1_i1':   e+, e- => b, bbar, mu-, mu+ [inactive]
|     2: 'fks_res_2_p1_i2':   e+, e- => b, bbar, mu-, mu+, gl [inactive], [Real]
|     3: 'fks_res_2_p1_i3':   e+, e- => b, bbar, mu-, mu+ [inactive], [Virtual]
|     4: 'fks_res_2_p1_i4':   e+, e- => b, bbar, mu-, mu+ [inactive], [Subtraction]
|     5: 'fks_res_2_p1_i5':   e+, e- => b, bbar, mu-, mu+ [omega], [Mismatch]
| ------------------------------------------------------------------------
| Beam structure: [any particles]
| Beam data (collision):
|   e+  (mass = 5.1099700E-04 GeV)
|   e-  (mass = 5.1099700E-04 GeV)
|   sqrts = 5.000000000000E+02 GeV
| Phase space: generating configuration ...
| Phase space: ... success.
| Phase space: writing configuration file 'fks_res_2_p1_i1.phs'
| Phase space: 54 channels, 8 dimensions
| Phase space: found 54 channels, collected in 12 groves.
| Phase space: no equivalences between channels used.
| Phase space: wood
| Phase space: 54 channels, 11 dimensions
| Phase space: found 54 channels, collected in 12 groves.
| Phase space: no equivalences between channels used.
| Phase space: wood
| Phase space: generating configuration ...
| Phase space: ... success.
| Phase space: writing configuration file 'fks_res_2_p1_i3.phs'
| Phase space: 54 channels, 8 dimensions
| Phase space: found 54 channels, collected in 12 groves.
| Phase space: no equivalences between channels used.
| Phase space: wood
| Phase space: 54 channels, 11 dimensions
| Phase space: found 54 channels, collected in 12 groves.
| Phase space: no equivalences between channels used.
| Phase space: wood
Warning: No cuts have been defined.
| Starting integration for process 'fks_res_2_p1' part 'Mismatch'
| Integrate: iterations = 2:10000:"gw"
| Integrator: 12 chains, 54 channels, 11 dimensions
| Integrator: 10000 initial calls, 20 bins, stratified = T
| Integrator: VAMP
|=============================================================================|
| It      Calls  Integral[fb]  Error[fb]   Err[%]    Acc  Eff[%]   Chi2 N[It] |
|=============================================================================|
   1       9990    -3.158E+00   1.51E-01    4.78    4.78     4.1
   2       9963    -3.419E+00   9.10E-02    2.66    2.66     4.2
|-----------------------------------------------------------------------------|
   2      19953    -3.349E+00   7.79E-02    2.33    3.29     4.2    2.18   2
|=============================================================================|
n_events = 1
?debug_decay = false
?debug_process = false
?debug_verbose = false
?sample_pacify = true
?write_raw = false
?fixed_order_nlo_events = true
?negative_weights = true
?unweighted = false
| Starting simulation for process 'fks_res_2_p1'
| Simulate: using integration grids from file 'fks_res_2_p1_m4.vg'
| Simuate: activating fixed-order NLO events
| QCD alpha: using a running strong coupling
| RNG: Initializing TAO random-number generator
| RNG: Setting seed for random-number generator to 2223
| Events: writing to LHEF file 'fks_res_2_p1.lhe'
| Events: generating 1 weighted, unpolarized events ...
| Events: event normalization mode 'sigma'
|         ... event sample complete.
| Events: closing LHEF file 'fks_res_2_p1.lhe'
| There were no errors and    1 warning(s).
| WHIZARD run finished.
|=============================================================================|
<LesHouchesEvents version="2.0">
<header>
</header>
<init>
 -11 11  2.5000000000E+02  2.5000000000E+02 -1 -1 -1 -1 -4 1
 -3.3493163941E-03  7.7937401571E-05  0.0000000000E+00 1
<generator version="2.3.1">WHIZARD</generator>
<xsecinfo neve="1" totxsec="-3.3493163941E-03" />
</init>
<event>
 6 1 -2.4422622969E+01  5.0000000000E+02 -1.0000000000E+00  9.4649135546E-02
 -11 -1 0 0 0 0  0.0000000000E+00  0.0000000000E+00  2.5000000000E+02  2.5000000000E+02  5.1099700000E-04  0.0000000000E+00  9.0000000000E+00
 11 -1 0 0 0 0  0.0000000000E+00  0.0000000000E+00 -2.5000000000E+02  2.5000000000E+02  5.1099700000E-04  0.0000000000E+00  9.0000000000E+00
 5 1 1 2 501 0  9.9026462770E+01  1.1096724933E+02  1.5668745630E+01  1.4960989387E+02  4.2000000000E+00  0.0000000000E+00  9.0000000000E+00
 -5 1 1 2 0 501  1.1164707654E+01  1.0303393420E+02 -3.2956022526E+01  1.0883189659E+02  4.2000000000E+00  0.0000000000E+00  9.0000000000E+00
 13 1 1 2 0 0 -5.1414046142E+01 -1.0007476176E+02  6.3164416364E+00  1.1279742690E+02  5.0000000000E+00  0.0000000000E+00  9.0000000000E+00
 -13 1 1 2 0 0 -5.8777124282E+01 -1.1392642178E+02  1.0970835260E+01  1.2876078264E+02  5.0000000000E+00  0.0000000000E+00  9.0000000000E+00
<weight name="sqme_prc">-7.7680542161E-08</weight>
</event>
</LesHouchesEvents>
