* Test output: dispatch_13
*   Purpose: configure event transform

* Partonic decays

========================================================================
 Event transform: partonic decays
========================================================================
------------------------------------------------------------------------
 Final-state decay tree: [not configured]
   Selected MCI    = [undefined]
   Selected term   = [undefined]
========================================================================
 Decay chain:
========================================================================
 Evaluator (correlated trace of the decay chain):
------------------------------------------------------------------------
 Interaction: [empty]
 Matrix-element multiplication
  Input interaction 1: [undefined]
  Input interaction 2: [undefined]
========================================================================

* Shower

========================================================================
 Event transform: shower
------------------------------------------------------------------------
------------------------------------------------------------------------
 Shower settings:
------------------------------------------------------------------------
 Master switches:
   ps_isr_active                =  F
   ps_fsr_active                =  F
   ps_tau_dec                   =  F
   muli_active                  =  F
   hadronization_active         =  F
 General settings:
    [ISR and FSR off]
 Matching Settings:
   mlm_matching                 =  F
   ckkw_matching                =  F
 PYTHIA6 specific settings:
   ps_PYTHIA_PYGIVE             = ''
========================================================================

* Test output end: dispatch_13
