* Test output: object_logical_9
*   Purpose: simple composite assignment

* Prepare repository

object repository ||abstract|| {
   M1: object logical ||abstract||
   M2: statement assignment ||abstract|| {
     LHS:
     RHS: <???>
   }
 }

* Prepare composite object with primer

object main ||abstract|| {
   M1: logical val ||constant|| = ???
   P1: val = true
 }

* Code

 c= 100  vt= 2  nv= 1  att= 0 0 0 1 0 1
     main
 c= 100  vt= 2  nv= 1  att= 1 1 0 0 0 0
     val
 c= 2  vt= 0  nv= 0
 c= 100  vt= 0  nv= 0  att= 2
 c= 3  vt= 2  nv= 1
     val
 c= 100  vt= 2  nv= 1  att= 1 1 0 0 0 0
     rhs
 c= 2  vt= 1  nv= 1
     T

* Reconstruct object

object main ||abstract|| {
   M1: logical val ||constant|| = ???
   P1: val = true
 }

* Cleanup

* Test output end: object_logical_9
