* Test output: object_integer_2
*   Purpose: assignments

* Create objects

integer v1 ||constant|| = 12
integer v2 ||constant|| = -177

integer ival1 = ???
integer ival2 = ???
integer ival3 = ???

* ival1 = v1

success = T

integer ival1 = 12
integer ival2 = ???
integer ival3 = ???

* ival2 = v2

success = T

integer ival1 = 12
integer ival2 = -177
integer ival3 = ???

* ival2 = ival1

success = T

integer ival1 = 12
integer ival2 = 12
integer ival3 = ???

* ival2 = ival3

success = T

integer ival1 = 12
integer ival2 = ???
integer ival3 = ???

* Cleanup

* Test output end: object_integer_2
