* Test output: object_base_8
*   Purpose: resolve reference by ID

* Create prototype

object tag ||abstract||

* Create main

object main ||abstract|| {
   M1: tag foo ||abstract||
   M2: *object foo ||reference||
 }

* Resolve reference

success = T

object main ||abstract|| {
   M1: tag foo ||abstract||
   M2: *tag foo ||abstract||
 }

* Cleanup

* Test output end: object_base_8
