* Test output: object_logical_6
*   Purpose: check logical operators

* Create expression prototype: and

logical and ||operator|binary|abstract||

* Create expressions

success = T
success = T
success = T
success = T
success = T
success = T
success = T

success = T
success = T

logical and ||operator|binary|constant|| {
   A1: logical true ||constant|| = true
   A2: logical true ||constant|| = true
 } = ???
logical and ||operator|binary|constant|| {
   A1: logical true ||constant|| = true
   A2: logical false ||constant|| = false
 } = ???
logical and ||operator|binary|constant|| {
   A1: logical false ||constant|| = false
   A2: logical true ||constant|| = true
 } = ???
logical and ||operator|binary|constant|| {
   A1: logical false ||constant|| = false
   A2: logical false ||constant|| = false
 } = ???
logical and ||operator|binary|constant|| {
   A1: logical undef ||constant|| = ???
   A2: logical true ||constant|| = true
 } = ???
logical and ||operator|binary|constant|| {
   A1: logical false ||constant|| = false
   A2: logical undef ||constant|| = ???
 } = ???
logical and ||operator|binary|constant|| {
   A1: logical undef ||constant|| = ???
   A2: logical undef ||constant|| = ???
 } = ???

logical and ||operator|binary|constant|| {
   A1: logical true ||constant|| = true
   A2: logical true ||constant|| = true
   A3: logical false ||constant|| = false
 } = ???
logical and ||operator|binary|constant|| {
   A1: logical true ||constant|| = true
   A2: logical true ||constant|| = true
   A3: logical true ||constant|| = true
   A4: logical true ||constant|| = true
 } = ???

true and true
true and false
false and true
false and false
??? and true
false and ???
??? and ???

true and true and false
true and true and true and true

* Evaluate

logical and ||operator|binary|constant|| {
   A1: logical true ||constant|| = true
   A2: logical true ||constant|| = true
 } = true
logical and ||operator|binary|constant|| {
   A1: logical true ||constant|| = true
   A2: logical false ||constant|| = false
 } = false
logical and ||operator|binary|constant|| {
   A1: logical false ||constant|| = false
   A2: logical true ||constant|| = true
 } = false
logical and ||operator|binary|constant|| {
   A1: logical false ||constant|| = false
   A2: logical false ||constant|| = false
 } = false
logical and ||operator|binary|constant|| {
   A1: logical undef ||constant|| = ???
   A2: logical true ||constant|| = true
 } = ???
logical and ||operator|binary|constant|| {
   A1: logical false ||constant|| = false
   A2: logical undef ||constant|| = ???
 } = ???
logical and ||operator|binary|constant|| {
   A1: logical undef ||constant|| = ???
   A2: logical undef ||constant|| = ???
 } = ???

logical and ||operator|binary|constant|| {
   A1: logical true ||constant|| = true
   A2: logical true ||constant|| = true
   A3: logical false ||constant|| = false
 } = false
logical and ||operator|binary|constant|| {
   A1: logical true ||constant|| = true
   A2: logical true ||constant|| = true
   A3: logical true ||constant|| = true
   A4: logical true ||constant|| = true
 } = true

true
false
false
false
???
???
???

false
true

* Cleanup

* Test output end: object_logical_6
