* Test output: prc_recola_1
* Purpose: Test interface to RECOLA and compare matrix elements with O'Mega

* RECOLA: Define process e+ e- -> mu+ mu- at leading order
* RECOLA: generate process
Use phase-space point:
     250.000        0.000        0.000      250.000
     250.000        0.000        0.000      250.000
     250.000        0.000        0.000      250.000
     250.000        0.000        0.000      250.000

------------------------------------------------------------------------

* RECOLA: Evaluate process
* RECOLA: Get squared amplitude
Result:         0.010
* End of test output: prc_recola_1
