* Test output: rng_stream_1
*   Purpose: initialize and call the RNGstream random-number generator

* Initialize generator (default seed)

 RNG Stream generator
 Current position = [
               1234.0,               1234.0,               1234.0,
               1234.0,               1234.0,               1234.0,
 ]
 Beginning substream = [
               1234.0,               1234.0,               1234.0,
               1234.0,               1234.0,               1234.0,
 ]
 Initial stream = [
               1234.0,               1234.0,               1234.0,
               1234.0,               1234.0,               1234.0,
 ]

* Get random number

x = 0.4125377

* Get random number pair

x = 0.9539145 0.5238221

 RNG Stream generator
 Current position = [
          731579368.0,          731579368.0,         1322640389.0,
         3254710825.0,          929515042.0,         3367808923.0,
 ]
 Beginning substream = [
               1234.0,               1234.0,               1234.0,
               1234.0,               1234.0,               1234.0,
 ]
 Initial stream = [
               1234.0,               1234.0,               1234.0,
               1234.0,               1234.0,               1234.0,
 ]

* Cleanup

* Test output end: rng_stream_1
