* Test output: ttv_formfactors_2
*   Purpose: Test flags

RESUMMED_SWITCHOFF_P0CONSTANT + NLO
MATCHED + FACTORIZATION
RESUMMED_P0DEPENDENT + NLO + FACTORIZATION
RESUMMED_P0CONSTANT + INTERFERENCE
EXPANDED_HARD_P0DEPENDENT
EXPANDED_HARD_P0CONSTANT
EXPANDED_SOFT_P0CONSTANT
EXPANDED_SOFT_SWITCHOFF_P0CONSTANT
RESUMMED_ANALYTIC_LL
EXPANDED_SOFT_HARD_P0CONSTANT
EXTRA_TREE
test projection of width
test boost of decay momenta

* Test output end: ttv_formfactors_2
